Archive member included to satisfy reference by file (symbol)

/usr/lib/gcc/arm-none-eabi/4.8/../../../arm-none-eabi/lib/armv7e-m/softfp/libm.a(lib_a-s_atan.o)
                              build/src/attitude.o (atan)
/usr/lib/gcc/arm-none-eabi/4.8/../../../arm-none-eabi/lib/armv7e-m/softfp/libm.a(lib_a-s_fabs.o)
                              /usr/lib/gcc/arm-none-eabi/4.8/../../../arm-none-eabi/lib/armv7e-m/softfp/libm.a(lib_a-s_atan.o) (fabs)
/usr/lib/gcc/arm-none-eabi/4.8/../../../arm-none-eabi/lib/armv7e-m/softfp/libm.a(lib_a-w_asin.o)
                              build/src/attitude.o (asin)
/usr/lib/gcc/arm-none-eabi/4.8/../../../arm-none-eabi/lib/armv7e-m/softfp/libm.a(lib_a-w_pow.o)
                              build/src/attitude.o (pow)
/usr/lib/gcc/arm-none-eabi/4.8/../../../arm-none-eabi/lib/armv7e-m/softfp/libm.a(lib_a-e_asin.o)
                              /usr/lib/gcc/arm-none-eabi/4.8/../../../arm-none-eabi/lib/armv7e-m/softfp/libm.a(lib_a-w_asin.o) (__ieee754_asin)
/usr/lib/gcc/arm-none-eabi/4.8/../../../arm-none-eabi/lib/armv7e-m/softfp/libm.a(lib_a-e_pow.o)
                              /usr/lib/gcc/arm-none-eabi/4.8/../../../arm-none-eabi/lib/armv7e-m/softfp/libm.a(lib_a-w_pow.o) (__ieee754_pow)
/usr/lib/gcc/arm-none-eabi/4.8/../../../arm-none-eabi/lib/armv7e-m/softfp/libm.a(lib_a-e_sqrt.o)
                              /usr/lib/gcc/arm-none-eabi/4.8/../../../arm-none-eabi/lib/armv7e-m/softfp/libm.a(lib_a-e_asin.o) (__ieee754_sqrt)
/usr/lib/gcc/arm-none-eabi/4.8/../../../arm-none-eabi/lib/armv7e-m/softfp/libm.a(lib_a-s_finite.o)
                              /usr/lib/gcc/arm-none-eabi/4.8/../../../arm-none-eabi/lib/armv7e-m/softfp/libm.a(lib_a-w_pow.o) (finite)
/usr/lib/gcc/arm-none-eabi/4.8/../../../arm-none-eabi/lib/armv7e-m/softfp/libm.a(lib_a-s_fpclassify.o)
                              /usr/lib/gcc/arm-none-eabi/4.8/../../../arm-none-eabi/lib/armv7e-m/softfp/libm.a(lib_a-w_asin.o) (__fpclassifyd)
/usr/lib/gcc/arm-none-eabi/4.8/../../../arm-none-eabi/lib/armv7e-m/softfp/libm.a(lib_a-s_lib_ver.o)
                              /usr/lib/gcc/arm-none-eabi/4.8/../../../arm-none-eabi/lib/armv7e-m/softfp/libm.a(lib_a-w_asin.o) (__fdlib_version)
/usr/lib/gcc/arm-none-eabi/4.8/../../../arm-none-eabi/lib/armv7e-m/softfp/libm.a(lib_a-s_matherr.o)
                              /usr/lib/gcc/arm-none-eabi/4.8/../../../arm-none-eabi/lib/armv7e-m/softfp/libm.a(lib_a-w_asin.o) (matherr)
/usr/lib/gcc/arm-none-eabi/4.8/../../../arm-none-eabi/lib/armv7e-m/softfp/libm.a(lib_a-s_nan.o)
                              /usr/lib/gcc/arm-none-eabi/4.8/../../../arm-none-eabi/lib/armv7e-m/softfp/libm.a(lib_a-w_asin.o) (nan)
/usr/lib/gcc/arm-none-eabi/4.8/../../../arm-none-eabi/lib/armv7e-m/softfp/libm.a(lib_a-s_rint.o)
                              /usr/lib/gcc/arm-none-eabi/4.8/../../../arm-none-eabi/lib/armv7e-m/softfp/libm.a(lib_a-w_pow.o) (rint)
/usr/lib/gcc/arm-none-eabi/4.8/../../../arm-none-eabi/lib/armv7e-m/softfp/libm.a(lib_a-s_scalbn.o)
                              /usr/lib/gcc/arm-none-eabi/4.8/../../../arm-none-eabi/lib/armv7e-m/softfp/libm.a(lib_a-e_pow.o) (scalbn)
/usr/lib/gcc/arm-none-eabi/4.8/../../../arm-none-eabi/lib/armv7e-m/softfp/libm.a(lib_a-s_copysign.o)
                              /usr/lib/gcc/arm-none-eabi/4.8/../../../arm-none-eabi/lib/armv7e-m/softfp/libm.a(lib_a-s_scalbn.o) (copysign)
/usr/lib/gcc/arm-none-eabi/4.8/../../../arm-none-eabi/lib/armv7e-m/softfp/libc.a(lib_a-errno.o)
                              /usr/lib/gcc/arm-none-eabi/4.8/../../../arm-none-eabi/lib/armv7e-m/softfp/libm.a(lib_a-w_asin.o) (__errno)
/usr/lib/gcc/arm-none-eabi/4.8/../../../arm-none-eabi/lib/armv7e-m/softfp/libc.a(lib_a-impure.o)
                              /usr/lib/gcc/arm-none-eabi/4.8/../../../arm-none-eabi/lib/armv7e-m/softfp/libc.a(lib_a-errno.o) (_impure_ptr)
/usr/lib/gcc/arm-none-eabi/4.8/armv7e-m/softfp/libgcc.a(_arm_addsubdf3.o)
                              build/src/attitude.o (__aeabi_dsub)
/usr/lib/gcc/arm-none-eabi/4.8/armv7e-m/softfp/libgcc.a(_arm_muldivdf3.o)
                              /usr/lib/gcc/arm-none-eabi/4.8/../../../arm-none-eabi/lib/armv7e-m/softfp/libm.a(lib_a-s_atan.o) (__aeabi_dmul)
/usr/lib/gcc/arm-none-eabi/4.8/armv7e-m/softfp/libgcc.a(_arm_cmpdf2.o)
                              /usr/lib/gcc/arm-none-eabi/4.8/../../../arm-none-eabi/lib/armv7e-m/softfp/libm.a(lib_a-w_pow.o) (__aeabi_dcmpeq)
/usr/lib/gcc/arm-none-eabi/4.8/armv7e-m/softfp/libgcc.a(_arm_truncdfsf2.o)
                              build/src/attitude.o (__aeabi_d2f)

Discarded input sections

 .ARM.attributes
                0x0000000000000000       0x22 /usr/lib/gcc/arm-none-eabi/4.8/armv7e-m/softfp/libgcc.a(_arm_addsubdf3.o)
 .debug_line    0x0000000000000000      0x1ff /usr/lib/gcc/arm-none-eabi/4.8/armv7e-m/softfp/libgcc.a(_arm_addsubdf3.o)
 .debug_info    0x0000000000000000       0xaf /usr/lib/gcc/arm-none-eabi/4.8/armv7e-m/softfp/libgcc.a(_arm_addsubdf3.o)
[...]
Memory Configuration

Name             Origin             Length             Attributes
FLASH            0x0000000008000000 0x0000000000200000 xr
RAM              0x0000000020000000 0x0000000000030000 xrw
MEMORY_B1        0x0000000060000000 0x0000000000000000 xr
CCMRAM           0x0000000010000000 0x0000000000010000 rw
*default*        0x0000000000000000 0xffffffffffffffff

Linker script and memory map

LOAD build/src/main.o
LOAD build/src/attitude.o
LOAD build/inc/CORTEX_M4F_STM32F4/startup_stm32f429_439xx.o
LOAD build/inc/CORTEX_M4F_STM32F4/startup/system_stm32f4xx.o
LOAD build/inc/CORTEX_M4F_STM32F4/Libraries/STM32F4xx_StdPeriph_Driver/src/misc.o
LOAD build/inc/CORTEX_M4F_STM32F4/Libraries/STM32F4xx_StdPeriph_Driver/src/stm32f4xx_gpio.o
LOAD build/inc/CORTEX_M4F_STM32F4/Libraries/STM32F4xx_StdPeriph_Driver/src/stm32f4xx_rcc.o
LOAD build/inc/CORTEX_M4F_STM32F4/Libraries/STM32F4xx_StdPeriph_Driver/src/stm32f4xx_usart.o
LOAD build/inc/CORTEX_M4F_STM32F4/Libraries/STM32F4xx_StdPeriph_Driver/src/stm32f4xx_syscfg.o
LOAD build/inc/CORTEX_M4F_STM32F4/Libraries/STM32F4xx_StdPeriph_Driver/src/stm32f4xx_i2c.o
LOAD build/inc/CORTEX_M4F_STM32F4/Libraries/STM32F4xx_StdPeriph_Driver/src/stm32f4xx_dma.o
LOAD build/inc/CORTEX_M4F_STM32F4/Libraries/STM32F4xx_StdPeriph_Driver/src/stm32f4xx_spi.o
LOAD build/inc/CORTEX_M4F_STM32F4/Libraries/STM32F4xx_StdPeriph_Driver/src/stm32f4xx_exti.o
LOAD build/inc/CORTEX_M4F_STM32F4/Libraries/STM32F4xx_StdPeriph_Driver/src/stm32f4xx_dma2d.o
LOAD build/inc/CORTEX_M4F_STM32F4/Libraries/STM32F4xx_StdPeriph_Driver/src/stm32f4xx_ltdc.o
LOAD build/inc/CORTEX_M4F_STM32F4/Libraries/STM32F4xx_StdPeriph_Driver/src/stm32f4xx_fmc.o
LOAD build/inc/CORTEX_M4F_STM32F4/Libraries/STM32F4xx_StdPeriph_Driver/src/stm32f4xx_rng.o
LOAD build/inc/Utilities/STM32F429I-Discovery/stm32f429i_discovery.o
LOAD build/inc/Utilities/STM32F429I-Discovery/stm32f429i_discovery_sdram.o
LOAD build/inc/Utilities/STM32F429I-Discovery/stm32f429i_discovery_l3gd20.o
LOAD build/inc/Utilities/STM32F429I-Discovery/stm32f429i_discovery_lcd.o
LOAD build/inc/Utilities/STM32F429I-Discovery/stm32f429i_discovery_ioe.o
LOAD /usr/lib/gcc/arm-none-eabi/4.8/../../../arm-none-eabi/lib/armv7e-m/softfp/libm.a
LOAD /usr/lib/gcc/arm-none-eabi/4.8/../../../arm-none-eabi/lib/armv7e-m/softfp/libc.a
LOAD /usr/lib/gcc/arm-none-eabi/4.8/../../../arm-none-eabi/lib/armv7e-m/softfp/libnosys.a
                0x0000000020030000                _estack = 0x20030000
                0x0000000000000000                _Min_Heap_Size = 0x0
                0x0000000000000400                _Min_Stack_Size = 0x400

.isr_vector     0x0000000008000000      0x1ac
                0x0000000008000000                . = ALIGN (0x4)
 *(.isr_vector)
 .isr_vector    0x0000000008000000      0x1ac build/inc/CORTEX_M4F_STM32F4/startup_stm32f429_439xx.o
                0x0000000008000000                g_pfnVectors
                0x00000000080001ac                . = ALIGN (0x4)

.text           0x00000000080001b0     0xc670
                0x00000000080001b0                . = ALIGN (0x4)
 *(.text)
 .text          0x00000000080001b0        0x0 build/src/main.o
 .text          0x00000000080001b0        0x0 build/src/attitude.o
 .text          0x00000000080001b0       0x14 build/inc/CORTEX_M4F_STM32F4/startup_stm32f429_439xx.o
 .text          0x00000000080001c4        0x0 build/inc/CORTEX_M4F_STM32F4/startup/system_stm32f4xx.o
 .text          0x00000000080001c4        0x0 build/inc/CORTEX_M4F_STM32F4/Libraries/STM32F4xx_StdPeriph_Driver/src/misc.o
 .text          0x00000000080001c4        0x0 build/inc/CORTEX_M4F_STM32F4/Libraries/STM32F4xx_StdPeriph_Driver/src/stm32f4xx_gpio.o
 .text          0x00000000080001c4        0x0 build/inc/CORTEX_M4F_STM32F4/Libraries/STM32F4xx_StdPeriph_Driver/src/stm32f4xx_rcc.o
 .text          0x00000000080001c4        0x0 build/inc/CORTEX_M4F_STM32F4/Libraries/STM32F4xx_StdPeriph_Driver/src/stm32f4xx_usart.o
 .text          0x00000000080001c4        0x0 build/inc/CORTEX_M4F_STM32F4/Libraries/STM32F4xx_StdPeriph_Driver/src/stm32f4xx_syscfg.o
 .text          0x00000000080001c4        0x0 build/inc/CORTEX_M4F_STM32F4/Libraries/STM32F4xx_StdPeriph_Driver/src/stm32f4xx_i2c.o
 .text          0x00000000080001c4        0x0 build/inc/CORTEX_M4F_STM32F4/Libraries/STM32F4xx_StdPeriph_Driver/src/stm32f4xx_dma.o
 .text          0x00000000080001c4        0x0 build/inc/CORTEX_M4F_STM32F4/Libraries/STM32F4xx_StdPeriph_Driver/src/stm32f4xx_spi.o
 .text          0x00000000080001c4        0x0 build/inc/CORTEX_M4F_STM32F4/Libraries/STM32F4xx_StdPeriph_Driver/src/stm32f4xx_exti.o
 .text          0x00000000080001c4        0x0 build/inc/CORTEX_M4F_STM32F4/Libraries/STM32F4xx_StdPeriph_Driver/src/stm32f4xx_dma2d.o
 .text          0x00000000080001c4        0x0 build/inc/CORTEX_M4F_STM32F4/Libraries/STM32F4xx_StdPeriph_Driver/src/stm32f4xx_ltdc.o
 .text          0x00000000080001c4        0x0 build/inc/CORTEX_M4F_STM32F4/Libraries/STM32F4xx_StdPeriph_Driver/src/stm32f4xx_fmc.o
 .text          0x00000000080001c4        0x0 build/inc/CORTEX_M4F_STM32F4/Libraries/STM32F4xx_StdPeriph_Driver/src/stm32f4xx_rng.o
 .text          0x00000000080001c4        0x0 build/inc/Utilities/STM32F429I-Discovery/stm32f429i_discovery.o
 .text          0x00000000080001c4        0x0 build/inc/Utilities/STM32F429I-Discovery/stm32f429i_discovery_sdram.o
 .text          0x00000000080001c4        0x0 build/inc/Utilities/STM32F429I-Discovery/stm32f429i_discovery_l3gd20.o
 .text          0x00000000080001c4        0x0 build/inc/Utilities/STM32F429I-Discovery/stm32f429i_discovery_lcd.o
 .text          0x00000000080001c4        0x0 build/inc/Utilities/STM32F429I-Discovery/stm32f429i_discovery_ioe.o
 .text          0x00000000080001c4        0x0 /usr/lib/gcc/arm-none-eabi/4.8/../../../arm-none-eabi/lib/armv7e-m/softfp/libm.a(lib_a-s_atan.o)
 .text          0x00000000080001c4        0x0 /usr/lib/gcc/arm-none-eabi/4.8/../../../arm-none-eabi/lib/armv7e-m/softfp/libm.a(lib_a-s_fabs.o)
 .text          0x00000000080001c4        0x0 /usr/lib/gcc/arm-none-eabi/4.8/../../../arm-none-eabi/lib/armv7e-m/softfp/libm.a(lib_a-w_asin.o)
 .text          0x00000000080001c4        0x0 /usr/lib/gcc/arm-none-eabi/4.8/../../../arm-none-eabi/lib/armv7e-m/softfp/libm.a(lib_a-w_pow.o)
 .text          0x00000000080001c4        0x0 /usr/lib/gcc/arm-none-eabi/4.8/../../../arm-none-eabi/lib/armv7e-m/softfp/libm.a(lib_a-e_asin.o)
 .text          0x00000000080001c4        0x0 /usr/lib/gcc/arm-none-eabi/4.8/../../../arm-none-eabi/lib/armv7e-m/softfp/libm.a(lib_a-e_pow.o)
 .text          0x00000000080001c4        0x0 /usr/lib/gcc/arm-none-eabi/4.8/../../../arm-none-eabi/lib/armv7e-m/softfp/libm.a(lib_a-e_sqrt.o)
 .text          0x00000000080001c4        0x0 /usr/lib/gcc/arm-none-eabi/4.8/../../../arm-none-eabi/lib/armv7e-m/softfp/libm.a(lib_a-s_finite.o)
 .text          0x00000000080001c4        0x0 /usr/lib/gcc/arm-none-eabi/4.8/../../../arm-none-eabi/lib/armv7e-m/softfp/libm.a(lib_a-s_fpclassify.o)
 .text          0x00000000080001c4        0x0 /usr/lib/gcc/arm-none-eabi/4.8/../../../arm-none-eabi/lib/armv7e-m/softfp/libm.a(lib_a-s_lib_ver.o)
 .text          0x00000000080001c4        0x0 /usr/lib/gcc/arm-none-eabi/4.8/../../../arm-none-eabi/lib/armv7e-m/softfp/libm.a(lib_a-s_matherr.o)
 .text          0x00000000080001c4        0x0 /usr/lib/gcc/arm-none-eabi/4.8/../../../arm-none-eabi/lib/armv7e-m/softfp/libm.a(lib_a-s_nan.o)
 .text          0x00000000080001c4        0x0 /usr/lib/gcc/arm-none-eabi/4.8/../../../arm-none-eabi/lib/armv7e-m/softfp/libm.a(lib_a-s_rint.o)
 .text          0x00000000080001c4        0x0 /usr/lib/gcc/arm-none-eabi/4.8/../../../arm-none-eabi/lib/armv7e-m/softfp/libm.a(lib_a-s_scalbn.o)
 .text          0x00000000080001c4        0x0 /usr/lib/gcc/arm-none-eabi/4.8/../../../arm-none-eabi/lib/armv7e-m/softfp/libm.a(lib_a-s_copysign.o)
 .text          0x00000000080001c4        0x0 /usr/lib/gcc/arm-none-eabi/4.8/../../../arm-none-eabi/lib/armv7e-m/softfp/libc.a(lib_a-errno.o)
 .text          0x00000000080001c4        0x0 /usr/lib/gcc/arm-none-eabi/4.8/../../../arm-none-eabi/lib/armv7e-m/softfp/libc.a(lib_a-impure.o)
 .text          0x00000000080001c4      0x370 /usr/lib/gcc/arm-none-eabi/4.8/armv7e-m/softfp/libgcc.a(_arm_addsubdf3.o)
                0x00000000080001c4                __aeabi_drsub
                0x00000000080001cc                __aeabi_dsub
                0x00000000080001cc                __subdf3
                0x00000000080001d0                __adddf3
                0x00000000080001d0                __aeabi_dadd
                0x0000000008000448                __aeabi_ui2d
                0x0000000008000448                __floatunsidf
                0x0000000008000468                __floatsidf
                0x0000000008000468                __aeabi_i2d
                0x000000000800048c                __extendsfdf2
                0x000000000800048c                __aeabi_f2d
                0x00000000080004c8                __aeabi_ul2d
                0x00000000080004c8                __floatundidf
                0x00000000080004d8                __floatdidf
                0x00000000080004d8                __aeabi_l2d
 .text          0x0000000008000534      0x424 /usr/lib/gcc/arm-none-eabi/4.8/armv7e-m/softfp/libgcc.a(_arm_muldivdf3.o)
                0x0000000008000534                __aeabi_dmul
                0x0000000008000534                __muldf3
                0x0000000008000788                __aeabi_ddiv
                0x0000000008000788                __divdf3
 .text          0x0000000008000958      0x110 /usr/lib/gcc/arm-none-eabi/4.8/armv7e-m/softfp/libgcc.a(_arm_cmpdf2.o)
                0x0000000008000958                __gtdf2
                0x0000000008000958                __gedf2
                0x0000000008000960                __ltdf2
                0x0000000008000960                __ledf2
                0x0000000008000968                __cmpdf2
                0x0000000008000968                __eqdf2
                0x0000000008000968                __nedf2
                0x00000000080009e4                __aeabi_cdrcmple
                0x00000000080009f4                __aeabi_cdcmple
                0x00000000080009f4                __aeabi_cdcmpeq
                0x0000000008000a04                __aeabi_dcmpeq
                0x0000000008000a18                __aeabi_dcmplt
                0x0000000008000a2c                __aeabi_dcmple
                0x0000000008000a40                __aeabi_dcmpge
                0x0000000008000a54                __aeabi_dcmpgt
 .text          0x0000000008000a68       0xa0 /usr/lib/gcc/arm-none-eabi/4.8/armv7e-m/softfp/libgcc.a(_arm_truncdfsf2.o)
                0x0000000008000a68                __aeabi_d2f
                0x0000000008000a68                __truncdfsf2
 *(.text*)
 .text.main     0x0000000008000b08       0x40 build/src/main.o
                0x0000000008000b08                main
 .text.L3GD20_Configuration
                0x0000000008000b48       0x48 build/src/attitude.o
                0x0000000008000b48                L3GD20_Configuration
 .text.L3GD20_ReadGyro
                0x0000000008000b90      0x124 build/src/attitude.o
                0x0000000008000b90                L3GD20_ReadGyro
 .text.Eulerangle
                0x0000000008000cb4      0x3ec build/src/attitude.o
                0x0000000008000cb4                Eulerangle
 .text.Reset_Handler
                0x00000000080010a0       0x44 build/inc/CORTEX_M4F_STM32F4/startup_stm32f429_439xx.o
                0x00000000080010a0                Reset_Handler
 .text.Default_Handler
                0x00000000080010e4        0x2 build/inc/CORTEX_M4F_STM32F4/startup_stm32f429_439xx.o
                0x00000000080010e4                RTC_Alarm_IRQHandler
                0x00000000080010e4                HASH_RNG_IRQHandler
                0x00000000080010e4                EXTI2_IRQHandler
                0x00000000080010e4                TIM8_CC_IRQHandler
                0x00000000080010e4                DebugMon_Handler
                0x00000000080010e4                UART8_IRQHandler
                0x00000000080010e4                SPI4_IRQHandler
                0x00000000080010e4                TIM1_CC_IRQHandler
                0x00000000080010e4                DMA2_Stream5_IRQHandler
                0x00000000080010e4                HardFault_Handler
                0x00000000080010e4                DMA1_Stream5_IRQHandler
                0x00000000080010e4                SysTick_Handler
                0x00000000080010e4                PVD_IRQHandler
                0x00000000080010e4                SDIO_IRQHandler
                0x00000000080010e4                TAMP_STAMP_IRQHandler
                0x00000000080010e4                PendSV_Handler
                0x00000000080010e4                NMI_Handler
                0x00000000080010e4                CAN2_RX1_IRQHandler
                0x00000000080010e4                EXTI3_IRQHandler
                0x00000000080010e4                TIM8_TRG_COM_TIM14_IRQHandler
                0x00000000080010e4                TIM1_UP_TIM10_IRQHandler
                0x00000000080010e4                TIM8_UP_TIM13_IRQHandler
                0x00000000080010e4                I2C3_ER_IRQHandler
                0x00000000080010e4                EXTI0_IRQHandler
                0x00000000080010e4                I2C2_EV_IRQHandler
                0x00000000080010e4                DMA1_Stream2_IRQHandler
                0x00000000080010e4                CAN1_RX0_IRQHandler
                0x00000000080010e4                FPU_IRQHandler
                0x00000000080010e4                OTG_HS_WKUP_IRQHandler
                0x00000000080010e4                UsageFault_Handler
                0x00000000080010e4                LTDC_ER_IRQHandler
                0x00000000080010e4                CAN2_SCE_IRQHandler
                0x00000000080010e4                DMA2_Stream2_IRQHandler
                0x00000000080010e4                SPI1_IRQHandler
                0x00000000080010e4                TIM6_DAC_IRQHandler
                0x00000000080010e4                TIM1_BRK_TIM9_IRQHandler
                0x00000000080010e4                DCMI_IRQHandler
                0x00000000080010e4                CAN2_RX0_IRQHandler
                0x00000000080010e4                DMA2_Stream3_IRQHandler
                0x00000000080010e4                USART6_IRQHandler
                0x00000000080010e4                USART3_IRQHandler
                0x00000000080010e4                CRYP_IRQHandler
                0x00000000080010e4                CAN1_RX1_IRQHandler
                0x00000000080010e4                UART5_IRQHandler
                0x00000000080010e4                DMA2_Stream0_IRQHandler
                0x00000000080010e4                TIM4_IRQHandler
                0x00000000080010e4                I2C1_EV_IRQHandler
                0x00000000080010e4                DMA1_Stream6_IRQHandler
                0x00000000080010e4                DMA1_Stream1_IRQHandler
                0x00000000080010e4                UART4_IRQHandler
                0x00000000080010e4                TIM3_IRQHandler
                0x00000000080010e4                RCC_IRQHandler
                0x00000000080010e4                TIM8_BRK_TIM12_IRQHandler
                0x00000000080010e4                Default_Handler
                0x00000000080010e4                EXTI15_10_IRQHandler
                0x00000000080010e4                ADC_IRQHandler
                0x00000000080010e4                DMA1_Stream7_IRQHandler
                0x00000000080010e4                SPI5_IRQHandler
                0x00000000080010e4                TIM7_IRQHandler
                0x00000000080010e4                CAN2_TX_IRQHandler
                0x00000000080010e4                TIM5_IRQHandler
                0x00000000080010e4                DMA2_Stream7_IRQHandler
                0x00000000080010e4                I2C3_EV_IRQHandler
                0x00000000080010e4                EXTI9_5_IRQHandler
                0x00000000080010e4                RTC_WKUP_IRQHandler
                0x00000000080010e4                LTDC_IRQHandler
                0x00000000080010e4                ETH_WKUP_IRQHandler
                0x00000000080010e4                SPI2_IRQHandler
                0x00000000080010e4                OTG_HS_EP1_IN_IRQHandler
                0x00000000080010e4                MemManage_Handler
                0x00000000080010e4                DMA1_Stream0_IRQHandler
                0x00000000080010e4                CAN1_TX_IRQHandler
                0x00000000080010e4                SVC_Handler
                0x00000000080010e4                EXTI4_IRQHandler
                0x00000000080010e4                FSMC_IRQHandler
                0x00000000080010e4                ETH_IRQHandler
                0x00000000080010e4                OTG_HS_EP1_OUT_IRQHandler
                0x00000000080010e4                WWDG_IRQHandler
                0x00000000080010e4                SPI6_IRQHandler
                0x00000000080010e4                TIM2_IRQHandler
                0x00000000080010e4                OTG_FS_WKUP_IRQHandler
                0x00000000080010e4                TIM1_TRG_COM_TIM11_IRQHandler
                0x00000000080010e4                OTG_HS_IRQHandler
                0x00000000080010e4                DMA2D_IRQHandler
                0x00000000080010e4                EXTI1_IRQHandler
                0x00000000080010e4                UART7_IRQHandler
                0x00000000080010e4                USART2_IRQHandler
                0x00000000080010e4                I2C2_ER_IRQHandler
                0x00000000080010e4                DMA2_Stream1_IRQHandler
                0x00000000080010e4                CAN1_SCE_IRQHandler
                0x00000000080010e4                FLASH_IRQHandler
                0x00000000080010e4                DMA2_Stream4_IRQHandler
                0x00000000080010e4                BusFault_Handler
                0x00000000080010e4                USART1_IRQHandler
                0x00000000080010e4                OTG_FS_IRQHandler
                0x00000000080010e4                SPI3_IRQHandler
                0x00000000080010e4                DMA1_Stream4_IRQHandler
                0x00000000080010e4                I2C1_ER_IRQHandler
                0x00000000080010e4                DMA2_Stream6_IRQHandler
                0x00000000080010e4                SAI1_IRQHandler
                0x00000000080010e4                DMA1_Stream3_IRQHandler
 *fill*         0x00000000080010e6        0x2 
 .text.SystemInit
                0x00000000080010e8       0x68 build/inc/CORTEX_M4F_STM32F4/startup/system_stm32f4xx.o
                0x00000000080010e8                SystemInit
 .text.SystemCoreClockUpdate
                0x0000000008001150       0xf8 build/inc/CORTEX_M4F_STM32F4/startup/system_stm32f4xx.o
                0x0000000008001150                SystemCoreClockUpdate
 .text.SetSysClock
                0x0000000008001248       0xf4 build/inc/CORTEX_M4F_STM32F4/startup/system_stm32f4xx.o
 .text.NVIC_PriorityGroupConfig
                0x000000000800133c       0x24 build/inc/CORTEX_M4F_STM32F4/Libraries/STM32F4xx_StdPeriph_Driver/src/misc.o
                0x000000000800133c                NVIC_PriorityGroupConfig
 .text.NVIC_Init
                0x0000000008001360       0xbc build/inc/CORTEX_M4F_STM32F4/Libraries/STM32F4xx_StdPeriph_Driver/src/misc.o
                0x0000000008001360                NVIC_Init
 .text.NVIC_SetVectorTable
                0x000000000800141c       0x2c build/inc/CORTEX_M4F_STM32F4/Libraries/STM32F4xx_StdPeriph_Driver/src/misc.o
                0x000000000800141c                NVIC_SetVectorTable
 .text.NVIC_SystemLPConfig
                0x0000000008001448       0x40 build/inc/CORTEX_M4F_STM32F4/Libraries/STM32F4xx_StdPeriph_Driver/src/misc.o
                0x0000000008001448                NVIC_SystemLPConfig
 .text.SysTick_CLKSourceConfig
                0x0000000008001488       0x38 build/inc/CORTEX_M4F_STM32F4/Libraries/STM32F4xx_StdPeriph_Driver/src/misc.o
                0x0000000008001488                SysTick_CLKSourceConfig
 .text.GPIO_DeInit
                0x00000000080014c0      0x164 build/inc/CORTEX_M4F_STM32F4/Libraries/STM32F4xx_StdPeriph_Driver/src/stm32f4xx_gpio.o
                0x00000000080014c0                GPIO_DeInit
 .text.GPIO_Init
                0x0000000008001624      0x11c build/inc/CORTEX_M4F_STM32F4/Libraries/STM32F4xx_StdPeriph_Driver/src/stm32f4xx_gpio.o
                0x0000000008001624                GPIO_Init
 .text.GPIO_StructInit
                0x0000000008001740       0x34 build/inc/CORTEX_M4F_STM32F4/Libraries/STM32F4xx_StdPeriph_Driver/src/stm32f4xx_gpio.o
                0x0000000008001740                GPIO_StructInit
 .text.GPIO_PinLockConfig
                0x0000000008001774       0x44 build/inc/CORTEX_M4F_STM32F4/Libraries/STM32F4xx_StdPeriph_Driver/src/stm32f4xx_gpio.o
                0x0000000008001774                GPIO_PinLockConfig
 .text.GPIO_ReadInputDataBit
                0x00000000080017b8       0x34 build/inc/CORTEX_M4F_STM32F4/Libraries/STM32F4xx_StdPeriph_Driver/src/stm32f4xx_gpio.o
                0x00000000080017b8                GPIO_ReadInputDataBit
 .text.GPIO_ReadInputData
                0x00000000080017ec       0x1c build/inc/CORTEX_M4F_STM32F4/Libraries/STM32F4xx_StdPeriph_Driver/src/stm32f4xx_gpio.o
                0x00000000080017ec                GPIO_ReadInputData
 .text.GPIO_ReadOutputDataBit
                0x0000000008001808       0x34 build/inc/CORTEX_M4F_STM32F4/Libraries/STM32F4xx_StdPeriph_Driver/src/stm32f4xx_gpio.o
                0x0000000008001808                GPIO_ReadOutputDataBit
 .text.GPIO_ReadOutputData
                0x000000000800183c       0x1c build/inc/CORTEX_M4F_STM32F4/Libraries/STM32F4xx_StdPeriph_Driver/src/stm32f4xx_gpio.o
                0x000000000800183c                GPIO_ReadOutputData
 .text.GPIO_SetBits
                0x0000000008001858       0x1c build/inc/CORTEX_M4F_STM32F4/Libraries/STM32F4xx_StdPeriph_Driver/src/stm32f4xx_gpio.o
                0x0000000008001858                GPIO_SetBits
 .text.GPIO_ResetBits
                0x0000000008001874       0x1c build/inc/CORTEX_M4F_STM32F4/Libraries/STM32F4xx_StdPeriph_Driver/src/stm32f4xx_gpio.o
                0x0000000008001874                GPIO_ResetBits
 .text.GPIO_WriteBit
                0x0000000008001890       0x30 build/inc/CORTEX_M4F_STM32F4/Libraries/STM32F4xx_StdPeriph_Driver/src/stm32f4xx_gpio.o
                0x0000000008001890                GPIO_WriteBit
 .text.GPIO_Write
                0x00000000080018c0       0x1c build/inc/CORTEX_M4F_STM32F4/Libraries/STM32F4xx_StdPeriph_Driver/src/stm32f4xx_gpio.o
                0x00000000080018c0                GPIO_Write
 .text.GPIO_ToggleBits
                0x00000000080018dc       0x24 build/inc/CORTEX_M4F_STM32F4/Libraries/STM32F4xx_StdPeriph_Driver/src/stm32f4xx_gpio.o
                0x00000000080018dc                GPIO_ToggleBits
 .text.GPIO_PinAFConfig
                0x0000000008001900       0x8c build/inc/CORTEX_M4F_STM32F4/Libraries/STM32F4xx_StdPeriph_Driver/src/stm32f4xx_gpio.o
                0x0000000008001900                GPIO_PinAFConfig
 .text.RCC_DeInit
                0x000000000800198c       0x70 build/inc/CORTEX_M4F_STM32F4/Libraries/STM32F4xx_StdPeriph_Driver/src/stm32f4xx_rcc.o
                0x000000000800198c                RCC_DeInit
 .text.RCC_HSEConfig
                0x00000000080019fc       0x24 build/inc/CORTEX_M4F_STM32F4/Libraries/STM32F4xx_StdPeriph_Driver/src/stm32f4xx_rcc.o
                0x00000000080019fc                RCC_HSEConfig
 .text.RCC_WaitForHSEStartUp
                0x0000000008001a20       0x50 build/inc/CORTEX_M4F_STM32F4/Libraries/STM32F4xx_StdPeriph_Driver/src/stm32f4xx_rcc.o
                0x0000000008001a20                RCC_WaitForHSEStartUp
 .text.RCC_AdjustHSICalibrationValue
                0x0000000008001a70       0x3c build/inc/CORTEX_M4F_STM32F4/Libraries/STM32F4xx_StdPeriph_Driver/src/stm32f4xx_rcc.o
                0x0000000008001a70                RCC_AdjustHSICalibrationValue
 .text.RCC_HSICmd
                0x0000000008001aac       0x20 build/inc/CORTEX_M4F_STM32F4/Libraries/STM32F4xx_StdPeriph_Driver/src/stm32f4xx_rcc.o
                0x0000000008001aac                RCC_HSICmd
 .text.RCC_LSEConfig
                0x0000000008001acc       0x40 build/inc/CORTEX_M4F_STM32F4/Libraries/STM32F4xx_StdPeriph_Driver/src/stm32f4xx_rcc.o
                0x0000000008001acc                RCC_LSEConfig
 .text.RCC_LSICmd
                0x0000000008001b0c       0x20 build/inc/CORTEX_M4F_STM32F4/Libraries/STM32F4xx_StdPeriph_Driver/src/stm32f4xx_rcc.o
                0x0000000008001b0c                RCC_LSICmd
 .text.RCC_PLLConfig
                0x0000000008001b2c       0x3c build/inc/CORTEX_M4F_STM32F4/Libraries/STM32F4xx_StdPeriph_Driver/src/stm32f4xx_rcc.o
                0x0000000008001b2c                RCC_PLLConfig
 .text.RCC_PLLCmd
                0x0000000008001b68       0x20 build/inc/CORTEX_M4F_STM32F4/Libraries/STM32F4xx_StdPeriph_Driver/src/stm32f4xx_rcc.o
                0x0000000008001b68                RCC_PLLCmd
 .text.RCC_PLLI2SConfig
                0x0000000008001b88       0x30 build/inc/CORTEX_M4F_STM32F4/Libraries/STM32F4xx_StdPeriph_Driver/src/stm32f4xx_rcc.o
                0x0000000008001b88                RCC_PLLI2SConfig
 .text.RCC_PLLI2SCmd
                0x0000000008001bb8       0x20 build/inc/CORTEX_M4F_STM32F4/Libraries/STM32F4xx_StdPeriph_Driver/src/stm32f4xx_rcc.o
                0x0000000008001bb8                RCC_PLLI2SCmd
 .text.RCC_PLLSAIConfig
                0x0000000008001bd8       0x30 build/inc/CORTEX_M4F_STM32F4/Libraries/STM32F4xx_StdPeriph_Driver/src/stm32f4xx_rcc.o
                0x0000000008001bd8                RCC_PLLSAIConfig
 .text.RCC_PLLSAICmd
                0x0000000008001c08       0x20 build/inc/CORTEX_M4F_STM32F4/Libraries/STM32F4xx_StdPeriph_Driver/src/stm32f4xx_rcc.o
                0x0000000008001c08                RCC_PLLSAICmd
 .text.RCC_ClockSecuritySystemCmd
                0x0000000008001c28       0x20 build/inc/CORTEX_M4F_STM32F4/Libraries/STM32F4xx_StdPeriph_Driver/src/stm32f4xx_rcc.o
                0x0000000008001c28                RCC_ClockSecuritySystemCmd
 .text.RCC_MCO1Config
                0x0000000008001c48       0x3c build/inc/CORTEX_M4F_STM32F4/Libraries/STM32F4xx_StdPeriph_Driver/src/stm32f4xx_rcc.o
                0x0000000008001c48                RCC_MCO1Config
 .text.RCC_MCO2Config
                0x0000000008001c84       0x3c build/inc/CORTEX_M4F_STM32F4/Libraries/STM32F4xx_StdPeriph_Driver/src/stm32f4xx_rcc.o
                0x0000000008001c84                RCC_MCO2Config
 .text.RCC_SYSCLKConfig
                0x0000000008001cc0       0x38 build/inc/CORTEX_M4F_STM32F4/Libraries/STM32F4xx_StdPeriph_Driver/src/stm32f4xx_rcc.o
                0x0000000008001cc0                RCC_SYSCLKConfig
 .text.RCC_GetSYSCLKSource
                0x0000000008001cf8       0x20 build/inc/CORTEX_M4F_STM32F4/Libraries/STM32F4xx_StdPeriph_Driver/src/stm32f4xx_rcc.o
                0x0000000008001cf8                RCC_GetSYSCLKSource
 .text.RCC_HCLKConfig
                0x0000000008001d18       0x38 build/inc/CORTEX_M4F_STM32F4/Libraries/STM32F4xx_StdPeriph_Driver/src/stm32f4xx_rcc.o
                0x0000000008001d18                RCC_HCLKConfig
 .text.RCC_PCLK1Config
                0x0000000008001d50       0x38 build/inc/CORTEX_M4F_STM32F4/Libraries/STM32F4xx_StdPeriph_Driver/src/stm32f4xx_rcc.o
                0x0000000008001d50                RCC_PCLK1Config
 .text.RCC_PCLK2Config
                0x0000000008001d88       0x38 build/inc/CORTEX_M4F_STM32F4/Libraries/STM32F4xx_StdPeriph_Driver/src/stm32f4xx_rcc.o
                0x0000000008001d88                RCC_PCLK2Config
 .text.RCC_GetClocksFreq
                0x0000000008001dc0      0x154 build/inc/CORTEX_M4F_STM32F4/Libraries/STM32F4xx_StdPeriph_Driver/src/stm32f4xx_rcc.o
                0x0000000008001dc0                RCC_GetClocksFreq
 .text.RCC_RTCCLKConfig
                0x0000000008001f14       0x5c build/inc/CORTEX_M4F_STM32F4/Libraries/STM32F4xx_StdPeriph_Driver/src/stm32f4xx_rcc.o
                0x0000000008001f14                RCC_RTCCLKConfig
 .text.RCC_RTCCLKCmd
                0x0000000008001f70       0x20 build/inc/CORTEX_M4F_STM32F4/Libraries/STM32F4xx_StdPeriph_Driver/src/stm32f4xx_rcc.o
                0x0000000008001f70                RCC_RTCCLKCmd
 .text.RCC_BackupResetCmd
                0x0000000008001f90       0x20 build/inc/CORTEX_M4F_STM32F4/Libraries/STM32F4xx_StdPeriph_Driver/src/stm32f4xx_rcc.o
                0x0000000008001f90                RCC_BackupResetCmd
 .text.RCC_I2SCLKConfig
                0x0000000008001fb0       0x1c build/inc/CORTEX_M4F_STM32F4/Libraries/STM32F4xx_StdPeriph_Driver/src/stm32f4xx_rcc.o
                0x0000000008001fb0                RCC_I2SCLKConfig
 .text.RCC_SAIPLLI2SClkDivConfig
                0x0000000008001fcc       0x3c build/inc/CORTEX_M4F_STM32F4/Libraries/STM32F4xx_StdPeriph_Driver/src/stm32f4xx_rcc.o
                0x0000000008001fcc                RCC_SAIPLLI2SClkDivConfig
 .text.RCC_SAIPLLSAIClkDivConfig
                0x0000000008002008       0x40 build/inc/CORTEX_M4F_STM32F4/Libraries/STM32F4xx_StdPeriph_Driver/src/stm32f4xx_rcc.o
                0x0000000008002008                RCC_SAIPLLSAIClkDivConfig
 .text.RCC_SAIBlockACLKConfig
                0x0000000008002048       0x3c build/inc/CORTEX_M4F_STM32F4/Libraries/STM32F4xx_StdPeriph_Driver/src/stm32f4xx_rcc.o
                0x0000000008002048                RCC_SAIBlockACLKConfig
 .text.RCC_SAIBlockBCLKConfig
                0x0000000008002084       0x3c build/inc/CORTEX_M4F_STM32F4/Libraries/STM32F4xx_StdPeriph_Driver/src/stm32f4xx_rcc.o
                0x0000000008002084                RCC_SAIBlockBCLKConfig
 .text.RCC_LTDCCLKDivConfig
                0x00000000080020c0       0x3c build/inc/CORTEX_M4F_STM32F4/Libraries/STM32F4xx_StdPeriph_Driver/src/stm32f4xx_rcc.o
                0x00000000080020c0                RCC_LTDCCLKDivConfig
 .text.RCC_TIMCLKPresConfig
                0x00000000080020fc       0x1c build/inc/CORTEX_M4F_STM32F4/Libraries/STM32F4xx_StdPeriph_Driver/src/stm32f4xx_rcc.o
                0x00000000080020fc                RCC_TIMCLKPresConfig
 .text.RCC_AHB1PeriphClockCmd
                0x0000000008002118       0x3c build/inc/CORTEX_M4F_STM32F4/Libraries/STM32F4xx_StdPeriph_Driver/src/stm32f4xx_rcc.o
                0x0000000008002118                RCC_AHB1PeriphClockCmd
 .text.RCC_AHB2PeriphClockCmd
                0x0000000008002154       0x3c build/inc/CORTEX_M4F_STM32F4/Libraries/STM32F4xx_StdPeriph_Driver/src/stm32f4xx_rcc.o
                0x0000000008002154                RCC_AHB2PeriphClockCmd
 .text.RCC_AHB3PeriphClockCmd
                0x0000000008002190       0x3c build/inc/CORTEX_M4F_STM32F4/Libraries/STM32F4xx_StdPeriph_Driver/src/stm32f4xx_rcc.o
                0x0000000008002190                RCC_AHB3PeriphClockCmd
 .text.RCC_APB1PeriphClockCmd
                0x00000000080021cc       0x3c build/inc/CORTEX_M4F_STM32F4/Libraries/STM32F4xx_StdPeriph_Driver/src/stm32f4xx_rcc.o
                0x00000000080021cc                RCC_APB1PeriphClockCmd
 .text.RCC_APB2PeriphClockCmd
                0x0000000008002208       0x3c build/inc/CORTEX_M4F_STM32F4/Libraries/STM32F4xx_StdPeriph_Driver/src/stm32f4xx_rcc.o
                0x0000000008002208                RCC_APB2PeriphClockCmd
 .text.RCC_AHB1PeriphResetCmd
                0x0000000008002244       0x3c build/inc/CORTEX_M4F_STM32F4/Libraries/STM32F4xx_StdPeriph_Driver/src/stm32f4xx_rcc.o
                0x0000000008002244                RCC_AHB1PeriphResetCmd
 .text.RCC_AHB2PeriphResetCmd
                0x0000000008002280       0x3c build/inc/CORTEX_M4F_STM32F4/Libraries/STM32F4xx_StdPeriph_Driver/src/stm32f4xx_rcc.o
                0x0000000008002280                RCC_AHB2PeriphResetCmd
 .text.RCC_AHB3PeriphResetCmd
                0x00000000080022bc       0x3c build/inc/CORTEX_M4F_STM32F4/Libraries/STM32F4xx_StdPeriph_Driver/src/stm32f4xx_rcc.o
                0x00000000080022bc                RCC_AHB3PeriphResetCmd
 .text.RCC_APB1PeriphResetCmd
                0x00000000080022f8       0x3c build/inc/CORTEX_M4F_STM32F4/Libraries/STM32F4xx_StdPeriph_Driver/src/stm32f4xx_rcc.o
                0x00000000080022f8                RCC_APB1PeriphResetCmd
 .text.RCC_APB2PeriphResetCmd
                0x0000000008002334       0x3c build/inc/CORTEX_M4F_STM32F4/Libraries/STM32F4xx_StdPeriph_Driver/src/stm32f4xx_rcc.o
                0x0000000008002334                RCC_APB2PeriphResetCmd
 .text.RCC_AHB1PeriphClockLPModeCmd
                0x0000000008002370       0x3c build/inc/CORTEX_M4F_STM32F4/Libraries/STM32F4xx_StdPeriph_Driver/src/stm32f4xx_rcc.o
                0x0000000008002370                RCC_AHB1PeriphClockLPModeCmd
 .text.RCC_AHB2PeriphClockLPModeCmd
                0x00000000080023ac       0x3c build/inc/CORTEX_M4F_STM32F4/Libraries/STM32F4xx_StdPeriph_Driver/src/stm32f4xx_rcc.o
                0x00000000080023ac                RCC_AHB2PeriphClockLPModeCmd
 .text.RCC_AHB3PeriphClockLPModeCmd
                0x00000000080023e8       0x3c build/inc/CORTEX_M4F_STM32F4/Libraries/STM32F4xx_StdPeriph_Driver/src/stm32f4xx_rcc.o
                0x00000000080023e8                RCC_AHB3PeriphClockLPModeCmd
 .text.RCC_APB1PeriphClockLPModeCmd
                0x0000000008002424       0x3c build/inc/CORTEX_M4F_STM32F4/Libraries/STM32F4xx_StdPeriph_Driver/src/stm32f4xx_rcc.o
                0x0000000008002424                RCC_APB1PeriphClockLPModeCmd
 .text.RCC_APB2PeriphClockLPModeCmd
                0x0000000008002460       0x3c build/inc/CORTEX_M4F_STM32F4/Libraries/STM32F4xx_StdPeriph_Driver/src/stm32f4xx_rcc.o
                0x0000000008002460                RCC_APB2PeriphClockLPModeCmd
 .text.RCC_ITConfig
                0x000000000800249c       0x48 build/inc/CORTEX_M4F_STM32F4/Libraries/STM32F4xx_StdPeriph_Driver/src/stm32f4xx_rcc.o
                0x000000000800249c                RCC_ITConfig
 .text.RCC_GetFlagStatus
                0x00000000080024e4       0x74 build/inc/CORTEX_M4F_STM32F4/Libraries/STM32F4xx_StdPeriph_Driver/src/stm32f4xx_rcc.o
                0x00000000080024e4                RCC_GetFlagStatus
 .text.RCC_ClearFlag
                0x0000000008002558       0x1c build/inc/CORTEX_M4F_STM32F4/Libraries/STM32F4xx_StdPeriph_Driver/src/stm32f4xx_rcc.o
                0x0000000008002558                RCC_ClearFlag
 .text.RCC_GetITStatus
                0x0000000008002574       0x38 build/inc/CORTEX_M4F_STM32F4/Libraries/STM32F4xx_StdPeriph_Driver/src/stm32f4xx_rcc.o
                0x0000000008002574                RCC_GetITStatus
 .text.RCC_ClearITPendingBit
                0x00000000080025ac       0x20 build/inc/CORTEX_M4F_STM32F4/Libraries/STM32F4xx_StdPeriph_Driver/src/stm32f4xx_rcc.o
                0x00000000080025ac                RCC_ClearITPendingBit
 .text.USART_DeInit
                0x00000000080025cc      0x114 build/inc/CORTEX_M4F_STM32F4/Libraries/STM32F4xx_StdPeriph_Driver/src/stm32f4xx_usart.o
                0x00000000080025cc                USART_DeInit
 .text.USART_Init
                0x00000000080026e0      0x174 build/inc/CORTEX_M4F_STM32F4/Libraries/STM32F4xx_StdPeriph_Driver/src/stm32f4xx_usart.o
                0x00000000080026e0                USART_Init
 .text.USART_StructInit
                0x0000000008002854       0x38 build/inc/CORTEX_M4F_STM32F4/Libraries/STM32F4xx_StdPeriph_Driver/src/stm32f4xx_usart.o
                0x0000000008002854                USART_StructInit
 .text.USART_ClockInit
                0x000000000800288c       0x54 build/inc/CORTEX_M4F_STM32F4/Libraries/STM32F4xx_StdPeriph_Driver/src/stm32f4xx_usart.o
                0x000000000800288c                USART_ClockInit
 .text.USART_ClockStructInit
                0x00000000080028e0       0x2c build/inc/CORTEX_M4F_STM32F4/Libraries/STM32F4xx_StdPeriph_Driver/src/stm32f4xx_usart.o
                0x00000000080028e0                USART_ClockStructInit
 .text.USART_Cmd
                0x000000000800290c       0x40 build/inc/CORTEX_M4F_STM32F4/Libraries/STM32F4xx_StdPeriph_Driver/src/stm32f4xx_usart.o
                0x000000000800290c                USART_Cmd
 .text.USART_SetPrescaler
                0x000000000800294c       0x38 build/inc/CORTEX_M4F_STM32F4/Libraries/STM32F4xx_StdPeriph_Driver/src/stm32f4xx_usart.o
                0x000000000800294c                USART_SetPrescaler
 .text.USART_OverSampling8Cmd
                0x0000000008002984       0x44 build/inc/CORTEX_M4F_STM32F4/Libraries/STM32F4xx_StdPeriph_Driver/src/stm32f4xx_usart.o
                0x0000000008002984                USART_OverSampling8Cmd
 .text.USART_OneBitMethodCmd
                0x00000000080029c8       0x40 build/inc/CORTEX_M4F_STM32F4/Libraries/STM32F4xx_StdPeriph_Driver/src/stm32f4xx_usart.o
                0x00000000080029c8                USART_OneBitMethodCmd
 .text.USART_SendData
                0x0000000008002a08       0x24 build/inc/CORTEX_M4F_STM32F4/Libraries/STM32F4xx_StdPeriph_Driver/src/stm32f4xx_usart.o
                0x0000000008002a08                USART_SendData
 .text.USART_ReceiveData
                0x0000000008002a2c       0x20 build/inc/CORTEX_M4F_STM32F4/Libraries/STM32F4xx_StdPeriph_Driver/src/stm32f4xx_usart.o
                0x0000000008002a2c                USART_ReceiveData
 .text.USART_SetAddress
                0x0000000008002a4c       0x38 build/inc/CORTEX_M4F_STM32F4/Libraries/STM32F4xx_StdPeriph_Driver/src/stm32f4xx_usart.o
                0x0000000008002a4c                USART_SetAddress
 .text.USART_ReceiverWakeUpCmd
                0x0000000008002a84       0x40 build/inc/CORTEX_M4F_STM32F4/Libraries/STM32F4xx_StdPeriph_Driver/src/stm32f4xx_usart.o
                0x0000000008002a84                USART_ReceiverWakeUpCmd
 .text.USART_WakeUpConfig
                0x0000000008002ac4       0x38 build/inc/CORTEX_M4F_STM32F4/Libraries/STM32F4xx_StdPeriph_Driver/src/stm32f4xx_usart.o
                0x0000000008002ac4                USART_WakeUpConfig
 .text.USART_LINBreakDetectLengthConfig
                0x0000000008002afc       0x38 build/inc/CORTEX_M4F_STM32F4/Libraries/STM32F4xx_StdPeriph_Driver/src/stm32f4xx_usart.o
                0x0000000008002afc                USART_LINBreakDetectLengthConfig
 .text.USART_LINCmd
                0x0000000008002b34       0x40 build/inc/CORTEX_M4F_STM32F4/Libraries/STM32F4xx_StdPeriph_Driver/src/stm32f4xx_usart.o
                0x0000000008002b34                USART_LINCmd
 .text.USART_SendBreak
                0x0000000008002b74       0x24 build/inc/CORTEX_M4F_STM32F4/Libraries/STM32F4xx_StdPeriph_Driver/src/stm32f4xx_usart.o
                0x0000000008002b74                USART_SendBreak
 .text.USART_HalfDuplexCmd
                0x0000000008002b98       0x40 build/inc/CORTEX_M4F_STM32F4/Libraries/STM32F4xx_StdPeriph_Driver/src/stm32f4xx_usart.o
                0x0000000008002b98                USART_HalfDuplexCmd
 .text.USART_SetGuardTime
                0x0000000008002bd8       0x3c build/inc/CORTEX_M4F_STM32F4/Libraries/STM32F4xx_StdPeriph_Driver/src/stm32f4xx_usart.o
                0x0000000008002bd8                USART_SetGuardTime
 .text.USART_SmartCardCmd
                0x0000000008002c14       0x40 build/inc/CORTEX_M4F_STM32F4/Libraries/STM32F4xx_StdPeriph_Driver/src/stm32f4xx_usart.o
                0x0000000008002c14                USART_SmartCardCmd
 .text.USART_SmartCardNACKCmd
                0x0000000008002c54       0x40 build/inc/CORTEX_M4F_STM32F4/Libraries/STM32F4xx_StdPeriph_Driver/src/stm32f4xx_usart.o
                0x0000000008002c54                USART_SmartCardNACKCmd
 .text.USART_IrDAConfig
                0x0000000008002c94       0x38 build/inc/CORTEX_M4F_STM32F4/Libraries/STM32F4xx_StdPeriph_Driver/src/stm32f4xx_usart.o
                0x0000000008002c94                USART_IrDAConfig
 .text.USART_IrDACmd
                0x0000000008002ccc       0x40 build/inc/CORTEX_M4F_STM32F4/Libraries/STM32F4xx_StdPeriph_Driver/src/stm32f4xx_usart.o
                0x0000000008002ccc                USART_IrDACmd
 .text.USART_DMACmd
                0x0000000008002d0c       0x48 build/inc/CORTEX_M4F_STM32F4/Libraries/STM32F4xx_StdPeriph_Driver/src/stm32f4xx_usart.o
                0x0000000008002d0c                USART_DMACmd
 .text.USART_ITConfig
                0x0000000008002d54       0x90 build/inc/CORTEX_M4F_STM32F4/Libraries/STM32F4xx_StdPeriph_Driver/src/stm32f4xx_usart.o
                0x0000000008002d54                USART_ITConfig
 .text.USART_GetFlagStatus
                0x0000000008002de4       0x38 build/inc/CORTEX_M4F_STM32F4/Libraries/STM32F4xx_StdPeriph_Driver/src/stm32f4xx_usart.o
                0x0000000008002de4                USART_GetFlagStatus
 .text.USART_ClearFlag
                0x0000000008002e1c       0x20 build/inc/CORTEX_M4F_STM32F4/Libraries/STM32F4xx_StdPeriph_Driver/src/stm32f4xx_usart.o
                0x0000000008002e1c                USART_ClearFlag
 .text.USART_GetITStatus
                0x0000000008002e3c       0xb0 build/inc/CORTEX_M4F_STM32F4/Libraries/STM32F4xx_StdPeriph_Driver/src/stm32f4xx_usart.o
                0x0000000008002e3c                USART_GetITStatus
 .text.USART_ClearITPendingBit
                0x0000000008002eec       0x38 build/inc/CORTEX_M4F_STM32F4/Libraries/STM32F4xx_StdPeriph_Driver/src/stm32f4xx_usart.o
                0x0000000008002eec                USART_ClearITPendingBit
 .text.SYSCFG_DeInit
                0x0000000008002f24       0x1c build/inc/CORTEX_M4F_STM32F4/Libraries/STM32F4xx_StdPeriph_Driver/src/stm32f4xx_syscfg.o
                0x0000000008002f24                SYSCFG_DeInit
 .text.SYSCFG_MemoryRemapConfig
                0x0000000008002f40       0x20 build/inc/CORTEX_M4F_STM32F4/Libraries/STM32F4xx_StdPeriph_Driver/src/stm32f4xx_syscfg.o
                0x0000000008002f40                SYSCFG_MemoryRemapConfig
 .text.SYSCFG_MemorySwappingBank
                0x0000000008002f60       0x20 build/inc/CORTEX_M4F_STM32F4/Libraries/STM32F4xx_StdPeriph_Driver/src/stm32f4xx_syscfg.o
                0x0000000008002f60                SYSCFG_MemorySwappingBank
 .text.SYSCFG_EXTILineConfig
                0x0000000008002f80       0x7c build/inc/CORTEX_M4F_STM32F4/Libraries/STM32F4xx_StdPeriph_Driver/src/stm32f4xx_syscfg.o
                0x0000000008002f80                SYSCFG_EXTILineConfig
 .text.SYSCFG_ETH_MediaInterfaceConfig
                0x0000000008002ffc       0x1c build/inc/CORTEX_M4F_STM32F4/Libraries/STM32F4xx_StdPeriph_Driver/src/stm32f4xx_syscfg.o
                0x0000000008002ffc                SYSCFG_ETH_MediaInterfaceConfig
 .text.SYSCFG_CompensationCellCmd
                0x0000000008003018       0x20 build/inc/CORTEX_M4F_STM32F4/Libraries/STM32F4xx_StdPeriph_Driver/src/stm32f4xx_syscfg.o
                0x0000000008003018                SYSCFG_CompensationCellCmd
 .text.SYSCFG_GetCompensationCellStatus
                0x0000000008003038       0x34 build/inc/CORTEX_M4F_STM32F4/Libraries/STM32F4xx_StdPeriph_Driver/src/stm32f4xx_syscfg.o
                0x0000000008003038                SYSCFG_GetCompensationCellStatus
 .text.I2C_DeInit
                0x000000000800306c       0x74 build/inc/CORTEX_M4F_STM32F4/Libraries/STM32F4xx_StdPeriph_Driver/src/stm32f4xx_i2c.o
                0x000000000800306c                I2C_DeInit
 .text.I2C_Init
                0x00000000080030e0      0x184 build/inc/CORTEX_M4F_STM32F4/Libraries/STM32F4xx_StdPeriph_Driver/src/stm32f4xx_i2c.o
                0x00000000080030e0                I2C_Init
 .text.I2C_StructInit
                0x0000000008003264       0x3c build/inc/CORTEX_M4F_STM32F4/Libraries/STM32F4xx_StdPeriph_Driver/src/stm32f4xx_i2c.o
                0x0000000008003264                I2C_StructInit
 .text.I2C_Cmd  0x00000000080032a0       0x40 build/inc/CORTEX_M4F_STM32F4/Libraries/STM32F4xx_StdPeriph_Driver/src/stm32f4xx_i2c.o
                0x00000000080032a0                I2C_Cmd
 .text.I2C_AnalogFilterCmd
                0x00000000080032e0       0x40 build/inc/CORTEX_M4F_STM32F4/Libraries/STM32F4xx_StdPeriph_Driver/src/stm32f4xx_i2c.o
                0x00000000080032e0                I2C_AnalogFilterCmd
 .text.I2C_DigitalFilterConfig
                0x0000000008003320       0x40 build/inc/CORTEX_M4F_STM32F4/Libraries/STM32F4xx_StdPeriph_Driver/src/stm32f4xx_i2c.o
                0x0000000008003320                I2C_DigitalFilterConfig
 .text.I2C_GenerateSTART
                0x0000000008003360       0x40 build/inc/CORTEX_M4F_STM32F4/Libraries/STM32F4xx_StdPeriph_Driver/src/stm32f4xx_i2c.o
                0x0000000008003360                I2C_GenerateSTART
 .text.I2C_GenerateSTOP
                0x00000000080033a0       0x40 build/inc/CORTEX_M4F_STM32F4/Libraries/STM32F4xx_StdPeriph_Driver/src/stm32f4xx_i2c.o
                0x00000000080033a0                I2C_GenerateSTOP
 .text.I2C_Send7bitAddress
                0x00000000080033e0       0x3c build/inc/CORTEX_M4F_STM32F4/Libraries/STM32F4xx_StdPeriph_Driver/src/stm32f4xx_i2c.o
                0x00000000080033e0                I2C_Send7bitAddress
 .text.I2C_AcknowledgeConfig
                0x000000000800341c       0x40 build/inc/CORTEX_M4F_STM32F4/Libraries/STM32F4xx_StdPeriph_Driver/src/stm32f4xx_i2c.o
                0x000000000800341c                I2C_AcknowledgeConfig
 .text.I2C_OwnAddress2Config
                0x000000000800345c       0x40 build/inc/CORTEX_M4F_STM32F4/Libraries/STM32F4xx_StdPeriph_Driver/src/stm32f4xx_i2c.o
                0x000000000800345c                I2C_OwnAddress2Config
 .text.I2C_DualAddressCmd
                0x000000000800349c       0x40 build/inc/CORTEX_M4F_STM32F4/Libraries/STM32F4xx_StdPeriph_Driver/src/stm32f4xx_i2c.o
                0x000000000800349c                I2C_DualAddressCmd
 .text.I2C_GeneralCallCmd
                0x00000000080034dc       0x40 build/inc/CORTEX_M4F_STM32F4/Libraries/STM32F4xx_StdPeriph_Driver/src/stm32f4xx_i2c.o
                0x00000000080034dc                I2C_GeneralCallCmd
 .text.I2C_SoftwareResetCmd
                0x000000000800351c       0x44 build/inc/CORTEX_M4F_STM32F4/Libraries/STM32F4xx_StdPeriph_Driver/src/stm32f4xx_i2c.o
                0x000000000800351c                I2C_SoftwareResetCmd
 .text.I2C_StretchClockCmd
                0x0000000008003560       0x40 build/inc/CORTEX_M4F_STM32F4/Libraries/STM32F4xx_StdPeriph_Driver/src/stm32f4xx_i2c.o
                0x0000000008003560                I2C_StretchClockCmd
 .text.I2C_FastModeDutyCycleConfig
                0x00000000080035a0       0x40 build/inc/CORTEX_M4F_STM32F4/Libraries/STM32F4xx_StdPeriph_Driver/src/stm32f4xx_i2c.o
                0x00000000080035a0                I2C_FastModeDutyCycleConfig
 .text.I2C_NACKPositionConfig
                0x00000000080035e0       0x40 build/inc/CORTEX_M4F_STM32F4/Libraries/STM32F4xx_StdPeriph_Driver/src/stm32f4xx_i2c.o
                0x00000000080035e0                I2C_NACKPositionConfig
 .text.I2C_SMBusAlertConfig
                0x0000000008003620       0x40 build/inc/CORTEX_M4F_STM32F4/Libraries/STM32F4xx_StdPeriph_Driver/src/stm32f4xx_i2c.o
                0x0000000008003620                I2C_SMBusAlertConfig
 .text.I2C_ARPCmd
                0x0000000008003660       0x40 build/inc/CORTEX_M4F_STM32F4/Libraries/STM32F4xx_StdPeriph_Driver/src/stm32f4xx_i2c.o
                0x0000000008003660                I2C_ARPCmd
 .text.I2C_SendData
                0x00000000080036a0       0x20 build/inc/CORTEX_M4F_STM32F4/Libraries/STM32F4xx_StdPeriph_Driver/src/stm32f4xx_i2c.o
                0x00000000080036a0                I2C_SendData
 .text.I2C_ReceiveData
                0x00000000080036c0       0x1c build/inc/CORTEX_M4F_STM32F4/Libraries/STM32F4xx_StdPeriph_Driver/src/stm32f4xx_i2c.o
                0x00000000080036c0                I2C_ReceiveData
 .text.I2C_TransmitPEC
                0x00000000080036dc       0x40 build/inc/CORTEX_M4F_STM32F4/Libraries/STM32F4xx_StdPeriph_Driver/src/stm32f4xx_i2c.o
                0x00000000080036dc                I2C_TransmitPEC
 .text.I2C_PECPositionConfig
                0x000000000800371c       0x40 build/inc/CORTEX_M4F_STM32F4/Libraries/STM32F4xx_StdPeriph_Driver/src/stm32f4xx_i2c.o
                0x000000000800371c                I2C_PECPositionConfig
 .text.I2C_CalculatePEC
                0x000000000800375c       0x40 build/inc/CORTEX_M4F_STM32F4/Libraries/STM32F4xx_StdPeriph_Driver/src/stm32f4xx_i2c.o
                0x000000000800375c                I2C_CalculatePEC
 .text.I2C_GetPEC
                0x000000000800379c       0x20 build/inc/CORTEX_M4F_STM32F4/Libraries/STM32F4xx_StdPeriph_Driver/src/stm32f4xx_i2c.o
                0x000000000800379c                I2C_GetPEC
 .text.I2C_DMACmd
                0x00000000080037bc       0x40 build/inc/CORTEX_M4F_STM32F4/Libraries/STM32F4xx_StdPeriph_Driver/src/stm32f4xx_i2c.o
                0x00000000080037bc                I2C_DMACmd
 .text.I2C_DMALastTransferCmd
                0x00000000080037fc       0x40 build/inc/CORTEX_M4F_STM32F4/Libraries/STM32F4xx_StdPeriph_Driver/src/stm32f4xx_i2c.o
                0x00000000080037fc                I2C_DMALastTransferCmd
 .text.I2C_ReadRegister
                0x000000000800383c       0x30 build/inc/CORTEX_M4F_STM32F4/Libraries/STM32F4xx_StdPeriph_Driver/src/stm32f4xx_i2c.o
                0x000000000800383c                I2C_ReadRegister
 .text.I2C_ITConfig
                0x000000000800386c       0x48 build/inc/CORTEX_M4F_STM32F4/Libraries/STM32F4xx_StdPeriph_Driver/src/stm32f4xx_i2c.o
                0x000000000800386c                I2C_ITConfig
 .text.I2C_CheckEvent
                0x00000000080038b4       0x60 build/inc/CORTEX_M4F_STM32F4/Libraries/STM32F4xx_StdPeriph_Driver/src/stm32f4xx_i2c.o
                0x00000000080038b4                I2C_CheckEvent
 .text.I2C_GetLastEvent
                0x0000000008003914       0x44 build/inc/CORTEX_M4F_STM32F4/Libraries/STM32F4xx_StdPeriph_Driver/src/stm32f4xx_i2c.o
                0x0000000008003914                I2C_GetLastEvent
 .text.I2C_GetFlagStatus
                0x0000000008003958       0x68 build/inc/CORTEX_M4F_STM32F4/Libraries/STM32F4xx_StdPeriph_Driver/src/stm32f4xx_i2c.o
                0x0000000008003958                I2C_GetFlagStatus
 .text.I2C_ClearFlag
                0x00000000080039c0       0x2c build/inc/CORTEX_M4F_STM32F4/Libraries/STM32F4xx_StdPeriph_Driver/src/stm32f4xx_i2c.o
                0x00000000080039c0                I2C_ClearFlag
 .text.I2C_GetITStatus
                0x00000000080039ec       0x5c build/inc/CORTEX_M4F_STM32F4/Libraries/STM32F4xx_StdPeriph_Driver/src/stm32f4xx_i2c.o
                0x00000000080039ec                I2C_GetITStatus
 .text.I2C_ClearITPendingBit
                0x0000000008003a48       0x2c build/inc/CORTEX_M4F_STM32F4/Libraries/STM32F4xx_StdPeriph_Driver/src/stm32f4xx_i2c.o
                0x0000000008003a48                I2C_ClearITPendingBit
 .text.DMA_DeInit
                0x0000000008003a74      0x1a4 build/inc/CORTEX_M4F_STM32F4/Libraries/STM32F4xx_StdPeriph_Driver/src/stm32f4xx_dma.o
                0x0000000008003a74                DMA_DeInit
 .text.DMA_Init
                0x0000000008003c18       0xac build/inc/CORTEX_M4F_STM32F4/Libraries/STM32F4xx_StdPeriph_Driver/src/stm32f4xx_dma.o
                0x0000000008003c18                DMA_Init
 .text.DMA_StructInit
                0x0000000008003cc4       0x6c build/inc/CORTEX_M4F_STM32F4/Libraries/STM32F4xx_StdPeriph_Driver/src/stm32f4xx_dma.o
                0x0000000008003cc4                DMA_StructInit
 .text.DMA_Cmd  0x0000000008003d30       0x38 build/inc/CORTEX_M4F_STM32F4/Libraries/STM32F4xx_StdPeriph_Driver/src/stm32f4xx_dma.o
                0x0000000008003d30                DMA_Cmd
 .text.DMA_PeriphIncOffsetSizeConfig
                0x0000000008003d68       0x34 build/inc/CORTEX_M4F_STM32F4/Libraries/STM32F4xx_StdPeriph_Driver/src/stm32f4xx_dma.o
                0x0000000008003d68                DMA_PeriphIncOffsetSizeConfig
 .text.DMA_FlowControllerConfig
                0x0000000008003d9c       0x34 build/inc/CORTEX_M4F_STM32F4/Libraries/STM32F4xx_StdPeriph_Driver/src/stm32f4xx_dma.o
                0x0000000008003d9c                DMA_FlowControllerConfig
 .text.DMA_SetCurrDataCounter
                0x0000000008003dd0       0x1c build/inc/CORTEX_M4F_STM32F4/Libraries/STM32F4xx_StdPeriph_Driver/src/stm32f4xx_dma.o
                0x0000000008003dd0                DMA_SetCurrDataCounter
 .text.DMA_GetCurrDataCounter
                0x0000000008003dec       0x1c build/inc/CORTEX_M4F_STM32F4/Libraries/STM32F4xx_StdPeriph_Driver/src/stm32f4xx_dma.o
                0x0000000008003dec                DMA_GetCurrDataCounter
 .text.DMA_DoubleBufferModeConfig
                0x0000000008003e08       0x3c build/inc/CORTEX_M4F_STM32F4/Libraries/STM32F4xx_StdPeriph_Driver/src/stm32f4xx_dma.o
                0x0000000008003e08                DMA_DoubleBufferModeConfig
 .text.DMA_DoubleBufferModeCmd
                0x0000000008003e44       0x38 build/inc/CORTEX_M4F_STM32F4/Libraries/STM32F4xx_StdPeriph_Driver/src/stm32f4xx_dma.o
                0x0000000008003e44                DMA_DoubleBufferModeCmd
 .text.DMA_MemoryTargetConfig
                0x0000000008003e7c       0x2c build/inc/CORTEX_M4F_STM32F4/Libraries/STM32F4xx_StdPeriph_Driver/src/stm32f4xx_dma.o
                0x0000000008003e7c                DMA_MemoryTargetConfig
 .text.DMA_GetCurrentMemoryTarget
                0x0000000008003ea8       0x30 build/inc/CORTEX_M4F_STM32F4/Libraries/STM32F4xx_StdPeriph_Driver/src/stm32f4xx_dma.o
                0x0000000008003ea8                DMA_GetCurrentMemoryTarget
 .text.DMA_GetCmdStatus
                0x0000000008003ed8       0x30 build/inc/CORTEX_M4F_STM32F4/Libraries/STM32F4xx_StdPeriph_Driver/src/stm32f4xx_dma.o
                0x0000000008003ed8                DMA_GetCmdStatus
 .text.DMA_GetFIFOStatus
                0x0000000008003f08       0x24 build/inc/CORTEX_M4F_STM32F4/Libraries/STM32F4xx_StdPeriph_Driver/src/stm32f4xx_dma.o
                0x0000000008003f08                DMA_GetFIFOStatus
 .text.DMA_GetFlagStatus
                0x0000000008003f2c       0x78 build/inc/CORTEX_M4F_STM32F4/Libraries/STM32F4xx_StdPeriph_Driver/src/stm32f4xx_dma.o
                0x0000000008003f2c                DMA_GetFlagStatus
 .text.DMA_ClearFlag
                0x0000000008003fa4       0x5c build/inc/CORTEX_M4F_STM32F4/Libraries/STM32F4xx_StdPeriph_Driver/src/stm32f4xx_dma.o
                0x0000000008003fa4                DMA_ClearFlag
 .text.DMA_ITConfig
                0x0000000008004000       0x74 build/inc/CORTEX_M4F_STM32F4/Libraries/STM32F4xx_StdPeriph_Driver/src/stm32f4xx_dma.o
                0x0000000008004000                DMA_ITConfig
 .text.DMA_GetITStatus
                0x0000000008004074       0xb0 build/inc/CORTEX_M4F_STM32F4/Libraries/STM32F4xx_StdPeriph_Driver/src/stm32f4xx_dma.o
                0x0000000008004074                DMA_GetITStatus
 .text.DMA_ClearITPendingBit
                0x0000000008004124       0x5c build/inc/CORTEX_M4F_STM32F4/Libraries/STM32F4xx_StdPeriph_Driver/src/stm32f4xx_dma.o
                0x0000000008004124                DMA_ClearITPendingBit
 .text.SPI_I2S_DeInit
                0x0000000008004180       0xd8 build/inc/CORTEX_M4F_STM32F4/Libraries/STM32F4xx_StdPeriph_Driver/src/stm32f4xx_spi.o
                0x0000000008004180                SPI_I2S_DeInit
 .text.SPI_Init
                0x0000000008004258       0x88 build/inc/CORTEX_M4F_STM32F4/Libraries/STM32F4xx_StdPeriph_Driver/src/stm32f4xx_spi.o
                0x0000000008004258                SPI_Init
 .text.I2S_Init
                0x00000000080042e0      0x1b0 build/inc/CORTEX_M4F_STM32F4/Libraries/STM32F4xx_StdPeriph_Driver/src/stm32f4xx_spi.o
                0x00000000080042e0                I2S_Init
 .text.SPI_StructInit
                0x0000000008004490       0x48 build/inc/CORTEX_M4F_STM32F4/Libraries/STM32F4xx_StdPeriph_Driver/src/stm32f4xx_spi.o
                0x0000000008004490                SPI_StructInit
 .text.I2S_StructInit
                0x00000000080044d8       0x38 build/inc/CORTEX_M4F_STM32F4/Libraries/STM32F4xx_StdPeriph_Driver/src/stm32f4xx_spi.o
                0x00000000080044d8                I2S_StructInit
 .text.SPI_Cmd  0x0000000008004510       0x40 build/inc/CORTEX_M4F_STM32F4/Libraries/STM32F4xx_StdPeriph_Driver/src/stm32f4xx_spi.o
                0x0000000008004510                SPI_Cmd
 .text.I2S_Cmd  0x0000000008004550       0x40 build/inc/CORTEX_M4F_STM32F4/Libraries/STM32F4xx_StdPeriph_Driver/src/stm32f4xx_spi.o
                0x0000000008004550                I2S_Cmd
 .text.SPI_DataSizeConfig
                0x0000000008004590       0x38 build/inc/CORTEX_M4F_STM32F4/Libraries/STM32F4xx_StdPeriph_Driver/src/stm32f4xx_spi.o
                0x0000000008004590                SPI_DataSizeConfig
 .text.SPI_BiDirectionalLineConfig
                0x00000000080045c8       0x40 build/inc/CORTEX_M4F_STM32F4/Libraries/STM32F4xx_StdPeriph_Driver/src/stm32f4xx_spi.o
                0x00000000080045c8                SPI_BiDirectionalLineConfig
 .text.SPI_NSSInternalSoftwareConfig
                0x0000000008004608       0x44 build/inc/CORTEX_M4F_STM32F4/Libraries/STM32F4xx_StdPeriph_Driver/src/stm32f4xx_spi.o
                0x0000000008004608                SPI_NSSInternalSoftwareConfig
 .text.SPI_SSOutputCmd
                0x000000000800464c       0x40 build/inc/CORTEX_M4F_STM32F4/Libraries/STM32F4xx_StdPeriph_Driver/src/stm32f4xx_spi.o
                0x000000000800464c                SPI_SSOutputCmd
 .text.SPI_TIModeCmd
                0x000000000800468c       0x40 build/inc/CORTEX_M4F_STM32F4/Libraries/STM32F4xx_StdPeriph_Driver/src/stm32f4xx_spi.o
                0x000000000800468c                SPI_TIModeCmd
 .text.I2S_FullDuplexConfig
                0x00000000080046cc       0x9c build/inc/CORTEX_M4F_STM32F4/Libraries/STM32F4xx_StdPeriph_Driver/src/stm32f4xx_spi.o
                0x00000000080046cc                I2S_FullDuplexConfig
 .text.SPI_I2S_ReceiveData
                0x0000000008004768       0x1c build/inc/CORTEX_M4F_STM32F4/Libraries/STM32F4xx_StdPeriph_Driver/src/stm32f4xx_spi.o
                0x0000000008004768                SPI_I2S_ReceiveData
 .text.SPI_I2S_SendData
                0x0000000008004784       0x1c build/inc/CORTEX_M4F_STM32F4/Libraries/STM32F4xx_StdPeriph_Driver/src/stm32f4xx_spi.o
                0x0000000008004784                SPI_I2S_SendData
 .text.SPI_CalculateCRC
                0x00000000080047a0       0x40 build/inc/CORTEX_M4F_STM32F4/Libraries/STM32F4xx_StdPeriph_Driver/src/stm32f4xx_spi.o
                0x00000000080047a0                SPI_CalculateCRC
 .text.SPI_TransmitCRC
                0x00000000080047e0       0x24 build/inc/CORTEX_M4F_STM32F4/Libraries/STM32F4xx_StdPeriph_Driver/src/stm32f4xx_spi.o
                0x00000000080047e0                SPI_TransmitCRC
 .text.SPI_GetCRC
                0x0000000008004804       0x34 build/inc/CORTEX_M4F_STM32F4/Libraries/STM32F4xx_StdPeriph_Driver/src/stm32f4xx_spi.o
                0x0000000008004804                SPI_GetCRC
 .text.SPI_GetCRCPolynomial
                0x0000000008004838       0x1c build/inc/CORTEX_M4F_STM32F4/Libraries/STM32F4xx_StdPeriph_Driver/src/stm32f4xx_spi.o
                0x0000000008004838                SPI_GetCRCPolynomial
 .text.SPI_I2S_DMACmd
                0x0000000008004854       0x48 build/inc/CORTEX_M4F_STM32F4/Libraries/STM32F4xx_StdPeriph_Driver/src/stm32f4xx_spi.o
                0x0000000008004854                SPI_I2S_DMACmd
 .text.SPI_I2S_ITConfig
                0x000000000800489c       0x60 build/inc/CORTEX_M4F_STM32F4/Libraries/STM32F4xx_StdPeriph_Driver/src/stm32f4xx_spi.o
                0x000000000800489c                SPI_I2S_ITConfig
 .text.SPI_I2S_GetFlagStatus
                0x00000000080048fc       0x38 build/inc/CORTEX_M4F_STM32F4/Libraries/STM32F4xx_StdPeriph_Driver/src/stm32f4xx_spi.o
                0x00000000080048fc                SPI_I2S_GetFlagStatus
 .text.SPI_I2S_ClearFlag
                0x0000000008004934       0x20 build/inc/CORTEX_M4F_STM32F4/Libraries/STM32F4xx_StdPeriph_Driver/src/stm32f4xx_spi.o
                0x0000000008004934                SPI_I2S_ClearFlag
 .text.SPI_I2S_GetITStatus
                0x0000000008004954       0x78 build/inc/CORTEX_M4F_STM32F4/Libraries/STM32F4xx_StdPeriph_Driver/src/stm32f4xx_spi.o
                0x0000000008004954                SPI_I2S_GetITStatus
 .text.SPI_I2S_ClearITPendingBit
                0x00000000080049cc       0x34 build/inc/CORTEX_M4F_STM32F4/Libraries/STM32F4xx_StdPeriph_Driver/src/stm32f4xx_spi.o
                0x00000000080049cc                SPI_I2S_ClearITPendingBit
 .text.EXTI_DeInit
                0x0000000008004a00       0x34 build/inc/CORTEX_M4F_STM32F4/Libraries/STM32F4xx_StdPeriph_Driver/src/stm32f4xx_exti.o
                0x0000000008004a00                EXTI_DeInit
 .text.EXTI_Init
                0x0000000008004a34       0xdc build/inc/CORTEX_M4F_STM32F4/Libraries/STM32F4xx_StdPeriph_Driver/src/stm32f4xx_exti.o
                0x0000000008004a34                EXTI_Init
 .text.EXTI_StructInit
                0x0000000008004b10       0x2c build/inc/CORTEX_M4F_STM32F4/Libraries/STM32F4xx_StdPeriph_Driver/src/stm32f4xx_exti.o
                0x0000000008004b10                EXTI_StructInit
 .text.EXTI_GenerateSWInterrupt
                0x0000000008004b3c       0x24 build/inc/CORTEX_M4F_STM32F4/Libraries/STM32F4xx_StdPeriph_Driver/src/stm32f4xx_exti.o
                0x0000000008004b3c                EXTI_GenerateSWInterrupt
 .text.EXTI_GetFlagStatus
                0x0000000008004b60       0x34 build/inc/CORTEX_M4F_STM32F4/Libraries/STM32F4xx_StdPeriph_Driver/src/stm32f4xx_exti.o
                0x0000000008004b60                EXTI_GetFlagStatus
 .text.EXTI_ClearFlag
                0x0000000008004b94       0x1c build/inc/CORTEX_M4F_STM32F4/Libraries/STM32F4xx_StdPeriph_Driver/src/stm32f4xx_exti.o
                0x0000000008004b94                EXTI_ClearFlag
 .text.EXTI_GetITStatus
                0x0000000008004bb0       0x34 build/inc/CORTEX_M4F_STM32F4/Libraries/STM32F4xx_StdPeriph_Driver/src/stm32f4xx_exti.o
                0x0000000008004bb0                EXTI_GetITStatus
 .text.EXTI_ClearITPendingBit
                0x0000000008004be4       0x1c build/inc/CORTEX_M4F_STM32F4/Libraries/STM32F4xx_StdPeriph_Driver/src/stm32f4xx_exti.o
                0x0000000008004be4                EXTI_ClearITPendingBit
 .text.DMA2D_DeInit
                0x0000000008004c00       0x1c build/inc/CORTEX_M4F_STM32F4/Libraries/STM32F4xx_StdPeriph_Driver/src/stm32f4xx_dma2d.o
                0x0000000008004c00                DMA2D_DeInit
 .text.DMA2D_Init
                0x0000000008004c1c      0x15c build/inc/CORTEX_M4F_STM32F4/Libraries/STM32F4xx_StdPeriph_Driver/src/stm32f4xx_dma2d.o
                0x0000000008004c1c                DMA2D_Init
 .text.DMA2D_StructInit
                0x0000000008004d78       0x50 build/inc/CORTEX_M4F_STM32F4/Libraries/STM32F4xx_StdPeriph_Driver/src/stm32f4xx_dma2d.o
                0x0000000008004d78                DMA2D_StructInit
 .text.DMA2D_StartTransfer
                0x0000000008004dc8       0x1c build/inc/CORTEX_M4F_STM32F4/Libraries/STM32F4xx_StdPeriph_Driver/src/stm32f4xx_dma2d.o
                0x0000000008004dc8                DMA2D_StartTransfer
 .text.DMA2D_AbortTransfer
                0x0000000008004de4       0x1c build/inc/CORTEX_M4F_STM32F4/Libraries/STM32F4xx_StdPeriph_Driver/src/stm32f4xx_dma2d.o
                0x0000000008004de4                DMA2D_AbortTransfer
 .text.DMA2D_Suspend
                0x0000000008004e00       0x38 build/inc/CORTEX_M4F_STM32F4/Libraries/STM32F4xx_StdPeriph_Driver/src/stm32f4xx_dma2d.o
                0x0000000008004e00                DMA2D_Suspend
 .text.DMA2D_FGConfig
                0x0000000008004e38       0xdc build/inc/CORTEX_M4F_STM32F4/Libraries/STM32F4xx_StdPeriph_Driver/src/stm32f4xx_dma2d.o
                0x0000000008004e38                DMA2D_FGConfig
 .text.DMA2D_FG_StructInit
                0x0000000008004f14       0x54 build/inc/CORTEX_M4F_STM32F4/Libraries/STM32F4xx_StdPeriph_Driver/src/stm32f4xx_dma2d.o
                0x0000000008004f14                DMA2D_FG_StructInit
 .text.DMA2D_BGConfig
                0x0000000008004f68       0xdc build/inc/CORTEX_M4F_STM32F4/Libraries/STM32F4xx_StdPeriph_Driver/src/stm32f4xx_dma2d.o
                0x0000000008004f68                DMA2D_BGConfig
 .text.DMA2D_BG_StructInit
                0x0000000008005044       0x54 build/inc/CORTEX_M4F_STM32F4/Libraries/STM32F4xx_StdPeriph_Driver/src/stm32f4xx_dma2d.o
                0x0000000008005044                DMA2D_BG_StructInit
 .text.DMA2D_FGStart
                0x0000000008005098       0x38 build/inc/CORTEX_M4F_STM32F4/Libraries/STM32F4xx_StdPeriph_Driver/src/stm32f4xx_dma2d.o
                0x0000000008005098                DMA2D_FGStart
 .text.DMA2D_BGStart
                0x00000000080050d0       0x38 build/inc/CORTEX_M4F_STM32F4/Libraries/STM32F4xx_StdPeriph_Driver/src/stm32f4xx_dma2d.o
                0x00000000080050d0                DMA2D_BGStart
 .text.DMA2D_DeadTimeConfig
                0x0000000008005108       0x54 build/inc/CORTEX_M4F_STM32F4/Libraries/STM32F4xx_StdPeriph_Driver/src/stm32f4xx_dma2d.o
                0x0000000008005108                DMA2D_DeadTimeConfig
 .text.DMA2D_LineWatermarkConfig
                0x000000000800515c       0x1c build/inc/CORTEX_M4F_STM32F4/Libraries/STM32F4xx_StdPeriph_Driver/src/stm32f4xx_dma2d.o
                0x000000000800515c                DMA2D_LineWatermarkConfig
 .text.DMA2D_ITConfig
                0x0000000008005178       0x3c build/inc/CORTEX_M4F_STM32F4/Libraries/STM32F4xx_StdPeriph_Driver/src/stm32f4xx_dma2d.o
                0x0000000008005178                DMA2D_ITConfig
 .text.DMA2D_GetFlagStatus
                0x00000000080051b4       0x34 build/inc/CORTEX_M4F_STM32F4/Libraries/STM32F4xx_StdPeriph_Driver/src/stm32f4xx_dma2d.o
                0x00000000080051b4                DMA2D_GetFlagStatus
 .text.DMA2D_ClearFlag
                0x00000000080051e8       0x1c build/inc/CORTEX_M4F_STM32F4/Libraries/STM32F4xx_StdPeriph_Driver/src/stm32f4xx_dma2d.o
                0x00000000080051e8                DMA2D_ClearFlag
 .text.DMA2D_GetITStatus
                0x0000000008005204       0x58 build/inc/CORTEX_M4F_STM32F4/Libraries/STM32F4xx_StdPeriph_Driver/src/stm32f4xx_dma2d.o
                0x0000000008005204                DMA2D_GetITStatus
 .text.DMA2D_ClearITPendingBit
                0x000000000800525c       0x24 build/inc/CORTEX_M4F_STM32F4/Libraries/STM32F4xx_StdPeriph_Driver/src/stm32f4xx_dma2d.o
                0x000000000800525c                DMA2D_ClearITPendingBit
 .text.LTDC_DeInit
                0x0000000008005280       0x1c build/inc/CORTEX_M4F_STM32F4/Libraries/STM32F4xx_StdPeriph_Driver/src/stm32f4xx_ltdc.o
                0x0000000008005280                LTDC_DeInit
 .text.LTDC_Init
                0x000000000800529c      0x12c build/inc/CORTEX_M4F_STM32F4/Libraries/STM32F4xx_StdPeriph_Driver/src/stm32f4xx_ltdc.o
                0x000000000800529c                LTDC_Init
 .text.LTDC_StructInit
                0x00000000080053c8       0x6c build/inc/CORTEX_M4F_STM32F4/Libraries/STM32F4xx_StdPeriph_Driver/src/stm32f4xx_ltdc.o
                0x00000000080053c8                LTDC_StructInit
 .text.LTDC_Cmd
                0x0000000008005434       0x38 build/inc/CORTEX_M4F_STM32F4/Libraries/STM32F4xx_StdPeriph_Driver/src/stm32f4xx_ltdc.o
                0x0000000008005434                LTDC_Cmd
 .text.LTDC_DitherCmd
                0x000000000800546c       0x38 build/inc/CORTEX_M4F_STM32F4/Libraries/STM32F4xx_StdPeriph_Driver/src/stm32f4xx_ltdc.o
                0x000000000800546c                LTDC_DitherCmd
 .text.LTDC_GetRGBWidth
                0x00000000080054a4       0x58 build/inc/CORTEX_M4F_STM32F4/Libraries/STM32F4xx_StdPeriph_Driver/src/stm32f4xx_ltdc.o
                0x00000000080054a4                LTDC_GetRGBWidth
 .text.LTDC_RGBStructInit
                0x00000000080054fc       0x24 build/inc/CORTEX_M4F_STM32F4/Libraries/STM32F4xx_StdPeriph_Driver/src/stm32f4xx_ltdc.o
                0x00000000080054fc                LTDC_RGBStructInit
 .text.LTDC_LIPConfig
                0x0000000008005520       0x1c build/inc/CORTEX_M4F_STM32F4/Libraries/STM32F4xx_StdPeriph_Driver/src/stm32f4xx_ltdc.o
                0x0000000008005520                LTDC_LIPConfig
 .text.LTDC_ReloadConfig
                0x000000000800553c       0x1c build/inc/CORTEX_M4F_STM32F4/Libraries/STM32F4xx_StdPeriph_Driver/src/stm32f4xx_ltdc.o
                0x000000000800553c                LTDC_ReloadConfig
 .text.LTDC_LayerInit
                0x0000000008005558      0x134 build/inc/CORTEX_M4F_STM32F4/Libraries/STM32F4xx_StdPeriph_Driver/src/stm32f4xx_ltdc.o
                0x0000000008005558                LTDC_LayerInit
 .text.LTDC_LayerStructInit
                0x000000000800568c       0x74 build/inc/CORTEX_M4F_STM32F4/Libraries/STM32F4xx_StdPeriph_Driver/src/stm32f4xx_ltdc.o
                0x000000000800568c                LTDC_LayerStructInit
 .text.LTDC_LayerCmd
                0x0000000008005700       0x38 build/inc/CORTEX_M4F_STM32F4/Libraries/STM32F4xx_StdPeriph_Driver/src/stm32f4xx_ltdc.o
                0x0000000008005700                LTDC_LayerCmd
 .text.LTDC_GetPosStatus
                0x0000000008005738       0x40 build/inc/CORTEX_M4F_STM32F4/Libraries/STM32F4xx_StdPeriph_Driver/src/stm32f4xx_ltdc.o
                0x0000000008005738                LTDC_GetPosStatus
 .text.LTDC_PosStructInit
                0x0000000008005778       0x20 build/inc/CORTEX_M4F_STM32F4/Libraries/STM32F4xx_StdPeriph_Driver/src/stm32f4xx_ltdc.o
                0x0000000008005778                LTDC_PosStructInit
 .text.LTDC_GetCDStatus
                0x0000000008005798       0x30 build/inc/CORTEX_M4F_STM32F4/Libraries/STM32F4xx_StdPeriph_Driver/src/stm32f4xx_ltdc.o
                0x0000000008005798                LTDC_GetCDStatus
 .text.LTDC_ColorKeyingConfig
                0x00000000080057c8       0x7c build/inc/CORTEX_M4F_STM32F4/Libraries/STM32F4xx_StdPeriph_Driver/src/stm32f4xx_ltdc.o
                0x00000000080057c8                LTDC_ColorKeyingConfig
 .text.LTDC_ColorKeyingStructInit
                0x0000000008005844       0x24 build/inc/CORTEX_M4F_STM32F4/Libraries/STM32F4xx_StdPeriph_Driver/src/stm32f4xx_ltdc.o
                0x0000000008005844                LTDC_ColorKeyingStructInit
 .text.LTDC_CLUTCmd
                0x0000000008005868       0x40 build/inc/CORTEX_M4F_STM32F4/Libraries/STM32F4xx_StdPeriph_Driver/src/stm32f4xx_ltdc.o
                0x0000000008005868                LTDC_CLUTCmd
 .text.LTDC_CLUTInit
                0x00000000080058a8       0x4c build/inc/CORTEX_M4F_STM32F4/Libraries/STM32F4xx_StdPeriph_Driver/src/stm32f4xx_ltdc.o
                0x00000000080058a8                LTDC_CLUTInit
 .text.LTDC_CLUTStructInit
                0x00000000080058f4       0x2c build/inc/CORTEX_M4F_STM32F4/Libraries/STM32F4xx_StdPeriph_Driver/src/stm32f4xx_ltdc.o
                0x00000000080058f4                LTDC_CLUTStructInit
 .text.LTDC_LayerPosition
                0x0000000008005920       0xdc build/inc/CORTEX_M4F_STM32F4/Libraries/STM32F4xx_StdPeriph_Driver/src/stm32f4xx_ltdc.o
                0x0000000008005920                LTDC_LayerPosition
 .text.LTDC_LayerAlpha
                0x00000000080059fc       0x1c build/inc/CORTEX_M4F_STM32F4/Libraries/STM32F4xx_StdPeriph_Driver/src/stm32f4xx_ltdc.o
                0x00000000080059fc                LTDC_LayerAlpha
 .text.LTDC_LayerAddress
                0x0000000008005a18       0x1c build/inc/CORTEX_M4F_STM32F4/Libraries/STM32F4xx_StdPeriph_Driver/src/stm32f4xx_ltdc.o
                0x0000000008005a18                LTDC_LayerAddress
 .text.LTDC_LayerSize
                0x0000000008005a34       0xcc build/inc/CORTEX_M4F_STM32F4/Libraries/STM32F4xx_StdPeriph_Driver/src/stm32f4xx_ltdc.o
                0x0000000008005a34                LTDC_LayerSize
 .text.LTDC_LayerPixelFormat
                0x0000000008005b00       0xc0 build/inc/CORTEX_M4F_STM32F4/Libraries/STM32F4xx_StdPeriph_Driver/src/stm32f4xx_ltdc.o
                0x0000000008005b00                LTDC_LayerPixelFormat
 .text.LTDC_ITConfig
                0x0000000008005bc0       0x3c build/inc/CORTEX_M4F_STM32F4/Libraries/STM32F4xx_StdPeriph_Driver/src/stm32f4xx_ltdc.o
                0x0000000008005bc0                LTDC_ITConfig
 .text.LTDC_GetFlagStatus
                0x0000000008005bfc       0x34 build/inc/CORTEX_M4F_STM32F4/Libraries/STM32F4xx_StdPeriph_Driver/src/stm32f4xx_ltdc.o
                0x0000000008005bfc                LTDC_GetFlagStatus
 .text.LTDC_ClearFlag
                0x0000000008005c30       0x1c build/inc/CORTEX_M4F_STM32F4/Libraries/STM32F4xx_StdPeriph_Driver/src/stm32f4xx_ltdc.o
                0x0000000008005c30                LTDC_ClearFlag
 .text.LTDC_GetITStatus
                0x0000000008005c4c       0x50 build/inc/CORTEX_M4F_STM32F4/Libraries/STM32F4xx_StdPeriph_Driver/src/stm32f4xx_ltdc.o
                0x0000000008005c4c                LTDC_GetITStatus
 .text.LTDC_ClearITPendingBit
                0x0000000008005c9c       0x1c build/inc/CORTEX_M4F_STM32F4/Libraries/STM32F4xx_StdPeriph_Driver/src/stm32f4xx_ltdc.o
                0x0000000008005c9c                LTDC_ClearITPendingBit
 .text.FMC_NORSRAMDeInit
                0x0000000008005cb8       0x58 build/inc/CORTEX_M4F_STM32F4/Libraries/STM32F4xx_StdPeriph_Driver/src/stm32f4xx_fmc.o
                0x0000000008005cb8                FMC_NORSRAMDeInit
 .text.FMC_NORSRAMInit
                0x0000000008005d10      0x194 build/inc/CORTEX_M4F_STM32F4/Libraries/STM32F4xx_StdPeriph_Driver/src/stm32f4xx_fmc.o
                0x0000000008005d10                FMC_NORSRAMInit
 .text.FMC_NORSRAMStructInit
                0x0000000008005ea4       0xdc build/inc/CORTEX_M4F_STM32F4/Libraries/STM32F4xx_StdPeriph_Driver/src/stm32f4xx_fmc.o
                0x0000000008005ea4                FMC_NORSRAMStructInit
 .text.FMC_NORSRAMCmd
                0x0000000008005f80       0x54 build/inc/CORTEX_M4F_STM32F4/Libraries/STM32F4xx_StdPeriph_Driver/src/stm32f4xx_fmc.o
                0x0000000008005f80                FMC_NORSRAMCmd
 .text.FMC_NANDDeInit
                0x0000000008005fd4       0x5c build/inc/CORTEX_M4F_STM32F4/Libraries/STM32F4xx_StdPeriph_Driver/src/stm32f4xx_fmc.o
                0x0000000008005fd4                FMC_NANDDeInit
 .text.FMC_NANDInit
                0x0000000008006030       0xcc build/inc/CORTEX_M4F_STM32F4/Libraries/STM32F4xx_StdPeriph_Driver/src/stm32f4xx_fmc.o
                0x0000000008006030                FMC_NANDInit
 .text.FMC_NANDStructInit
                0x00000000080060fc       0x7c build/inc/CORTEX_M4F_STM32F4/Libraries/STM32F4xx_StdPeriph_Driver/src/stm32f4xx_fmc.o
                0x00000000080060fc                FMC_NANDStructInit
 .text.FMC_NANDCmd
                0x0000000008006178       0x6c build/inc/CORTEX_M4F_STM32F4/Libraries/STM32F4xx_StdPeriph_Driver/src/stm32f4xx_fmc.o
                0x0000000008006178                FMC_NANDCmd
 .text.FMC_NANDECCCmd
                0x00000000080061e4       0x6c build/inc/CORTEX_M4F_STM32F4/Libraries/STM32F4xx_StdPeriph_Driver/src/stm32f4xx_fmc.o
                0x00000000080061e4                FMC_NANDECCCmd
 .text.FMC_GetECC
                0x0000000008006250       0x38 build/inc/CORTEX_M4F_STM32F4/Libraries/STM32F4xx_StdPeriph_Driver/src/stm32f4xx_fmc.o
                0x0000000008006250                FMC_GetECC
 .text.FMC_PCCARDDeInit
                0x0000000008006288       0x34 build/inc/CORTEX_M4F_STM32F4/Libraries/STM32F4xx_StdPeriph_Driver/src/stm32f4xx_fmc.o
                0x0000000008006288                FMC_PCCARDDeInit
 .text.FMC_PCCARDInit
                0x00000000080062bc       0xac build/inc/CORTEX_M4F_STM32F4/Libraries/STM32F4xx_StdPeriph_Driver/src/stm32f4xx_fmc.o
                0x00000000080062bc                FMC_PCCARDInit
 .text.FMC_PCCARDStructInit
                0x0000000008006368       0x84 build/inc/CORTEX_M4F_STM32F4/Libraries/STM32F4xx_StdPeriph_Driver/src/stm32f4xx_fmc.o
                0x0000000008006368                FMC_PCCARDStructInit
 .text.FMC_PCCARDCmd
                0x00000000080063ec       0x3c build/inc/CORTEX_M4F_STM32F4/Libraries/STM32F4xx_StdPeriph_Driver/src/stm32f4xx_fmc.o
                0x00000000080063ec                FMC_PCCARDCmd
 .text.FMC_SDRAMDeInit
                0x0000000008006428       0x44 build/inc/CORTEX_M4F_STM32F4/Libraries/STM32F4xx_StdPeriph_Driver/src/stm32f4xx_fmc.o
                0x0000000008006428                FMC_SDRAMDeInit
 .text.FMC_SDRAMInit
                0x000000000800646c      0x15c build/inc/CORTEX_M4F_STM32F4/Libraries/STM32F4xx_StdPeriph_Driver/src/stm32f4xx_fmc.o
                0x000000000800646c                FMC_SDRAMInit
 .text.FMC_SDRAMStructInit
                0x00000000080065c8       0x88 build/inc/CORTEX_M4F_STM32F4/Libraries/STM32F4xx_StdPeriph_Driver/src/stm32f4xx_fmc.o
                0x00000000080065c8                FMC_SDRAMStructInit
 .text.FMC_SDRAMCmdConfig
                0x0000000008006650       0x40 build/inc/CORTEX_M4F_STM32F4/Libraries/STM32F4xx_StdPeriph_Driver/src/stm32f4xx_fmc.o
                0x0000000008006650                FMC_SDRAMCmdConfig
 .text.FMC_GetModeStatus
                0x0000000008006690       0x3c build/inc/CORTEX_M4F_STM32F4/Libraries/STM32F4xx_StdPeriph_Driver/src/stm32f4xx_fmc.o
                0x0000000008006690                FMC_GetModeStatus
 .text.FMC_SetRefreshCount
                0x00000000080066cc       0x24 build/inc/CORTEX_M4F_STM32F4/Libraries/STM32F4xx_StdPeriph_Driver/src/stm32f4xx_fmc.o
                0x00000000080066cc                FMC_SetRefreshCount
 .text.FMC_SetAutoRefresh_Number
                0x00000000080066f0       0x24 build/inc/CORTEX_M4F_STM32F4/Libraries/STM32F4xx_StdPeriph_Driver/src/stm32f4xx_fmc.o
                0x00000000080066f0                FMC_SetAutoRefresh_Number
 .text.FMC_SDRAMWriteProtectionConfig
                0x0000000008006714       0x4c build/inc/CORTEX_M4F_STM32F4/Libraries/STM32F4xx_StdPeriph_Driver/src/stm32f4xx_fmc.o
                0x0000000008006714                FMC_SDRAMWriteProtectionConfig
 .text.FMC_ITConfig
                0x0000000008006760       0xd0 build/inc/CORTEX_M4F_STM32F4/Libraries/STM32F4xx_StdPeriph_Driver/src/stm32f4xx_fmc.o
                0x0000000008006760                FMC_ITConfig
 .text.FMC_GetFlagStatus
                0x0000000008006830       0x7c build/inc/CORTEX_M4F_STM32F4/Libraries/STM32F4xx_StdPeriph_Driver/src/stm32f4xx_fmc.o
                0x0000000008006830                FMC_GetFlagStatus
 .text.FMC_ClearFlag
                0x00000000080068ac       0x78 build/inc/CORTEX_M4F_STM32F4/Libraries/STM32F4xx_StdPeriph_Driver/src/stm32f4xx_fmc.o
                0x00000000080068ac                FMC_ClearFlag
 .text.FMC_GetITStatus
                0x0000000008006924       0xb4 build/inc/CORTEX_M4F_STM32F4/Libraries/STM32F4xx_StdPeriph_Driver/src/stm32f4xx_fmc.o
                0x0000000008006924                FMC_GetITStatus
 .text.FMC_ClearITPendingBit
                0x00000000080069d8       0x7c build/inc/CORTEX_M4F_STM32F4/Libraries/STM32F4xx_StdPeriph_Driver/src/stm32f4xx_fmc.o
                0x00000000080069d8                FMC_ClearITPendingBit
 .text.RNG_DeInit
                0x0000000008006a54       0x18 build/inc/CORTEX_M4F_STM32F4/Libraries/STM32F4xx_StdPeriph_Driver/src/stm32f4xx_rng.o
                0x0000000008006a54                RNG_DeInit
 .text.RNG_Cmd  0x0000000008006a6c       0x38 build/inc/CORTEX_M4F_STM32F4/Libraries/STM32F4xx_StdPeriph_Driver/src/stm32f4xx_rng.o
                0x0000000008006a6c                RNG_Cmd
 .text.RNG_GetRandomNumber
                0x0000000008006aa4       0x18 build/inc/CORTEX_M4F_STM32F4/Libraries/STM32F4xx_StdPeriph_Driver/src/stm32f4xx_rng.o
                0x0000000008006aa4                RNG_GetRandomNumber
 .text.RNG_ITConfig
                0x0000000008006abc       0x38 build/inc/CORTEX_M4F_STM32F4/Libraries/STM32F4xx_StdPeriph_Driver/src/stm32f4xx_rng.o
                0x0000000008006abc                RNG_ITConfig
 .text.RNG_GetFlagStatus
                0x0000000008006af4       0x38 build/inc/CORTEX_M4F_STM32F4/Libraries/STM32F4xx_StdPeriph_Driver/src/stm32f4xx_rng.o
                0x0000000008006af4                RNG_GetFlagStatus
 .text.RNG_ClearFlag
                0x0000000008006b2c       0x24 build/inc/CORTEX_M4F_STM32F4/Libraries/STM32F4xx_StdPeriph_Driver/src/stm32f4xx_rng.o
                0x0000000008006b2c                RNG_ClearFlag
 .text.RNG_GetITStatus
                0x0000000008006b50       0x38 build/inc/CORTEX_M4F_STM32F4/Libraries/STM32F4xx_StdPeriph_Driver/src/stm32f4xx_rng.o
                0x0000000008006b50                RNG_GetITStatus
 .text.RNG_ClearITPendingBit
                0x0000000008006b88       0x24 build/inc/CORTEX_M4F_STM32F4/Libraries/STM32F4xx_StdPeriph_Driver/src/stm32f4xx_rng.o
                0x0000000008006b88                RNG_ClearITPendingBit
 .text.STM_EVAL_LEDInit
                0x0000000008006bac       0x5c build/inc/Utilities/STM32F429I-Discovery/stm32f429i_discovery.o
                0x0000000008006bac                STM_EVAL_LEDInit
 .text.STM_EVAL_LEDOn
                0x0000000008006c08       0x30 build/inc/Utilities/STM32F429I-Discovery/stm32f429i_discovery.o
                0x0000000008006c08                STM_EVAL_LEDOn
 .text.STM_EVAL_LEDOff
                0x0000000008006c38       0x30 build/inc/Utilities/STM32F429I-Discovery/stm32f429i_discovery.o
                0x0000000008006c38                STM_EVAL_LEDOff
 .text.STM_EVAL_LEDToggle
                0x0000000008006c68       0x3c build/inc/Utilities/STM32F429I-Discovery/stm32f429i_discovery.o
                0x0000000008006c68                STM_EVAL_LEDToggle
 .text.STM_EVAL_PBInit
                0x0000000008006ca4       0x94 build/inc/Utilities/STM32F429I-Discovery/stm32f429i_discovery.o
                0x0000000008006ca4                STM_EVAL_PBInit
 .text.STM_EVAL_PBGetState
                0x0000000008006d38       0x2c build/inc/Utilities/STM32F429I-Discovery/stm32f429i_discovery.o
                0x0000000008006d38                STM_EVAL_PBGetState
 .text.sEE_LowLevel_DeInit
                0x0000000008006d64       0xb8 build/inc/Utilities/STM32F429I-Discovery/stm32f429i_discovery.o
                0x0000000008006d64                sEE_LowLevel_DeInit
 .text.sEE_LowLevel_Init
                0x0000000008006e1c      0x198 build/inc/Utilities/STM32F429I-Discovery/stm32f429i_discovery.o
                0x0000000008006e1c                sEE_LowLevel_Init
 .text.sEE_LowLevel_DMAConfig
                0x0000000008006fb4       0x5c build/inc/Utilities/STM32F429I-Discovery/stm32f429i_discovery.o
                0x0000000008006fb4                sEE_LowLevel_DMAConfig
 .text.SDRAM_Init
                0x0000000008007010       0x74 build/inc/Utilities/STM32F429I-Discovery/stm32f429i_discovery_sdram.o
                0x0000000008007010                SDRAM_Init
 .text.SDRAM_GPIOConfig
                0x0000000008007084      0x214 build/inc/Utilities/STM32F429I-Discovery/stm32f429i_discovery_sdram.o
                0x0000000008007084                SDRAM_GPIOConfig
 .text.SDRAM_InitSequence
                0x0000000008007298       0xec build/inc/Utilities/STM32F429I-Discovery/stm32f429i_discovery_sdram.o
                0x0000000008007298                SDRAM_InitSequence
 .text.SDRAM_WriteBuffer
                0x0000000008007384       0x54 build/inc/Utilities/STM32F429I-Discovery/stm32f429i_discovery_sdram.o
                0x0000000008007384                SDRAM_WriteBuffer
 .text.SDRAM_ReadBuffer
                0x00000000080073d8       0x4c build/inc/Utilities/STM32F429I-Discovery/stm32f429i_discovery_sdram.o
                0x00000000080073d8                SDRAM_ReadBuffer
 .text.delay    0x0000000008007424       0x34 build/inc/Utilities/STM32F429I-Discovery/stm32f429i_discovery_sdram.o
 .text.L3GD20_Init
                0x0000000008007458       0x78 build/inc/Utilities/STM32F429I-Discovery/stm32f429i_discovery_l3gd20.o
                0x0000000008007458                L3GD20_Init
 .text.L3GD20_RebootCmd
                0x00000000080074d0       0x30 build/inc/Utilities/STM32F429I-Discovery/stm32f429i_discovery_l3gd20.o
                0x00000000080074d0                L3GD20_RebootCmd
 .text.L3GD20_INT1InterruptConfig
                0x0000000008007500       0x84 build/inc/Utilities/STM32F429I-Discovery/stm32f429i_discovery_l3gd20.o
                0x0000000008007500                L3GD20_INT1InterruptConfig
 .text.L3GD20_INT1InterruptCmd
                0x0000000008007584       0x40 build/inc/Utilities/STM32F429I-Discovery/stm32f429i_discovery_l3gd20.o
                0x0000000008007584                L3GD20_INT1InterruptCmd
 .text.L3GD20_INT2InterruptCmd
                0x00000000080075c4       0x40 build/inc/Utilities/STM32F429I-Discovery/stm32f429i_discovery_l3gd20.o
                0x00000000080075c4                L3GD20_INT2InterruptCmd
 .text.L3GD20_FilterConfig
                0x0000000008007604       0x48 build/inc/Utilities/STM32F429I-Discovery/stm32f429i_discovery_l3gd20.o
                0x0000000008007604                L3GD20_FilterConfig
 .text.L3GD20_FilterCmd
                0x000000000800764c       0x40 build/inc/Utilities/STM32F429I-Discovery/stm32f429i_discovery_l3gd20.o
                0x000000000800764c                L3GD20_FilterCmd
 .text.L3GD20_GetDataStatus
                0x000000000800768c       0x1c build/inc/Utilities/STM32F429I-Discovery/stm32f429i_discovery_l3gd20.o
                0x000000000800768c                L3GD20_GetDataStatus
 .text.L3GD20_Write
                0x00000000080076a8       0x60 build/inc/Utilities/STM32F429I-Discovery/stm32f429i_discovery_l3gd20.o
                0x00000000080076a8                L3GD20_Write
 .text.L3GD20_Read
                0x0000000008007708       0x6c build/inc/Utilities/STM32F429I-Discovery/stm32f429i_discovery_l3gd20.o
                0x0000000008007708                L3GD20_Read
 .text.L3GD20_LowLevel_Init
                0x0000000008007774      0x138 build/inc/Utilities/STM32F429I-Discovery/stm32f429i_discovery_l3gd20.o
 .text.L3GD20_SendByte
                0x00000000080078ac       0x90 build/inc/Utilities/STM32F429I-Discovery/stm32f429i_discovery_l3gd20.o
 .text.L3GD20_TIMEOUT_UserCallback
                0x000000000800793c        0x8 build/inc/Utilities/STM32F429I-Discovery/stm32f429i_discovery_l3gd20.o
                0x000000000800793c                L3GD20_TIMEOUT_UserCallback
 .text.LCD_DeInit
                0x0000000008007944      0x224 build/inc/Utilities/STM32F429I-Discovery/stm32f429i_discovery_lcd.o
                0x0000000008007944                LCD_DeInit
 .text.LCD_Init
                0x0000000008007b68       0xb4 build/inc/Utilities/STM32F429I-Discovery/stm32f429i_discovery_lcd.o
                0x0000000008007b68                LCD_Init
 .text.LCD_LayerInit
                0x0000000008007c1c       0xb4 build/inc/Utilities/STM32F429I-Discovery/stm32f429i_discovery_lcd.o
                0x0000000008007c1c                LCD_LayerInit
 .text.LCD_ChipSelect
                0x0000000008007cd0       0x2c build/inc/Utilities/STM32F429I-Discovery/stm32f429i_discovery_lcd.o
                0x0000000008007cd0                LCD_ChipSelect
 .text.LCD_SetLayer
                0x0000000008007cfc       0x40 build/inc/Utilities/STM32F429I-Discovery/stm32f429i_discovery_lcd.o
                0x0000000008007cfc                LCD_SetLayer
 .text.LCD_SetColors
                0x0000000008007d3c       0x2c build/inc/Utilities/STM32F429I-Discovery/stm32f429i_discovery_lcd.o
                0x0000000008007d3c                LCD_SetColors
 .text.LCD_GetColors
                0x0000000008007d68       0x2c build/inc/Utilities/STM32F429I-Discovery/stm32f429i_discovery_lcd.o
                0x0000000008007d68                LCD_GetColors
 .text.LCD_SetTextColor
                0x0000000008007d94       0x20 build/inc/Utilities/STM32F429I-Discovery/stm32f429i_discovery_lcd.o
                0x0000000008007d94                LCD_SetTextColor
 .text.LCD_SetBackColor
                0x0000000008007db4       0x20 build/inc/Utilities/STM32F429I-Discovery/stm32f429i_discovery_lcd.o
                0x0000000008007db4                LCD_SetBackColor
 .text.LCD_SetFont
                0x0000000008007dd4       0x1c build/inc/Utilities/STM32F429I-Discovery/stm32f429i_discovery_lcd.o
                0x0000000008007dd4                LCD_SetFont
 .text.LCD_SetTransparency
                0x0000000008007df0       0x40 build/inc/Utilities/STM32F429I-Discovery/stm32f429i_discovery_lcd.o
                0x0000000008007df0                LCD_SetTransparency
 .text.LCD_GetFont
                0x0000000008007e30       0x18 build/inc/Utilities/STM32F429I-Discovery/stm32f429i_discovery_lcd.o
                0x0000000008007e30                LCD_GetFont
 .text.LCD_ClearLine
                0x0000000008007e48       0x50 build/inc/Utilities/STM32F429I-Discovery/stm32f429i_discovery_lcd.o
                0x0000000008007e48                LCD_ClearLine
 .text.LCD_Clear
                0x0000000008007e98       0x40 build/inc/Utilities/STM32F429I-Discovery/stm32f429i_discovery_lcd.o
                0x0000000008007e98                LCD_Clear
 .text.LCD_SetCursor
                0x0000000008007ed8       0x38 build/inc/Utilities/STM32F429I-Discovery/stm32f429i_discovery_lcd.o
                0x0000000008007ed8                LCD_SetCursor
 .text.LCD_SetColorKeying
                0x0000000008007f10       0x68 build/inc/Utilities/STM32F429I-Discovery/stm32f429i_discovery_lcd.o
                0x0000000008007f10                LCD_SetColorKeying
 .text.LCD_ReSetColorKeying
                0x0000000008007f78       0x48 build/inc/Utilities/STM32F429I-Discovery/stm32f429i_discovery_lcd.o
                0x0000000008007f78                LCD_ReSetColorKeying
 .text.LCD_DrawChar
                0x0000000008007fc0      0x120 build/inc/Utilities/STM32F429I-Discovery/stm32f429i_discovery_lcd.o
                0x0000000008007fc0                LCD_DrawChar
 .text.LCD_DisplayChar
                0x00000000080080e0       0x48 build/inc/Utilities/STM32F429I-Discovery/stm32f429i_discovery_lcd.o
                0x00000000080080e0                LCD_DisplayChar
 .text.LCD_DisplayStringLine
                0x0000000008008128       0x78 build/inc/Utilities/STM32F429I-Discovery/stm32f429i_discovery_lcd.o
                0x0000000008008128                LCD_DisplayStringLine
 .text.LCD_SetDisplayWindow
                0x00000000080081a0       0x7c build/inc/Utilities/STM32F429I-Discovery/stm32f429i_discovery_lcd.o
                0x00000000080081a0                LCD_SetDisplayWindow
 .text.LCD_WindowModeDisable
                0x000000000800821c       0x14 build/inc/Utilities/STM32F429I-Discovery/stm32f429i_discovery_lcd.o
                0x000000000800821c                LCD_WindowModeDisable
 .text.LCD_DrawLine
                0x0000000008008230       0xc8 build/inc/Utilities/STM32F429I-Discovery/stm32f429i_discovery_lcd.o
                0x0000000008008230                LCD_DrawLine
 .text.LCD_DrawRect
                0x00000000080082f8       0x68 build/inc/Utilities/STM32F429I-Discovery/stm32f429i_discovery_lcd.o
                0x00000000080082f8                LCD_DrawRect
 .text.LCD_DrawCircle
                0x0000000008008360      0x128 build/inc/Utilities/STM32F429I-Discovery/stm32f429i_discovery_lcd.o
                0x0000000008008360                LCD_DrawCircle
 .text.LCD_DrawFullEllipse
                0x0000000008008488      0x2bc build/inc/Utilities/STM32F429I-Discovery/stm32f429i_discovery_lcd.o
                0x0000000008008488                LCD_DrawFullEllipse
 .text.LCD_DrawEllipse
                0x0000000008008744      0x350 build/inc/Utilities/STM32F429I-Discovery/stm32f429i_discovery_lcd.o
                0x0000000008008744                LCD_DrawEllipse
 .text.LCD_DrawMonoPict
                0x0000000008008a94       0x7c build/inc/Utilities/STM32F429I-Discovery/stm32f429i_discovery_lcd.o
                0x0000000008008a94                LCD_DrawMonoPict
 .text.LCD_WriteBMP
                0x0000000008008b10      0x1dc build/inc/Utilities/STM32F429I-Discovery/stm32f429i_discovery_lcd.o
                0x0000000008008b10                LCD_WriteBMP
 .text.LCD_DrawFullRect
                0x0000000008008cec       0xc0 build/inc/Utilities/STM32F429I-Discovery/stm32f429i_discovery_lcd.o
                0x0000000008008cec                LCD_DrawFullRect
 .text.LCD_DrawFullCircle
                0x0000000008008dac      0x120 build/inc/Utilities/STM32F429I-Discovery/stm32f429i_discovery_lcd.o
                0x0000000008008dac                LCD_DrawFullCircle
 .text.LCD_DrawUniLine
                0x0000000008008ecc      0x168 build/inc/Utilities/STM32F429I-Discovery/stm32f429i_discovery_lcd.o
                0x0000000008008ecc                LCD_DrawUniLine
 .text.LCD_Triangle
                0x0000000008009034       0x78 build/inc/Utilities/STM32F429I-Discovery/stm32f429i_discovery_lcd.o
                0x0000000008009034                LCD_Triangle
 .text.LCD_FillTriangle
                0x00000000080090ac      0x164 build/inc/Utilities/STM32F429I-Discovery/stm32f429i_discovery_lcd.o
                0x00000000080090ac                LCD_FillTriangle
 .text.LCD_PolyLine
                0x0000000008009210       0x58 build/inc/Utilities/STM32F429I-Discovery/stm32f429i_discovery_lcd.o
                0x0000000008009210                LCD_PolyLine
 .text.LCD_PolyLineRelativeClosed
                0x0000000008009268       0xa0 build/inc/Utilities/STM32F429I-Discovery/stm32f429i_discovery_lcd.o
 .text.LCD_ClosedPolyLine
                0x0000000008009308       0x50 build/inc/Utilities/STM32F429I-Discovery/stm32f429i_discovery_lcd.o