Archive member included to satisfy reference by file (symbol)

/usr/lib/gcc/arm-none-eabi/4.8/../../../arm-none-eabi/lib/armv7e-m/softfp/libm.a(lib_a-s_atan.o)
                              build/src/attitude.o (atan)
/usr/lib/gcc/arm-none-eabi/4.8/../../../arm-none-eabi/lib/armv7e-m/softfp/libm.a(lib_a-s_fabs.o)
                              /usr/lib/gcc/arm-none-eabi/4.8/../../../arm-none-eabi/lib/armv7e-m/softfp/libm.a(lib_a-s_atan.o) (fabs)
/usr/lib/gcc/arm-none-eabi/4.8/../../../arm-none-eabi/lib/armv7e-m/softfp/libm.a(lib_a-w_asin.o)
                              build/src/attitude.o (asin)
/usr/lib/gcc/arm-none-eabi/4.8/../../../arm-none-eabi/lib/armv7e-m/softfp/libm.a(lib_a-w_pow.o)
                              build/src/attitude.o (pow)
/usr/lib/gcc/arm-none-eabi/4.8/../../../arm-none-eabi/lib/armv7e-m/softfp/libm.a(lib_a-e_asin.o)
                              /usr/lib/gcc/arm-none-eabi/4.8/../../../arm-none-eabi/lib/armv7e-m/softfp/libm.a(lib_a-w_asin.o) (__ieee754_asin)
/usr/lib/gcc/arm-none-eabi/4.8/../../../arm-none-eabi/lib/armv7e-m/softfp/libm.a(lib_a-e_pow.o)
                              /usr/lib/gcc/arm-none-eabi/4.8/../../../arm-none-eabi/lib/armv7e-m/softfp/libm.a(lib_a-w_pow.o) (__ieee754_pow)
/usr/lib/gcc/arm-none-eabi/4.8/../../../arm-none-eabi/lib/armv7e-m/softfp/libm.a(lib_a-e_sqrt.o)
                              /usr/lib/gcc/arm-none-eabi/4.8/../../../arm-none-eabi/lib/armv7e-m/softfp/libm.a(lib_a-e_asin.o) (__ieee754_sqrt)
/usr/lib/gcc/arm-none-eabi/4.8/../../../arm-none-eabi/lib/armv7e-m/softfp/libm.a(lib_a-s_finite.o)
                              /usr/lib/gcc/arm-none-eabi/4.8/../../../arm-none-eabi/lib/armv7e-m/softfp/libm.a(lib_a-w_pow.o) (finite)
/usr/lib/gcc/arm-none-eabi/4.8/../../../arm-none-eabi/lib/armv7e-m/softfp/libm.a(lib_a-s_fpclassify.o)
                              /usr/lib/gcc/arm-none-eabi/4.8/../../../arm-none-eabi/lib/armv7e-m/softfp/libm.a(lib_a-w_asin.o) (__fpclassifyd)
/usr/lib/gcc/arm-none-eabi/4.8/../../../arm-none-eabi/lib/armv7e-m/softfp/libm.a(lib_a-s_lib_ver.o)
                              /usr/lib/gcc/arm-none-eabi/4.8/../../../arm-none-eabi/lib/armv7e-m/softfp/libm.a(lib_a-w_asin.o) (__fdlib_version)
/usr/lib/gcc/arm-none-eabi/4.8/../../../arm-none-eabi/lib/armv7e-m/softfp/libm.a(lib_a-s_matherr.o)
                              /usr/lib/gcc/arm-none-eabi/4.8/../../../arm-none-eabi/lib/armv7e-m/softfp/libm.a(lib_a-w_asin.o) (matherr)
/usr/lib/gcc/arm-none-eabi/4.8/../../../arm-none-eabi/lib/armv7e-m/softfp/libm.a(lib_a-s_nan.o)
                              /usr/lib/gcc/arm-none-eabi/4.8/../../../arm-none-eabi/lib/armv7e-m/softfp/libm.a(lib_a-w_asin.o) (nan)
/usr/lib/gcc/arm-none-eabi/4.8/../../../arm-none-eabi/lib/armv7e-m/softfp/libm.a(lib_a-s_rint.o)
                              /usr/lib/gcc/arm-none-eabi/4.8/../../../arm-none-eabi/lib/armv7e-m/softfp/libm.a(lib_a-w_pow.o) (rint)
/usr/lib/gcc/arm-none-eabi/4.8/../../../arm-none-eabi/lib/armv7e-m/softfp/libm.a(lib_a-s_scalbn.o)
                              /usr/lib/gcc/arm-none-eabi/4.8/../../../arm-none-eabi/lib/armv7e-m/softfp/libm.a(lib_a-e_pow.o) (scalbn)
/usr/lib/gcc/arm-none-eabi/4.8/../../../arm-none-eabi/lib/armv7e-m/softfp/libm.a(lib_a-s_copysign.o)
                              /usr/lib/gcc/arm-none-eabi/4.8/../../../arm-none-eabi/lib/armv7e-m/softfp/libm.a(lib_a-s_scalbn.o) (copysign)
/usr/lib/gcc/arm-none-eabi/4.8/../../../arm-none-eabi/lib/armv7e-m/softfp/libc.a(lib_a-errno.o)
                              /usr/lib/gcc/arm-none-eabi/4.8/../../../arm-none-eabi/lib/armv7e-m/softfp/libm.a(lib_a-w_asin.o) (__errno)
/usr/lib/gcc/arm-none-eabi/4.8/../../../arm-none-eabi/lib/armv7e-m/softfp/libc.a(lib_a-impure.o)
                              /usr/lib/gcc/arm-none-eabi/4.8/../../../arm-none-eabi/lib/armv7e-m/softfp/libc.a(lib_a-errno.o) (_impure_ptr)
/usr/lib/gcc/arm-none-eabi/4.8/armv7e-m/softfp/libgcc.a(_arm_addsubdf3.o)
                              build/src/attitude.o (__aeabi_dsub)
/usr/lib/gcc/arm-none-eabi/4.8/armv7e-m/softfp/libgcc.a(_arm_muldivdf3.o)
                              /usr/lib/gcc/arm-none-eabi/4.8/../../../arm-none-eabi/lib/armv7e-m/softfp/libm.a(lib_a-s_atan.o) (__aeabi_dmul)
/usr/lib/gcc/arm-none-eabi/4.8/armv7e-m/softfp/libgcc.a(_arm_cmpdf2.o)
                              /usr/lib/gcc/arm-none-eabi/4.8/../../../arm-none-eabi/lib/armv7e-m/softfp/libm.a(lib_a-w_pow.o) (__aeabi_dcmpeq)
/usr/lib/gcc/arm-none-eabi/4.8/armv7e-m/softfp/libgcc.a(_arm_truncdfsf2.o)
                              build/src/attitude.o (__aeabi_d2f)

Discarded input sections

 .ARM.attributes
                0x0000000000000000       0x22 /usr/lib/gcc/arm-none-eabi/4.8/armv7e-m/softfp/libgcc.a(_arm_addsubdf3.o)
 .debug_line    0x0000000000000000      0x1ff /usr/lib/gcc/arm-none-eabi/4.8/armv7e-m/softfp/libgcc.a(_arm_addsubdf3.o)
 .debug_info    0x0000000000000000       0xaf /usr/lib/gcc/arm-none-eabi/4.8/armv7e-m/softfp/libgcc.a(_arm_addsubdf3.o)
[...]
Memory Configuration

Name             Origin             Length             Attributes
FLASH            0x0000000008000000 0x0000000000200000 xr
RAM              0x0000000020000000 0x0000000000030000 xrw
MEMORY_B1        0x0000000060000000 0x0000000000000000 xr
CCMRAM           0x0000000010000000 0x0000000000010000 rw
*default*        0x0000000000000000 0xffffffffffffffff

Linker script and memory map

LOAD build/src/main.o
LOAD build/src/controller.o
LOAD build/src/attitude.o
LOAD build/inc/CORTEX_M4F_STM32F4/startup_stm32f429_439xx.o
LOAD build/inc/CORTEX_M4F_STM32F4/startup/system_stm32f4xx.o
LOAD build/inc/CORTEX_M4F_STM32F4/Libraries/STM32F4xx_StdPeriph_Driver/src/misc.o
LOAD build/inc/CORTEX_M4F_STM32F4/Libraries/STM32F4xx_StdPeriph_Driver/src/stm32f4xx_gpio.o
LOAD build/inc/CORTEX_M4F_STM32F4/Libraries/STM32F4xx_StdPeriph_Driver/src/stm32f4xx_rcc.o
LOAD build/inc/CORTEX_M4F_STM32F4/Libraries/STM32F4xx_StdPeriph_Driver/src/stm32f4xx_usart.o
LOAD build/inc/CORTEX_M4F_STM32F4/Libraries/STM32F4xx_StdPeriph_Driver/src/stm32f4xx_syscfg.o
LOAD build/inc/CORTEX_M4F_STM32F4/Libraries/STM32F4xx_StdPeriph_Driver/src/stm32f4xx_i2c.o
LOAD build/inc/CORTEX_M4F_STM32F4/Libraries/STM32F4xx_StdPeriph_Driver/src/stm32f4xx_dma.o
LOAD build/inc/CORTEX_M4F_STM32F4/Libraries/STM32F4xx_StdPeriph_Driver/src/stm32f4xx_spi.o
LOAD build/inc/CORTEX_M4F_STM32F4/Libraries/STM32F4xx_StdPeriph_Driver/src/stm32f4xx_exti.o
LOAD build/inc/CORTEX_M4F_STM32F4/Libraries/STM32F4xx_StdPeriph_Driver/src/stm32f4xx_dma2d.o
LOAD build/inc/CORTEX_M4F_STM32F4/Libraries/STM32F4xx_StdPeriph_Driver/src/stm32f4xx_ltdc.o
LOAD build/inc/CORTEX_M4F_STM32F4/Libraries/STM32F4xx_StdPeriph_Driver/src/stm32f4xx_fmc.o
LOAD build/inc/CORTEX_M4F_STM32F4/Libraries/STM32F4xx_StdPeriph_Driver/src/stm32f4xx_rng.o
LOAD build/inc/Utilities/STM32F429I-Discovery/stm32f429i_discovery.o
LOAD build/inc/Utilities/STM32F429I-Discovery/stm32f429i_discovery_sdram.o
LOAD build/inc/Utilities/STM32F429I-Discovery/stm32f429i_discovery_l3gd20.o
LOAD build/inc/Utilities/STM32F429I-Discovery/stm32f429i_discovery_lcd.o
LOAD build/inc/Utilities/STM32F429I-Discovery/stm32f429i_discovery_ioe.o
LOAD /usr/lib/gcc/arm-none-eabi/4.8/../../../arm-none-eabi/lib/armv7e-m/softfp/libm.a
LOAD /usr/lib/gcc/arm-none-eabi/4.8/../../../arm-none-eabi/lib/armv7e-m/softfp/libc.a
LOAD /usr/lib/gcc/arm-none-eabi/4.8/../../../arm-none-eabi/lib/armv7e-m/softfp/libnosys.a
                0x0000000020030000                _estack = 0x20030000
                0x0000000000000000                _Min_Heap_Size = 0x0
                0x0000000000000400                _Min_Stack_Size = 0x400

.isr_vector     0x0000000008000000      0x1ac
                0x0000000008000000                . = ALIGN (0x4)
 *(.isr_vector)
 .isr_vector    0x0000000008000000      0x1ac build/inc/CORTEX_M4F_STM32F4/startup_stm32f429_439xx.o
                0x0000000008000000                g_pfnVectors
                0x00000000080001ac                . = ALIGN (0x4)

.text           0x00000000080001b0     0xc7b8
                0x00000000080001b0                . = ALIGN (0x4)
 *(.text)
 .text          0x00000000080001b0        0x0 build/src/main.o
 .text          0x00000000080001b0        0x0 build/src/controller.o
 .text          0x00000000080001b0        0x0 build/src/attitude.o
 .text          0x00000000080001b0       0x14 build/inc/CORTEX_M4F_STM32F4/startup_stm32f429_439xx.o
 .text          0x00000000080001c4        0x0 build/inc/CORTEX_M4F_STM32F4/startup/system_stm32f4xx.o
 .text          0x00000000080001c4        0x0 build/inc/CORTEX_M4F_STM32F4/Libraries/STM32F4xx_StdPeriph_Driver/src/misc.o
 .text          0x00000000080001c4        0x0 build/inc/CORTEX_M4F_STM32F4/Libraries/STM32F4xx_StdPeriph_Driver/src/stm32f4xx_gpio.o
 .text          0x00000000080001c4        0x0 build/inc/CORTEX_M4F_STM32F4/Libraries/STM32F4xx_StdPeriph_Driver/src/stm32f4xx_rcc.o
 .text          0x00000000080001c4        0x0 build/inc/CORTEX_M4F_STM32F4/Libraries/STM32F4xx_StdPeriph_Driver/src/stm32f4xx_usart.o
 .text          0x00000000080001c4        0x0 build/inc/CORTEX_M4F_STM32F4/Libraries/STM32F4xx_StdPeriph_Driver/src/stm32f4xx_syscfg.o
 .text          0x00000000080001c4        0x0 build/inc/CORTEX_M4F_STM32F4/Libraries/STM32F4xx_StdPeriph_Driver/src/stm32f4xx_i2c.o
 .text          0x00000000080001c4        0x0 build/inc/CORTEX_M4F_STM32F4/Libraries/STM32F4xx_StdPeriph_Driver/src/stm32f4xx_dma.o
 .text          0x00000000080001c4        0x0 build/inc/CORTEX_M4F_STM32F4/Libraries/STM32F4xx_StdPeriph_Driver/src/stm32f4xx_spi.o
 .text          0x00000000080001c4        0x0 build/inc/CORTEX_M4F_STM32F4/Libraries/STM32F4xx_StdPeriph_Driver/src/stm32f4xx_exti.o
 .text          0x00000000080001c4        0x0 build/inc/CORTEX_M4F_STM32F4/Libraries/STM32F4xx_StdPeriph_Driver/src/stm32f4xx_dma2d.o
 .text          0x00000000080001c4        0x0 build/inc/CORTEX_M4F_STM32F4/Libraries/STM32F4xx_StdPeriph_Driver/src/stm32f4xx_ltdc.o
 .text          0x00000000080001c4        0x0 build/inc/CORTEX_M4F_STM32F4/Libraries/STM32F4xx_StdPeriph_Driver/src/stm32f4xx_fmc.o
 .text          0x00000000080001c4        0x0 build/inc/CORTEX_M4F_STM32F4/Libraries/STM32F4xx_StdPeriph_Driver/src/stm32f4xx_rng.o
 .text          0x00000000080001c4        0x0 build/inc/Utilities/STM32F429I-Discovery/stm32f429i_discovery.o
 .text          0x00000000080001c4        0x0 build/inc/Utilities/STM32F429I-Discovery/stm32f429i_discovery_sdram.o
 .text          0x00000000080001c4        0x0 build/inc/Utilities/STM32F429I-Discovery/stm32f429i_discovery_l3gd20.o
 .text          0x00000000080001c4        0x0 build/inc/Utilities/STM32F429I-Discovery/stm32f429i_discovery_lcd.o
 .text          0x00000000080001c4        0x0 build/inc/Utilities/STM32F429I-Discovery/stm32f429i_discovery_ioe.o
 .text          0x00000000080001c4        0x0 /usr/lib/gcc/arm-none-eabi/4.8/../../../arm-none-eabi/lib/armv7e-m/softfp/libm.a(lib_a-s_atan.o)
 .text          0x00000000080001c4        0x0 /usr/lib/gcc/arm-none-eabi/4.8/../../../arm-none-eabi/lib/armv7e-m/softfp/libm.a(lib_a-s_fabs.o)
 .text          0x00000000080001c4        0x0 /usr/lib/gcc/arm-none-eabi/4.8/../../../arm-none-eabi/lib/armv7e-m/softfp/libm.a(lib_a-w_asin.o)
 .text          0x00000000080001c4        0x0 /usr/lib/gcc/arm-none-eabi/4.8/../../../arm-none-eabi/lib/armv7e-m/softfp/libm.a(lib_a-w_pow.o)
 .text          0x00000000080001c4        0x0 /usr/lib/gcc/arm-none-eabi/4.8/../../../arm-none-eabi/lib/armv7e-m/softfp/libm.a(lib_a-e_asin.o)
 .text          0x00000000080001c4        0x0 /usr/lib/gcc/arm-none-eabi/4.8/../../../arm-none-eabi/lib/armv7e-m/softfp/libm.a(lib_a-e_pow.o)
 .text          0x00000000080001c4        0x0 /usr/lib/gcc/arm-none-eabi/4.8/../../../arm-none-eabi/lib/armv7e-m/softfp/libm.a(lib_a-e_sqrt.o)
 .text          0x00000000080001c4        0x0 /usr/lib/gcc/arm-none-eabi/4.8/../../../arm-none-eabi/lib/armv7e-m/softfp/libm.a(lib_a-s_finite.o)
 .text          0x00000000080001c4        0x0 /usr/lib/gcc/arm-none-eabi/4.8/../../../arm-none-eabi/lib/armv7e-m/softfp/libm.a(lib_a-s_fpclassify.o)
 .text          0x00000000080001c4        0x0 /usr/lib/gcc/arm-none-eabi/4.8/../../../arm-none-eabi/lib/armv7e-m/softfp/libm.a(lib_a-s_lib_ver.o)
 .text          0x00000000080001c4        0x0 /usr/lib/gcc/arm-none-eabi/4.8/../../../arm-none-eabi/lib/armv7e-m/softfp/libm.a(lib_a-s_matherr.o)
 .text          0x00000000080001c4        0x0 /usr/lib/gcc/arm-none-eabi/4.8/../../../arm-none-eabi/lib/armv7e-m/softfp/libm.a(lib_a-s_nan.o)
 .text          0x00000000080001c4        0x0 /usr/lib/gcc/arm-none-eabi/4.8/../../../arm-none-eabi/lib/armv7e-m/softfp/libm.a(lib_a-s_rint.o)
 .text          0x00000000080001c4        0x0 /usr/lib/gcc/arm-none-eabi/4.8/../../../arm-none-eabi/lib/armv7e-m/softfp/libm.a(lib_a-s_scalbn.o)
 .text          0x00000000080001c4        0x0 /usr/lib/gcc/arm-none-eabi/4.8/../../../arm-none-eabi/lib/armv7e-m/softfp/libm.a(lib_a-s_copysign.o)
 .text          0x00000000080001c4        0x0 /usr/lib/gcc/arm-none-eabi/4.8/../../../arm-none-eabi/lib/armv7e-m/softfp/libc.a(lib_a-errno.o)
 .text          0x00000000080001c4        0x0 /usr/lib/gcc/arm-none-eabi/4.8/../../../arm-none-eabi/lib/armv7e-m/softfp/libc.a(lib_a-impure.o)
 .text          0x00000000080001c4      0x370 /usr/lib/gcc/arm-none-eabi/4.8/armv7e-m/softfp/libgcc.a(_arm_addsubdf3.o)
                0x00000000080001c4                __aeabi_drsub
                0x00000000080001cc                __aeabi_dsub
                0x00000000080001cc                __subdf3
                0x00000000080001d0                __adddf3
                0x00000000080001d0                __aeabi_dadd
                0x0000000008000448                __aeabi_ui2d
                0x0000000008000448                __floatunsidf
                0x0000000008000468                __floatsidf
                0x0000000008000468                __aeabi_i2d
                0x000000000800048c                __extendsfdf2
                0x000000000800048c                __aeabi_f2d
                0x00000000080004c8                __aeabi_ul2d
                0x00000000080004c8                __floatundidf
                0x00000000080004d8                __floatdidf
                0x00000000080004d8                __aeabi_l2d
 .text          0x0000000008000534      0x424 /usr/lib/gcc/arm-none-eabi/4.8/armv7e-m/softfp/libgcc.a(_arm_muldivdf3.o)
                0x0000000008000534                __aeabi_dmul
                0x0000000008000534                __muldf3
                0x0000000008000788                __aeabi_ddiv
                0x0000000008000788                __divdf3
 .text          0x0000000008000958      0x110 /usr/lib/gcc/arm-none-eabi/4.8/armv7e-m/softfp/libgcc.a(_arm_cmpdf2.o)
                0x0000000008000958                __gtdf2
                0x0000000008000958                __gedf2
                0x0000000008000960                __ltdf2
                0x0000000008000960                __ledf2
                0x0000000008000968                __cmpdf2
                0x0000000008000968                __eqdf2
                0x0000000008000968                __nedf2
                0x00000000080009e4                __aeabi_cdrcmple
                0x00000000080009f4                __aeabi_cdcmple
                0x00000000080009f4                __aeabi_cdcmpeq
                0x0000000008000a04                __aeabi_dcmpeq
                0x0000000008000a18                __aeabi_dcmplt
                0x0000000008000a2c                __aeabi_dcmple
                0x0000000008000a40                __aeabi_dcmpge
                0x0000000008000a54                __aeabi_dcmpgt
 .text          0x0000000008000a68       0xa0 /usr/lib/gcc/arm-none-eabi/4.8/armv7e-m/softfp/libgcc.a(_arm_truncdfsf2.o)
                0x0000000008000a68                __aeabi_d2f
                0x0000000008000a68                __truncdfsf2
 *(.text*)
 .text.main     0x0000000008000b08       0x40 build/src/main.o
                0x0000000008000b08                main
 .text.YawControl
                0x0000000008000b48       0x3c build/src/controller.o
                0x0000000008000b48                YawControl
 .text.RollControl
                0x0000000008000b84       0x3c build/src/controller.o
                0x0000000008000b84                RollControl
 .text.PitchControl
                0x0000000008000bc0       0x3c build/src/controller.o
                0x0000000008000bc0                PitchControl
 .text.AttitudeControl
                0x0000000008000bfc       0x98 build/src/controller.o
                0x0000000008000bfc                AttitudeControl
 .text.L3GD20_Configuration
                0x0000000008000c94       0x48 build/src/attitude.o
                0x0000000008000c94                L3GD20_Configuration
 .text.L3GD20_ReadGyro
                0x0000000008000cdc      0x120 build/src/attitude.o
                0x0000000008000cdc                L3GD20_ReadGyro
 .text.Eulerangle
                0x0000000008000dfc      0x3ec build/src/attitude.o
                0x0000000008000dfc                Eulerangle
 .text.Reset_Handler
                0x00000000080011e8       0x44 build/inc/CORTEX_M4F_STM32F4/startup_stm32f429_439xx.o
                0x00000000080011e8                Reset_Handler
 .text.Default_Handler
                0x000000000800122c        0x2 build/inc/CORTEX_M4F_STM32F4/startup_stm32f429_439xx.o
                0x000000000800122c                RTC_Alarm_IRQHandler
                0x000000000800122c                HASH_RNG_IRQHandler
                0x000000000800122c                EXTI2_IRQHandler
                0x000000000800122c                TIM8_CC_IRQHandler
                0x000000000800122c                DebugMon_Handler
                0x000000000800122c                UART8_IRQHandler
                0x000000000800122c                SPI4_IRQHandler
                0x000000000800122c                TIM1_CC_IRQHandler
                0x000000000800122c                DMA2_Stream5_IRQHandler
                0x000000000800122c                HardFault_Handler
                0x000000000800122c                DMA1_Stream5_IRQHandler
                0x000000000800122c                SysTick_Handler
                0x000000000800122c                PVD_IRQHandler
                0x000000000800122c                SDIO_IRQHandler
                0x000000000800122c                TAMP_STAMP_IRQHandler
                0x000000000800122c                PendSV_Handler
                0x000000000800122c                NMI_Handler
                0x000000000800122c                CAN2_RX1_IRQHandler
                0x000000000800122c                EXTI3_IRQHandler
                0x000000000800122c                TIM8_TRG_COM_TIM14_IRQHandler
                0x000000000800122c                TIM1_UP_TIM10_IRQHandler
                0x000000000800122c                TIM8_UP_TIM13_IRQHandler
                0x000000000800122c                I2C3_ER_IRQHandler
                0x000000000800122c                EXTI0_IRQHandler
                0x000000000800122c                I2C2_EV_IRQHandler
                0x000000000800122c                DMA1_Stream2_IRQHandler
                0x000000000800122c                CAN1_RX0_IRQHandler
                0x000000000800122c                FPU_IRQHandler
                0x000000000800122c                OTG_HS_WKUP_IRQHandler
                0x000000000800122c                UsageFault_Handler
                0x000000000800122c                LTDC_ER_IRQHandler
                0x000000000800122c                CAN2_SCE_IRQHandler
                0x000000000800122c                DMA2_Stream2_IRQHandler
                0x000000000800122c                SPI1_IRQHandler
                0x000000000800122c                TIM6_DAC_IRQHandler
                0x000000000800122c                TIM1_BRK_TIM9_IRQHandler
                0x000000000800122c                DCMI_IRQHandler
                0x000000000800122c                CAN2_RX0_IRQHandler
                0x000000000800122c                DMA2_Stream3_IRQHandler
                0x000000000800122c                USART6_IRQHandler
                0x000000000800122c                USART3_IRQHandler
                0x000000000800122c                CRYP_IRQHandler
                0x000000000800122c                CAN1_RX1_IRQHandler
                0x000000000800122c                UART5_IRQHandler
                0x000000000800122c                DMA2_Stream0_IRQHandler
                0x000000000800122c                TIM4_IRQHandler
                0x000000000800122c                I2C1_EV_IRQHandler
                0x000000000800122c                DMA1_Stream6_IRQHandler
                0x000000000800122c                DMA1_Stream1_IRQHandler
                0x000000000800122c                UART4_IRQHandler
                0x000000000800122c                TIM3_IRQHandler
                0x000000000800122c                RCC_IRQHandler
                0x000000000800122c                TIM8_BRK_TIM12_IRQHandler
                0x000000000800122c                Default_Handler
                0x000000000800122c                EXTI15_10_IRQHandler
                0x000000000800122c                ADC_IRQHandler
                0x000000000800122c                DMA1_Stream7_IRQHandler
                0x000000000800122c                SPI5_IRQHandler
                0x000000000800122c                TIM7_IRQHandler
                0x000000000800122c                CAN2_TX_IRQHandler
                0x000000000800122c                TIM5_IRQHandler
                0x000000000800122c                DMA2_Stream7_IRQHandler
                0x000000000800122c                I2C3_EV_IRQHandler
                0x000000000800122c                EXTI9_5_IRQHandler
                0x000000000800122c                RTC_WKUP_IRQHandler
                0x000000000800122c                LTDC_IRQHandler
                0x000000000800122c                ETH_WKUP_IRQHandler
                0x000000000800122c                SPI2_IRQHandler
                0x000000000800122c                OTG_HS_EP1_IN_IRQHandler
                0x000000000800122c                MemManage_Handler
                0x000000000800122c                DMA1_Stream0_IRQHandler
                0x000000000800122c                CAN1_TX_IRQHandler
                0x000000000800122c                SVC_Handler
                0x000000000800122c                EXTI4_IRQHandler
                0x000000000800122c                FSMC_IRQHandler
                0x000000000800122c                ETH_IRQHandler
                0x000000000800122c                OTG_HS_EP1_OUT_IRQHandler
                0x000000000800122c                WWDG_IRQHandler
                0x000000000800122c                SPI6_IRQHandler
                0x000000000800122c                TIM2_IRQHandler
                0x000000000800122c                OTG_FS_WKUP_IRQHandler
                0x000000000800122c                TIM1_TRG_COM_TIM11_IRQHandler
                0x000000000800122c                OTG_HS_IRQHandler
                0x000000000800122c                DMA2D_IRQHandler
                0x000000000800122c                EXTI1_IRQHandler
                0x000000000800122c                UART7_IRQHandler
                0x000000000800122c                USART2_IRQHandler
                0x000000000800122c                I2C2_ER_IRQHandler
                0x000000000800122c                DMA2_Stream1_IRQHandler
                0x000000000800122c                CAN1_SCE_IRQHandler
                0x000000000800122c                FLASH_IRQHandler
                0x000000000800122c                DMA2_Stream4_IRQHandler
                0x000000000800122c                BusFault_Handler
                0x000000000800122c                USART1_IRQHandler
                0x000000000800122c                OTG_FS_IRQHandler
                0x000000000800122c                SPI3_IRQHandler
                0x000000000800122c                DMA1_Stream4_IRQHandler
                0x000000000800122c                I2C1_ER_IRQHandler
                0x000000000800122c                DMA2_Stream6_IRQHandler
                0x000000000800122c                SAI1_IRQHandler
                0x000000000800122c                DMA1_Stream3_IRQHandler
 *fill*         0x000000000800122e        0x2 
 .text.SystemInit
                0x0000000008001230       0x68 build/inc/CORTEX_M4F_STM32F4/startup/system_stm32f4xx.o
                0x0000000008001230                SystemInit
 .text.SystemCoreClockUpdate
                0x0000000008001298       0xf8 build/inc/CORTEX_M4F_STM32F4/startup/system_stm32f4xx.o
                0x0000000008001298                SystemCoreClockUpdate
 .text.SetSysClock
                0x0000000008001390       0xf4 build/inc/CORTEX_M4F_STM32F4/startup/system_stm32f4xx.o
 .text.NVIC_PriorityGroupConfig
                0x0000000008001484       0x24 build/inc/CORTEX_M4F_STM32F4/Libraries/STM32F4xx_StdPeriph_Driver/src/misc.o
                0x0000000008001484                NVIC_PriorityGroupConfig
 .text.NVIC_Init
                0x00000000080014a8       0xbc build/inc/CORTEX_M4F_STM32F4/Libraries/STM32F4xx_StdPeriph_Driver/src/misc.o
                0x00000000080014a8                NVIC_Init
 .text.NVIC_SetVectorTable
                0x0000000008001564       0x2c build/inc/CORTEX_M4F_STM32F4/Libraries/STM32F4xx_StdPeriph_Driver/src/misc.o
                0x0000000008001564                NVIC_SetVectorTable
 .text.NVIC_SystemLPConfig
                0x0000000008001590       0x40 build/inc/CORTEX_M4F_STM32F4/Libraries/STM32F4xx_StdPeriph_Driver/src/misc.o
                0x0000000008001590                NVIC_SystemLPConfig
 .text.SysTick_CLKSourceConfig
                0x00000000080015d0       0x38 build/inc/CORTEX_M4F_STM32F4/Libraries/STM32F4xx_StdPeriph_Driver/src/misc.o
                0x00000000080015d0                SysTick_CLKSourceConfig
 .text.GPIO_DeInit
                0x0000000008001608      0x164 build/inc/CORTEX_M4F_STM32F4/Libraries/STM32F4xx_StdPeriph_Driver/src/stm32f4xx_gpio.o
                0x0000000008001608                GPIO_DeInit
 .text.GPIO_Init
                0x000000000800176c      0x11c build/inc/CORTEX_M4F_STM32F4/Libraries/STM32F4xx_StdPeriph_Driver/src/stm32f4xx_gpio.o
                0x000000000800176c                GPIO_Init
 .text.GPIO_StructInit
                0x0000000008001888       0x34 build/inc/CORTEX_M4F_STM32F4/Libraries/STM32F4xx_StdPeriph_Driver/src/stm32f4xx_gpio.o
                0x0000000008001888                GPIO_StructInit
 .text.GPIO_PinLockConfig
                0x00000000080018bc       0x44 build/inc/CORTEX_M4F_STM32F4/Libraries/STM32F4xx_StdPeriph_Driver/src/stm32f4xx_gpio.o
                0x00000000080018bc                GPIO_PinLockConfig
 .text.GPIO_ReadInputDataBit
                0x0000000008001900       0x34 build/inc/CORTEX_M4F_STM32F4/Libraries/STM32F4xx_StdPeriph_Driver/src/stm32f4xx_gpio.o
                0x0000000008001900                GPIO_ReadInputDataBit
 .text.GPIO_ReadInputData
                0x0000000008001934       0x1c build/inc/CORTEX_M4F_STM32F4/Libraries/STM32F4xx_StdPeriph_Driver/src/stm32f4xx_gpio.o
                0x0000000008001934                GPIO_ReadInputData
 .text.GPIO_ReadOutputDataBit
                0x0000000008001950       0x34 build/inc/CORTEX_M4F_STM32F4/Libraries/STM32F4xx_StdPeriph_Driver/src/stm32f4xx_gpio.o
                0x0000000008001950                GPIO_ReadOutputDataBit
 .text.GPIO_ReadOutputData
                0x0000000008001984       0x1c build/inc/CORTEX_M4F_STM32F4/Libraries/STM32F4xx_StdPeriph_Driver/src/stm32f4xx_gpio.o
                0x0000000008001984                GPIO_ReadOutputData
 .text.GPIO_SetBits
                0x00000000080019a0       0x1c build/inc/CORTEX_M4F_STM32F4/Libraries/STM32F4xx_StdPeriph_Driver/src/stm32f4xx_gpio.o
                0x00000000080019a0                GPIO_SetBits
 .text.GPIO_ResetBits
                0x00000000080019bc       0x1c build/inc/CORTEX_M4F_STM32F4/Libraries/STM32F4xx_StdPeriph_Driver/src/stm32f4xx_gpio.o
                0x00000000080019bc                GPIO_ResetBits
 .text.GPIO_WriteBit
                0x00000000080019d8       0x30 build/inc/CORTEX_M4F_STM32F4/Libraries/STM32F4xx_StdPeriph_Driver/src/stm32f4xx_gpio.o
                0x00000000080019d8                GPIO_WriteBit
 .text.GPIO_Write
                0x0000000008001a08       0x1c build/inc/CORTEX_M4F_STM32F4/Libraries/STM32F4xx_StdPeriph_Driver/src/stm32f4xx_gpio.o
                0x0000000008001a08                GPIO_Write
 .text.GPIO_ToggleBits
                0x0000000008001a24       0x24 build/inc/CORTEX_M4F_STM32F4/Libraries/STM32F4xx_StdPeriph_Driver/src/stm32f4xx_gpio.o
                0x0000000008001a24                GPIO_ToggleBits
 .text.GPIO_PinAFConfig
                0x0000000008001a48       0x8c build/inc/CORTEX_M4F_STM32F4/Libraries/STM32F4xx_StdPeriph_Driver/src/stm32f4xx_gpio.o
                0x0000000008001a48                GPIO_PinAFConfig
 .text.RCC_DeInit
                0x0000000008001ad4       0x70 build/inc/CORTEX_M4F_STM32F4/Libraries/STM32F4xx_StdPeriph_Driver/src/stm32f4xx_rcc.o
                0x0000000008001ad4                RCC_DeInit
 .text.RCC_HSEConfig
                0x0000000008001b44       0x24 build/inc/CORTEX_M4F_STM32F4/Libraries/STM32F4xx_StdPeriph_Driver/src/stm32f4xx_rcc.o
                0x0000000008001b44                RCC_HSEConfig
 .text.RCC_WaitForHSEStartUp
                0x0000000008001b68       0x50 build/inc/CORTEX_M4F_STM32F4/Libraries/STM32F4xx_StdPeriph_Driver/src/stm32f4xx_rcc.o
                0x0000000008001b68                RCC_WaitForHSEStartUp
 .text.RCC_AdjustHSICalibrationValue
                0x0000000008001bb8       0x3c build/inc/CORTEX_M4F_STM32F4/Libraries/STM32F4xx_StdPeriph_Driver/src/stm32f4xx_rcc.o
                0x0000000008001bb8                RCC_AdjustHSICalibrationValue
 .text.RCC_HSICmd
                0x0000000008001bf4       0x20 build/inc/CORTEX_M4F_STM32F4/Libraries/STM32F4xx_StdPeriph_Driver/src/stm32f4xx_rcc.o
                0x0000000008001bf4                RCC_HSICmd
 .text.RCC_LSEConfig
                0x0000000008001c14       0x40 build/inc/CORTEX_M4F_STM32F4/Libraries/STM32F4xx_StdPeriph_Driver/src/stm32f4xx_rcc.o
                0x0000000008001c14                RCC_LSEConfig
 .text.RCC_LSICmd
                0x0000000008001c54       0x20 build/inc/CORTEX_M4F_STM32F4/Libraries/STM32F4xx_StdPeriph_Driver/src/stm32f4xx_rcc.o
                0x0000000008001c54                RCC_LSICmd
 .text.RCC_PLLConfig
                0x0000000008001c74       0x3c build/inc/CORTEX_M4F_STM32F4/Libraries/STM32F4xx_StdPeriph_Driver/src/stm32f4xx_rcc.o
                0x0000000008001c74                RCC_PLLConfig
 .text.RCC_PLLCmd
                0x0000000008001cb0       0x20 build/inc/CORTEX_M4F_STM32F4/Libraries/STM32F4xx_StdPeriph_Driver/src/stm32f4xx_rcc.o
                0x0000000008001cb0                RCC_PLLCmd
 .text.RCC_PLLI2SConfig
                0x0000000008001cd0       0x30 build/inc/CORTEX_M4F_STM32F4/Libraries/STM32F4xx_StdPeriph_Driver/src/stm32f4xx_rcc.o
                0x0000000008001cd0                RCC_PLLI2SConfig
 .text.RCC_PLLI2SCmd
                0x0000000008001d00       0x20 build/inc/CORTEX_M4F_STM32F4/Libraries/STM32F4xx_StdPeriph_Driver/src/stm32f4xx_rcc.o
                0x0000000008001d00                RCC_PLLI2SCmd
 .text.RCC_PLLSAIConfig
                0x0000000008001d20       0x30 build/inc/CORTEX_M4F_STM32F4/Libraries/STM32F4xx_StdPeriph_Driver/src/stm32f4xx_rcc.o
                0x0000000008001d20                RCC_PLLSAIConfig
 .text.RCC_PLLSAICmd
                0x0000000008001d50       0x20 build/inc/CORTEX_M4F_STM32F4/Libraries/STM32F4xx_StdPeriph_Driver/src/stm32f4xx_rcc.o
                0x0000000008001d50                RCC_PLLSAICmd
 .text.RCC_ClockSecuritySystemCmd
                0x0000000008001d70       0x20 build/inc/CORTEX_M4F_STM32F4/Libraries/STM32F4xx_StdPeriph_Driver/src/stm32f4xx_rcc.o
                0x0000000008001d70                RCC_ClockSecuritySystemCmd
 .text.RCC_MCO1Config
                0x0000000008001d90       0x3c build/inc/CORTEX_M4F_STM32F4/Libraries/STM32F4xx_StdPeriph_Driver/src/stm32f4xx_rcc.o
                0x0000000008001d90                RCC_MCO1Config
 .text.RCC_MCO2Config
                0x0000000008001dcc       0x3c build/inc/CORTEX_M4F_STM32F4/Libraries/STM32F4xx_StdPeriph_Driver/src/stm32f4xx_rcc.o
                0x0000000008001dcc                RCC_MCO2Config
 .text.RCC_SYSCLKConfig
                0x0000000008001e08       0x38 build/inc/CORTEX_M4F_STM32F4/Libraries/STM32F4xx_StdPeriph_Driver/src/stm32f4xx_rcc.o
                0x0000000008001e08                RCC_SYSCLKConfig
 .text.RCC_GetSYSCLKSource
                0x0000000008001e40       0x20 build/inc/CORTEX_M4F_STM32F4/Libraries/STM32F4xx_StdPeriph_Driver/src/stm32f4xx_rcc.o
                0x0000000008001e40                RCC_GetSYSCLKSource
 .text.RCC_HCLKConfig
                0x0000000008001e60       0x38 build/inc/CORTEX_M4F_STM32F4/Libraries/STM32F4xx_StdPeriph_Driver/src/stm32f4xx_rcc.o
                0x0000000008001e60                RCC_HCLKConfig
 .text.RCC_PCLK1Config
                0x0000000008001e98       0x38 build/inc/CORTEX_M4F_STM32F4/Libraries/STM32F4xx_StdPeriph_Driver/src/stm32f4xx_rcc.o
                0x0000000008001e98                RCC_PCLK1Config
 .text.RCC_PCLK2Config
                0x0000000008001ed0       0x38 build/inc/CORTEX_M4F_STM32F4/Libraries/STM32F4xx_StdPeriph_Driver/src/stm32f4xx_rcc.o
                0x0000000008001ed0                RCC_PCLK2Config
 .text.RCC_GetClocksFreq
                0x0000000008001f08      0x154 build/inc/CORTEX_M4F_STM32F4/Libraries/STM32F4xx_StdPeriph_Driver/src/stm32f4xx_rcc.o
                0x0000000008001f08                RCC_GetClocksFreq
 .text.RCC_RTCCLKConfig
                0x000000000800205c       0x5c build/inc/CORTEX_M4F_STM32F4/Libraries/STM32F4xx_StdPeriph_Driver/src/stm32f4xx_rcc.o
                0x000000000800205c                RCC_RTCCLKConfig
 .text.RCC_RTCCLKCmd
                0x00000000080020b8       0x20 build/inc/CORTEX_M4F_STM32F4/Libraries/STM32F4xx_StdPeriph_Driver/src/stm32f4xx_rcc.o
                0x00000000080020b8                RCC_RTCCLKCmd
 .text.RCC_BackupResetCmd
                0x00000000080020d8       0x20 build/inc/CORTEX_M4F_STM32F4/Libraries/STM32F4xx_StdPeriph_Driver/src/stm32f4xx_rcc.o
                0x00000000080020d8                RCC_BackupResetCmd
 .text.RCC_I2SCLKConfig
                0x00000000080020f8       0x1c build/inc/CORTEX_M4F_STM32F4/Libraries/STM32F4xx_StdPeriph_Driver/src/stm32f4xx_rcc.o
                0x00000000080020f8                RCC_I2SCLKConfig
 .text.RCC_SAIPLLI2SClkDivConfig
                0x0000000008002114       0x3c build/inc/CORTEX_M4F_STM32F4/Libraries/STM32F4xx_StdPeriph_Driver/src/stm32f4xx_rcc.o
                0x0000000008002114                RCC_SAIPLLI2SClkDivConfig
 .text.RCC_SAIPLLSAIClkDivConfig
                0x0000000008002150       0x40 build/inc/CORTEX_M4F_STM32F4/Libraries/STM32F4xx_StdPeriph_Driver/src/stm32f4xx_rcc.o
                0x0000000008002150                RCC_SAIPLLSAIClkDivConfig
 .text.RCC_SAIBlockACLKConfig
                0x0000000008002190       0x3c build/inc/CORTEX_M4F_STM32F4/Libraries/STM32F4xx_StdPeriph_Driver/src/stm32f4xx_rcc.o
                0x0000000008002190                RCC_SAIBlockACLKConfig
 .text.RCC_SAIBlockBCLKConfig
                0x00000000080021cc       0x3c build/inc/CORTEX_M4F_STM32F4/Libraries/STM32F4xx_StdPeriph_Driver/src/stm32f4xx_rcc.o
                0x00000000080021cc                RCC_SAIBlockBCLKConfig
 .text.RCC_LTDCCLKDivConfig
                0x0000000008002208       0x3c build/inc/CORTEX_M4F_STM32F4/Libraries/STM32F4xx_StdPeriph_Driver/src/stm32f4xx_rcc.o
                0x0000000008002208                RCC_LTDCCLKDivConfig
 .text.RCC_TIMCLKPresConfig
                0x0000000008002244       0x1c build/inc/CORTEX_M4F_STM32F4/Libraries/STM32F4xx_StdPeriph_Driver/src/stm32f4xx_rcc.o
                0x0000000008002244                RCC_TIMCLKPresConfig
 .text.RCC_AHB1PeriphClockCmd
                0x0000000008002260       0x3c build/inc/CORTEX_M4F_STM32F4/Libraries/STM32F4xx_StdPeriph_Driver/src/stm32f4xx_rcc.o
                0x0000000008002260                RCC_AHB1PeriphClockCmd
 .text.RCC_AHB2PeriphClockCmd
                0x000000000800229c       0x3c build/inc/CORTEX_M4F_STM32F4/Libraries/STM32F4xx_StdPeriph_Driver/src/stm32f4xx_rcc.o
                0x000000000800229c                RCC_AHB2PeriphClockCmd
 .text.RCC_AHB3PeriphClockCmd
                0x00000000080022d8       0x3c build/inc/CORTEX_M4F_STM32F4/Libraries/STM32F4xx_StdPeriph_Driver/src/stm32f4xx_rcc.o
                0x00000000080022d8                RCC_AHB3PeriphClockCmd
 .text.RCC_APB1PeriphClockCmd
                0x0000000008002314       0x3c build/inc/CORTEX_M4F_STM32F4/Libraries/STM32F4xx_StdPeriph_Driver/src/stm32f4xx_rcc.o
                0x0000000008002314                RCC_APB1PeriphClockCmd
 .text.RCC_APB2PeriphClockCmd
                0x0000000008002350       0x3c build/inc/CORTEX_M4F_STM32F4/Libraries/STM32F4xx_StdPeriph_Driver/src/stm32f4xx_rcc.o
                0x0000000008002350                RCC_APB2PeriphClockCmd
 .text.RCC_AHB1PeriphResetCmd
                0x000000000800238c       0x3c build/inc/CORTEX_M4F_STM32F4/Libraries/STM32F4xx_StdPeriph_Driver/src/stm32f4xx_rcc.o
                0x000000000800238c                RCC_AHB1PeriphResetCmd
 .text.RCC_AHB2PeriphResetCmd
                0x00000000080023c8       0x3c build/inc/CORTEX_M4F_STM32F4/Libraries/STM32F4xx_StdPeriph_Driver/src/stm32f4xx_rcc.o
                0x00000000080023c8                RCC_AHB2PeriphResetCmd
 .text.RCC_AHB3PeriphResetCmd
                0x0000000008002404       0x3c build/inc/CORTEX_M4F_STM32F4/Libraries/STM32F4xx_StdPeriph_Driver/src/stm32f4xx_rcc.o
                0x0000000008002404                RCC_AHB3PeriphResetCmd
 .text.RCC_APB1PeriphResetCmd
                0x0000000008002440       0x3c build/inc/CORTEX_M4F_STM32F4/Libraries/STM32F4xx_StdPeriph_Driver/src/stm32f4xx_rcc.o
                0x0000000008002440                RCC_APB1PeriphResetCmd
 .text.RCC_APB2PeriphResetCmd
                0x000000000800247c       0x3c build/inc/CORTEX_M4F_STM32F4/Libraries/STM32F4xx_StdPeriph_Driver/src/stm32f4xx_rcc.o
                0x000000000800247c                RCC_APB2PeriphResetCmd
 .text.RCC_AHB1PeriphClockLPModeCmd
                0x00000000080024b8       0x3c build/inc/CORTEX_M4F_STM32F4/Libraries/STM32F4xx_StdPeriph_Driver/src/stm32f4xx_rcc.o
                0x00000000080024b8                RCC_AHB1PeriphClockLPModeCmd
 .text.RCC_AHB2PeriphClockLPModeCmd
                0x00000000080024f4       0x3c build/inc/CORTEX_M4F_STM32F4/Libraries/STM32F4xx_StdPeriph_Driver/src/stm32f4xx_rcc.o
                0x00000000080024f4                RCC_AHB2PeriphClockLPModeCmd
 .text.RCC_AHB3PeriphClockLPModeCmd
                0x0000000008002530       0x3c build/inc/CORTEX_M4F_STM32F4/Libraries/STM32F4xx_StdPeriph_Driver/src/stm32f4xx_rcc.o
                0x0000000008002530                RCC_AHB3PeriphClockLPModeCmd
 .text.RCC_APB1PeriphClockLPModeCmd
                0x000000000800256c       0x3c build/inc/CORTEX_M4F_STM32F4/Libraries/STM32F4xx_StdPeriph_Driver/src/stm32f4xx_rcc.o
                0x000000000800256c                RCC_APB1PeriphClockLPModeCmd
 .text.RCC_APB2PeriphClockLPModeCmd
                0x00000000080025a8       0x3c build/inc/CORTEX_M4F_STM32F4/Libraries/STM32F4xx_StdPeriph_Driver/src/stm32f4xx_rcc.o
                0x00000000080025a8                RCC_APB2PeriphClockLPModeCmd
 .text.RCC_ITConfig
                0x00000000080025e4       0x48 build/inc/CORTEX_M4F_STM32F4/Libraries/STM32F4xx_StdPeriph_Driver/src/stm32f4xx_rcc.o
                0x00000000080025e4                RCC_ITConfig
 .text.RCC_GetFlagStatus
                0x000000000800262c       0x74 build/inc/CORTEX_M4F_STM32F4/Libraries/STM32F4xx_StdPeriph_Driver/src/stm32f4xx_rcc.o
                0x000000000800262c                RCC_GetFlagStatus
 .text.RCC_ClearFlag
                0x00000000080026a0       0x1c build/inc/CORTEX_M4F_STM32F4/Libraries/STM32F4xx_StdPeriph_Driver/src/stm32f4xx_rcc.o
                0x00000000080026a0                RCC_ClearFlag
 .text.RCC_GetITStatus
                0x00000000080026bc       0x38 build/inc/CORTEX_M4F_STM32F4/Libraries/STM32F4xx_StdPeriph_Driver/src/stm32f4xx_rcc.o
                0x00000000080026bc                RCC_GetITStatus
 .text.RCC_ClearITPendingBit
                0x00000000080026f4       0x20 build/inc/CORTEX_M4F_STM32F4/Libraries/STM32F4xx_StdPeriph_Driver/src/stm32f4xx_rcc.o
                0x00000000080026f4                RCC_ClearITPendingBit
 .text.USART_DeInit
                0x0000000008002714      0x114 build/inc/CORTEX_M4F_STM32F4/Libraries/STM32F4xx_StdPeriph_Driver/src/stm32f4xx_usart.o
                0x0000000008002714                USART_DeInit
 .text.USART_Init
                0x0000000008002828      0x174 build/inc/CORTEX_M4F_STM32F4/Libraries/STM32F4xx_StdPeriph_Driver/src/stm32f4xx_usart.o
                0x0000000008002828                USART_Init
 .text.USART_StructInit
                0x000000000800299c       0x38 build/inc/CORTEX_M4F_STM32F4/Libraries/STM32F4xx_StdPeriph_Driver/src/stm32f4xx_usart.o
                0x000000000800299c                USART_StructInit
 .text.USART_ClockInit
                0x00000000080029d4       0x54 build/inc/CORTEX_M4F_STM32F4/Libraries/STM32F4xx_StdPeriph_Driver/src/stm32f4xx_usart.o
                0x00000000080029d4                USART_ClockInit
 .text.USART_ClockStructInit
                0x0000000008002a28       0x2c build/inc/CORTEX_M4F_STM32F4/Libraries/STM32F4xx_StdPeriph_Driver/src/stm32f4xx_usart.o
                0x0000000008002a28                USART_ClockStructInit
 .text.USART_Cmd
                0x0000000008002a54       0x40 build/inc/CORTEX_M4F_STM32F4/Libraries/STM32F4xx_StdPeriph_Driver/src/stm32f4xx_usart.o
                0x0000000008002a54                USART_Cmd
 .text.USART_SetPrescaler
                0x0000000008002a94       0x38 build/inc/CORTEX_M4F_STM32F4/Libraries/STM32F4xx_StdPeriph_Driver/src/stm32f4xx_usart.o
                0x0000000008002a94                USART_SetPrescaler
 .text.USART_OverSampling8Cmd
                0x0000000008002acc       0x44 build/inc/CORTEX_M4F_STM32F4/Libraries/STM32F4xx_StdPeriph_Driver/src/stm32f4xx_usart.o
                0x0000000008002acc                USART_OverSampling8Cmd
 .text.USART_OneBitMethodCmd
                0x0000000008002b10       0x40 build/inc/CORTEX_M4F_STM32F4/Libraries/STM32F4xx_StdPeriph_Driver/src/stm32f4xx_usart.o
                0x0000000008002b10                USART_OneBitMethodCmd
 .text.USART_SendData
                0x0000000008002b50       0x24 build/inc/CORTEX_M4F_STM32F4/Libraries/STM32F4xx_StdPeriph_Driver/src/stm32f4xx_usart.o
                0x0000000008002b50                USART_SendData
 .text.USART_ReceiveData
                0x0000000008002b74       0x20 build/inc/CORTEX_M4F_STM32F4/Libraries/STM32F4xx_StdPeriph_Driver/src/stm32f4xx_usart.o
                0x0000000008002b74                USART_ReceiveData
 .text.USART_SetAddress
                0x0000000008002b94       0x38 build/inc/CORTEX_M4F_STM32F4/Libraries/STM32F4xx_StdPeriph_Driver/src/stm32f4xx_usart.o
                0x0000000008002b94                USART_SetAddress
 .text.USART_ReceiverWakeUpCmd
                0x0000000008002bcc       0x40 build/inc/CORTEX_M4F_STM32F4/Libraries/STM32F4xx_StdPeriph_Driver/src/stm32f4xx_usart.o
                0x0000000008002bcc                USART_ReceiverWakeUpCmd
 .text.USART_WakeUpConfig
                0x0000000008002c0c       0x38 build/inc/CORTEX_M4F_STM32F4/Libraries/STM32F4xx_StdPeriph_Driver/src/stm32f4xx_usart.o
                0x0000000008002c0c                USART_WakeUpConfig
 .text.USART_LINBreakDetectLengthConfig
                0x0000000008002c44       0x38 build/inc/CORTEX_M4F_STM32F4/Libraries/STM32F4xx_StdPeriph_Driver/src/stm32f4xx_usart.o
                0x0000000008002c44                USART_LINBreakDetectLengthConfig
 .text.USART_LINCmd
                0x0000000008002c7c       0x40 build/inc/CORTEX_M4F_STM32F4/Libraries/STM32F4xx_StdPeriph_Driver/src/stm32f4xx_usart.o
                0x0000000008002c7c                USART_LINCmd
 .text.USART_SendBreak
                0x0000000008002cbc       0x24 build/inc/CORTEX_M4F_STM32F4/Libraries/STM32F4xx_StdPeriph_Driver/src/stm32f4xx_usart.o
                0x0000000008002cbc                USART_SendBreak
 .text.USART_HalfDuplexCmd
                0x0000000008002ce0       0x40 build/inc/CORTEX_M4F_STM32F4/Libraries/STM32F4xx_StdPeriph_Driver/src/stm32f4xx_usart.o
                0x0000000008002ce0                USART_HalfDuplexCmd
 .text.USART_SetGuardTime
                0x0000000008002d20       0x3c build/inc/CORTEX_M4F_STM32F4/Libraries/STM32F4xx_StdPeriph_Driver/src/stm32f4xx_usart.o
                0x0000000008002d20                USART_SetGuardTime
 .text.USART_SmartCardCmd
                0x0000000008002d5c       0x40 build/inc/CORTEX_M4F_STM32F4/Libraries/STM32F4xx_StdPeriph_Driver/src/stm32f4xx_usart.o
                0x0000000008002d5c                USART_SmartCardCmd
 .text.USART_SmartCardNACKCmd
                0x0000000008002d9c       0x40 build/inc/CORTEX_M4F_STM32F4/Libraries/STM32F4xx_StdPeriph_Driver/src/stm32f4xx_usart.o
                0x0000000008002d9c                USART_SmartCardNACKCmd
 .text.USART_IrDAConfig
                0x0000000008002ddc       0x38 build/inc/CORTEX_M4F_STM32F4/Libraries/STM32F4xx_StdPeriph_Driver/src/stm32f4xx_usart.o
                0x0000000008002ddc                USART_IrDAConfig
 .text.USART_IrDACmd
                0x0000000008002e14       0x40 build/inc/CORTEX_M4F_STM32F4/Libraries/STM32F4xx_StdPeriph_Driver/src/stm32f4xx_usart.o
                0x0000000008002e14                USART_IrDACmd
 .text.USART_DMACmd
                0x0000000008002e54       0x48 build/inc/CORTEX_M4F_STM32F4/Libraries/STM32F4xx_StdPeriph_Driver/src/stm32f4xx_usart.o
                0x0000000008002e54                USART_DMACmd
 .text.USART_ITConfig
                0x0000000008002e9c       0x90 build/inc/CORTEX_M4F_STM32F4/Libraries/STM32F4xx_StdPeriph_Driver/src/stm32f4xx_usart.o
                0x0000000008002e9c                USART_ITConfig
 .text.USART_GetFlagStatus
                0x0000000008002f2c       0x38 build/inc/CORTEX_M4F_STM32F4/Libraries/STM32F4xx_StdPeriph_Driver/src/stm32f4xx_usart.o
                0x0000000008002f2c                USART_GetFlagStatus
 .text.USART_ClearFlag
                0x0000000008002f64       0x20 build/inc/CORTEX_M4F_STM32F4/Libraries/STM32F4xx_StdPeriph_Driver/src/stm32f4xx_usart.o
                0x0000000008002f64                USART_ClearFlag
 .text.USART_GetITStatus
                0x0000000008002f84       0xb0 build/inc/CORTEX_M4F_STM32F4/Libraries/STM32F4xx_StdPeriph_Driver/src/stm32f4xx_usart.o
                0x0000000008002f84                USART_GetITStatus
 .text.USART_ClearITPendingBit
                0x0000000008003034       0x38 build/inc/CORTEX_M4F_STM32F4/Libraries/STM32F4xx_StdPeriph_Driver/src/stm32f4xx_usart.o
                0x0000000008003034                USART_ClearITPendingBit
 .text.SYSCFG_DeInit
                0x000000000800306c       0x1c build/inc/CORTEX_M4F_STM32F4/Libraries/STM32F4xx_StdPeriph_Driver/src/stm32f4xx_syscfg.o
                0x000000000800306c                SYSCFG_DeInit
 .text.SYSCFG_MemoryRemapConfig
                0x0000000008003088       0x20 build/inc/CORTEX_M4F_STM32F4/Libraries/STM32F4xx_StdPeriph_Driver/src/stm32f4xx_syscfg.o
                0x0000000008003088                SYSCFG_MemoryRemapConfig
 .text.SYSCFG_MemorySwappingBank
                0x00000000080030a8       0x20 build/inc/CORTEX_M4F_STM32F4/Libraries/STM32F4xx_StdPeriph_Driver/src/stm32f4xx_syscfg.o
                0x00000000080030a8                SYSCFG_MemorySwappingBank
 .text.SYSCFG_EXTILineConfig
                0x00000000080030c8       0x7c build/inc/CORTEX_M4F_STM32F4/Libraries/STM32F4xx_StdPeriph_Driver/src/stm32f4xx_syscfg.o
                0x00000000080030c8                SYSCFG_EXTILineConfig
 .text.SYSCFG_ETH_MediaInterfaceConfig
                0x0000000008003144       0x1c build/inc/CORTEX_M4F_STM32F4/Libraries/STM32F4xx_StdPeriph_Driver/src/stm32f4xx_syscfg.o
                0x0000000008003144                SYSCFG_ETH_MediaInterfaceConfig
 .text.SYSCFG_CompensationCellCmd
                0x0000000008003160       0x20 build/inc/CORTEX_M4F_STM32F4/Libraries/STM32F4xx_StdPeriph_Driver/src/stm32f4xx_syscfg.o
                0x0000000008003160                SYSCFG_CompensationCellCmd
 .text.SYSCFG_GetCompensationCellStatus
                0x0000000008003180       0x34 build/inc/CORTEX_M4F_STM32F4/Libraries/STM32F4xx_StdPeriph_Driver/src/stm32f4xx_syscfg.o
                0x0000000008003180                SYSCFG_GetCompensationCellStatus
 .text.I2C_DeInit
                0x00000000080031b4       0x74 build/inc/CORTEX_M4F_STM32F4/Libraries/STM32F4xx_StdPeriph_Driver/src/stm32f4xx_i2c.o
                0x00000000080031b4                I2C_DeInit
 .text.I2C_Init
                0x0000000008003228      0x184 build/inc/CORTEX_M4F_STM32F4/Libraries/STM32F4xx_StdPeriph_Driver/src/stm32f4xx_i2c.o
                0x0000000008003228                I2C_Init
 .text.I2C_StructInit
                0x00000000080033ac       0x3c build/inc/CORTEX_M4F_STM32F4/Libraries/STM32F4xx_StdPeriph_Driver/src/stm32f4xx_i2c.o
                0x00000000080033ac                I2C_StructInit
 .text.I2C_Cmd  0x00000000080033e8       0x40 build/inc/CORTEX_M4F_STM32F4/Libraries/STM32F4xx_StdPeriph_Driver/src/stm32f4xx_i2c.o
                0x00000000080033e8                I2C_Cmd
 .text.I2C_AnalogFilterCmd
                0x0000000008003428       0x40 build/inc/CORTEX_M4F_STM32F4/Libraries/STM32F4xx_StdPeriph_Driver/src/stm32f4xx_i2c.o
                0x0000000008003428                I2C_AnalogFilterCmd
 .text.I2C_DigitalFilterConfig
                0x0000000008003468       0x40 build/inc/CORTEX_M4F_STM32F4/Libraries/STM32F4xx_StdPeriph_Driver/src/stm32f4xx_i2c.o
                0x0000000008003468                I2C_DigitalFilterConfig
 .text.I2C_GenerateSTART
                0x00000000080034a8       0x40 build/inc/CORTEX_M4F_STM32F4/Libraries/STM32F4xx_StdPeriph_Driver/src/stm32f4xx_i2c.o
                0x00000000080034a8                I2C_GenerateSTART
 .text.I2C_GenerateSTOP
                0x00000000080034e8       0x40 build/inc/CORTEX_M4F_STM32F4/Libraries/STM32F4xx_StdPeriph_Driver/src/stm32f4xx_i2c.o
                0x00000000080034e8                I2C_GenerateSTOP
 .text.I2C_Send7bitAddress
                0x0000000008003528       0x3c build/inc/CORTEX_M4F_STM32F4/Libraries/STM32F4xx_StdPeriph_Driver/src/stm32f4xx_i2c.o
                0x0000000008003528                I2C_Send7bitAddress
 .text.I2C_AcknowledgeConfig
                0x0000000008003564       0x40 build/inc/CORTEX_M4F_STM32F4/Libraries/STM32F4xx_StdPeriph_Driver/src/stm32f4xx_i2c.o
                0x0000000008003564                I2C_AcknowledgeConfig
 .text.I2C_OwnAddress2Config
                0x00000000080035a4       0x40 build/inc/CORTEX_M4F_STM32F4/Libraries/STM32F4xx_StdPeriph_Driver/src/stm32f4xx_i2c.o
                0x00000000080035a4                I2C_OwnAddress2Config
 .text.I2C_DualAddressCmd
                0x00000000080035e4       0x40 build/inc/CORTEX_M4F_STM32F4/Libraries/STM32F4xx_StdPeriph_Driver/src/stm32f4xx_i2c.o
                0x00000000080035e4                I2C_DualAddressCmd
 .text.I2C_GeneralCallCmd
                0x0000000008003624       0x40 build/inc/CORTEX_M4F_STM32F4/Libraries/STM32F4xx_StdPeriph_Driver/src/stm32f4xx_i2c.o
                0x0000000008003624                I2C_GeneralCallCmd
 .text.I2C_SoftwareResetCmd
                0x0000000008003664       0x44 build/inc/CORTEX_M4F_STM32F4/Libraries/STM32F4xx_StdPeriph_Driver/src/stm32f4xx_i2c.o
                0x0000000008003664                I2C_SoftwareResetCmd
 .text.I2C_StretchClockCmd
                0x00000000080036a8       0x40 build/inc/CORTEX_M4F_STM32F4/Libraries/STM32F4xx_StdPeriph_Driver/src/stm32f4xx_i2c.o
                0x00000000080036a8                I2C_StretchClockCmd
 .text.I2C_FastModeDutyCycleConfig
                0x00000000080036e8       0x40 build/inc/CORTEX_M4F_STM32F4/Libraries/STM32F4xx_StdPeriph_Driver/src/stm32f4xx_i2c.o
                0x00000000080036e8                I2C_FastModeDutyCycleConfig
 .text.I2C_NACKPositionConfig
                0x0000000008003728       0x40 build/inc/CORTEX_M4F_STM32F4/Libraries/STM32F4xx_StdPeriph_Driver/src/stm32f4xx_i2c.o
                0x0000000008003728                I2C_NACKPositionConfig
 .text.I2C_SMBusAlertConfig
                0x0000000008003768       0x40 build/inc/CORTEX_M4F_STM32F4/Libraries/STM32F4xx_StdPeriph_Driver/src/stm32f4xx_i2c.o
                0x0000000008003768                I2C_SMBusAlertConfig
 .text.I2C_ARPCmd
                0x00000000080037a8       0x40 build/inc/CORTEX_M4F_STM32F4/Libraries/STM32F4xx_StdPeriph_Driver/src/stm32f4xx_i2c.o
                0x00000000080037a8                I2C_ARPCmd
 .text.I2C_SendData
                0x00000000080037e8       0x20 build/inc/CORTEX_M4F_STM32F4/Libraries/STM32F4xx_StdPeriph_Driver/src/stm32f4xx_i2c.o
                0x00000000080037e8                I2C_SendData
 .text.I2C_ReceiveData
                0x0000000008003808       0x1c build/inc/CORTEX_M4F_STM32F4/Libraries/STM32F4xx_StdPeriph_Driver/src/stm32f4xx_i2c.o
                0x0000000008003808                I2C_ReceiveData
 .text.I2C_TransmitPEC
                0x0000000008003824       0x40 build/inc/CORTEX_M4F_STM32F4/Libraries/STM32F4xx_StdPeriph_Driver/src/stm32f4xx_i2c.o
                0x0000000008003824                I2C_TransmitPEC
 .text.I2C_PECPositionConfig
                0x0000000008003864       0x40 build/inc/CORTEX_M4F_STM32F4/Libraries/STM32F4xx_StdPeriph_Driver/src/stm32f4xx_i2c.o
                0x0000000008003864                I2C_PECPositionConfig
 .text.I2C_CalculatePEC
                0x00000000080038a4       0x40 build/inc/CORTEX_M4F_STM32F4/Libraries/STM32F4xx_StdPeriph_Driver/src/stm32f4xx_i2c.o
                0x00000000080038a4                I2C_CalculatePEC
 .text.I2C_GetPEC
                0x00000000080038e4       0x20 build/inc/CORTEX_M4F_STM32F4/Libraries/STM32F4xx_StdPeriph_Driver/src/stm32f4xx_i2c.o
                0x00000000080038e4                I2C_GetPEC
 .text.I2C_DMACmd
                0x0000000008003904       0x40 build/inc/CORTEX_M4F_STM32F4/Libraries/STM32F4xx_StdPeriph_Driver/src/stm32f4xx_i2c.o
                0x0000000008003904                I2C_DMACmd
 .text.I2C_DMALastTransferCmd
                0x0000000008003944       0x40 build/inc/CORTEX_M4F_STM32F4/Libraries/STM32F4xx_StdPeriph_Driver/src/stm32f4xx_i2c.o
                0x0000000008003944                I2C_DMALastTransferCmd
 .text.I2C_ReadRegister
                0x0000000008003984       0x30 build/inc/CORTEX_M4F_STM32F4/Libraries/STM32F4xx_StdPeriph_Driver/src/stm32f4xx_i2c.o
                0x0000000008003984                I2C_ReadRegister
 .text.I2C_ITConfig
                0x00000000080039b4       0x48 build/inc/CORTEX_M4F_STM32F4/Libraries/STM32F4xx_StdPeriph_Driver/src/stm32f4xx_i2c.o
                0x00000000080039b4                I2C_ITConfig
 .text.I2C_CheckEvent
                0x00000000080039fc       0x60 build/inc/CORTEX_M4F_STM32F4/Libraries/STM32F4xx_StdPeriph_Driver/src/stm32f4xx_i2c.o
                0x00000000080039fc                I2C_CheckEvent
 .text.I2C_GetLastEvent
                0x0000000008003a5c       0x44 build/inc/CORTEX_M4F_STM32F4/Libraries/STM32F4xx_StdPeriph_Driver/src/stm32f4xx_i2c.o
                0x0000000008003a5c                I2C_GetLastEvent
 .text.I2C_GetFlagStatus
                0x0000000008003aa0       0x68 build/inc/CORTEX_M4F_STM32F4/Libraries/STM32F4xx_StdPeriph_Driver/src/stm32f4xx_i2c.o
                0x0000000008003aa0                I2C_GetFlagStatus
 .text.I2C_ClearFlag
                0x0000000008003b08       0x2c build/inc/CORTEX_M4F_STM32F4/Libraries/STM32F4xx_StdPeriph_Driver/src/stm32f4xx_i2c.o
                0x0000000008003b08                I2C_ClearFlag
 .text.I2C_GetITStatus
                0x0000000008003b34       0x5c build/inc/CORTEX_M4F_STM32F4/Libraries/STM32F4xx_StdPeriph_Driver/src/stm32f4xx_i2c.o
                0x0000000008003b34                I2C_GetITStatus
 .text.I2C_ClearITPendingBit
                0x0000000008003b90       0x2c build/inc/CORTEX_M4F_STM32F4/Libraries/STM32F4xx_StdPeriph_Driver/src/stm32f4xx_i2c.o
                0x0000000008003b90                I2C_ClearITPendingBit
 .text.DMA_DeInit
                0x0000000008003bbc      0x1a4 build/inc/CORTEX_M4F_STM32F4/Libraries/STM32F4xx_StdPeriph_Driver/src/stm32f4xx_dma.o
                0x0000000008003bbc                DMA_DeInit
 .text.DMA_Init
                0x0000000008003d60       0xac build/inc/CORTEX_M4F_STM32F4/Libraries/STM32F4xx_StdPeriph_Driver/src/stm32f4xx_dma.o
                0x0000000008003d60                DMA_Init
 .text.DMA_StructInit
                0x0000000008003e0c       0x6c build/inc/CORTEX_M4F_STM32F4/Libraries/STM32F4xx_StdPeriph_Driver/src/stm32f4xx_dma.o
                0x0000000008003e0c                DMA_StructInit
 .text.DMA_Cmd  0x0000000008003e78       0x38 build/inc/CORTEX_M4F_STM32F4/Libraries/STM32F4xx_StdPeriph_Driver/src/stm32f4xx_dma.o
                0x0000000008003e78                DMA_Cmd
 .text.DMA_PeriphIncOffsetSizeConfig
                0x0000000008003eb0       0x34 build/inc/CORTEX_M4F_STM32F4/Libraries/STM32F4xx_StdPeriph_Driver/src/stm32f4xx_dma.o
                0x0000000008003eb0                DMA_PeriphIncOffsetSizeConfig
 .text.DMA_FlowControllerConfig
                0x0000000008003ee4       0x34 build/inc/CORTEX_M4F_STM32F4/Libraries/STM32F4xx_StdPeriph_Driver/src/stm32f4xx_dma.o
                0x0000000008003ee4                DMA_FlowControllerConfig
 .text.DMA_SetCurrDataCounter
                0x0000000008003f18       0x1c build/inc/CORTEX_M4F_STM32F4/Libraries/STM32F4xx_StdPeriph_Driver/src/stm32f4xx_dma.o
                0x0000000008003f18                DMA_SetCurrDataCounter
 .text.DMA_GetCurrDataCounter
                0x0000000008003f34       0x1c build/inc/CORTEX_M4F_STM32F4/Libraries/STM32F4xx_StdPeriph_Driver/src/stm32f4xx_dma.o
                0x0000000008003f34                DMA_GetCurrDataCounter
 .text.DMA_DoubleBufferModeConfig
                0x0000000008003f50       0x3c build/inc/CORTEX_M4F_STM32F4/Libraries/STM32F4xx_StdPeriph_Driver/src/stm32f4xx_dma.o
                0x0000000008003f50                DMA_DoubleBufferModeConfig
 .text.DMA_DoubleBufferModeCmd
                0x0000000008003f8c       0x38 build/inc/CORTEX_M4F_STM32F4/Libraries/STM32F4xx_StdPeriph_Driver/src/stm32f4xx_dma.o
                0x0000000008003f8c                DMA_DoubleBufferModeCmd
 .text.DMA_MemoryTargetConfig
                0x0000000008003fc4       0x2c build/inc/CORTEX_M4F_STM32F4/Libraries/STM32F4xx_StdPeriph_Driver/src/stm32f4xx_dma.o
                0x0000000008003fc4                DMA_MemoryTargetConfig
 .text.DMA_GetCurrentMemoryTarget
                0x0000000008003ff0       0x30 build/inc/CORTEX_M4F_STM32F4/Libraries/STM32F4xx_StdPeriph_Driver/src/stm32f4xx_dma.o
                0x0000000008003ff0                DMA_GetCurrentMemoryTarget
 .text.DMA_GetCmdStatus
                0x0000000008004020       0x30 build/inc/CORTEX_M4F_STM32F4/Libraries/STM32F4xx_StdPeriph_Driver/src/stm32f4xx_dma.o
                0x0000000008004020                DMA_GetCmdStatus
 .text.DMA_GetFIFOStatus
                0x0000000008004050       0x24 build/inc/CORTEX_M4F_STM32F4/Libraries/STM32F4xx_StdPeriph_Driver/src/stm32f4xx_dma.o
                0x0000000008004050                DMA_GetFIFOStatus
 .text.DMA_GetFlagStatus
                0x0000000008004074       0x78 build/inc/CORTEX_M4F_STM32F4/Libraries/STM32F4xx_StdPeriph_Driver/src/stm32f4xx_dma.o
                0x0000000008004074                DMA_GetFlagStatus
 .text.DMA_ClearFlag
                0x00000000080040ec       0x5c build/inc/CORTEX_M4F_STM32F4/Libraries/STM32F4xx_StdPeriph_Driver/src/stm32f4xx_dma.o
                0x00000000080040ec                DMA_ClearFlag
 .text.DMA_ITConfig
                0x0000000008004148       0x74 build/inc/CORTEX_M4F_STM32F4/Libraries/STM32F4xx_StdPeriph_Driver/src/stm32f4xx_dma.o
                0x0000000008004148                DMA_ITConfig
 .text.DMA_GetITStatus
                0x00000000080041bc       0xb0 build/inc/CORTEX_M4F_STM32F4/Libraries/STM32F4xx_StdPeriph_Driver/src/stm32f4xx_dma.o
                0x00000000080041bc                DMA_GetITStatus
 .text.DMA_ClearITPendingBit
                0x000000000800426c       0x5c build/inc/CORTEX_M4F_STM32F4/Libraries/STM32F4xx_StdPeriph_Driver/src/stm32f4xx_dma.o
                0x000000000800426c                DMA_ClearITPendingBit
 .text.SPI_I2S_DeInit
                0x00000000080042c8       0xd8 build/inc/CORTEX_M4F_STM32F4/Libraries/STM32F4xx_StdPeriph_Driver/src/stm32f4xx_spi.o
                0x00000000080042c8                SPI_I2S_DeInit
 .text.SPI_Init
                0x00000000080043a0       0x88 build/inc/CORTEX_M4F_STM32F4/Libraries/STM32F4xx_StdPeriph_Driver/src/stm32f4xx_spi.o
                0x00000000080043a0                SPI_Init
 .text.I2S_Init
                0x0000000008004428      0x1b0 build/inc/CORTEX_M4F_STM32F4/Libraries/STM32F4xx_StdPeriph_Driver/src/stm32f4xx_spi.o
                0x0000000008004428                I2S_Init
 .text.SPI_StructInit
                0x00000000080045d8       0x48 build/inc/CORTEX_M4F_STM32F4/Libraries/STM32F4xx_StdPeriph_Driver/src/stm32f4xx_spi.o
                0x00000000080045d8                SPI_StructInit
 .text.I2S_StructInit
                0x0000000008004620       0x38 build/inc/CORTEX_M4F_STM32F4/Libraries/STM32F4xx_StdPeriph_Driver/src/stm32f4xx_spi.o
                0x0000000008004620                I2S_StructInit
 .text.SPI_Cmd  0x0000000008004658       0x40 build/inc/CORTEX_M4F_STM32F4/Libraries/STM32F4xx_StdPeriph_Driver/src/stm32f4xx_spi.o
                0x0000000008004658                SPI_Cmd
 .text.I2S_Cmd  0x0000000008004698       0x40 build/inc/CORTEX_M4F_STM32F4/Libraries/STM32F4xx_StdPeriph_Driver/src/stm32f4xx_spi.o
                0x0000000008004698                I2S_Cmd
 .text.SPI_DataSizeConfig
                0x00000000080046d8       0x38 build/inc/CORTEX_M4F_STM32F4/Libraries/STM32F4xx_StdPeriph_Driver/src/stm32f4xx_spi.o
                0x00000000080046d8                SPI_DataSizeConfig
 .text.SPI_BiDirectionalLineConfig
                0x0000000008004710       0x40 build/inc/CORTEX_M4F_STM32F4/Libraries/STM32F4xx_StdPeriph_Driver/src/stm32f4xx_spi.o
                0x0000000008004710                SPI_BiDirectionalLineConfig
 .text.SPI_NSSInternalSoftwareConfig
                0x0000000008004750       0x44 build/inc/CORTEX_M4F_STM32F4/Libraries/STM32F4xx_StdPeriph_Driver/src/stm32f4xx_spi.o
                0x0000000008004750                SPI_NSSInternalSoftwareConfig
 .text.SPI_SSOutputCmd
                0x0000000008004794       0x40 build/inc/CORTEX_M4F_STM32F4/Libraries/STM32F4xx_StdPeriph_Driver/src/stm32f4xx_spi.o
                0x0000000008004794                SPI_SSOutputCmd
 .text.SPI_TIModeCmd
                0x00000000080047d4       0x40 build/inc/CORTEX_M4F_STM32F4/Libraries/STM32F4xx_StdPeriph_Driver/src/stm32f4xx_spi.o
                0x00000000080047d4                SPI_TIModeCmd
 .text.I2S_FullDuplexConfig
                0x0000000008004814       0x9c build/inc/CORTEX_M4F_STM32F4/Libraries/STM32F4xx_StdPeriph_Driver/src/stm32f4xx_spi.o
                0x0000000008004814                I2S_FullDuplexConfig
 .text.SPI_I2S_ReceiveData
                0x00000000080048b0       0x1c build/inc/CORTEX_M4F_STM32F4/Libraries/STM32F4xx_StdPeriph_Driver/src/stm32f4xx_spi.o
                0x00000000080048b0                SPI_I2S_ReceiveData
 .text.SPI_I2S_SendData
                0x00000000080048cc       0x1c build/inc/CORTEX_M4F_STM32F4/Libraries/STM32F4xx_StdPeriph_Driver/src/stm32f4xx_spi.o
                0x00000000080048cc                SPI_I2S_SendData
 .text.SPI_CalculateCRC
                0x00000000080048e8       0x40 build/inc/CORTEX_M4F_STM32F4/Libraries/STM32F4xx_StdPeriph_Driver/src/stm32f4xx_spi.o
                0x00000000080048e8                SPI_CalculateCRC
 .text.SPI_TransmitCRC
                0x0000000008004928       0x24 build/inc/CORTEX_M4F_STM32F4/Libraries/STM32F4xx_StdPeriph_Driver/src/stm32f4xx_spi.o
                0x0000000008004928                SPI_TransmitCRC
 .text.SPI_GetCRC
                0x000000000800494c       0x34 build/inc/CORTEX_M4F_STM32F4/Libraries/STM32F4xx_StdPeriph_Driver/src/stm32f4xx_spi.o
                0x000000000800494c                SPI_GetCRC
 .text.SPI_GetCRCPolynomial
                0x0000000008004980       0x1c build/inc/CORTEX_M4F_STM32F4/Libraries/STM32F4xx_StdPeriph_Driver/src/stm32f4xx_spi.o
                0x0000000008004980                SPI_GetCRCPolynomial
 .text.SPI_I2S_DMACmd
                0x000000000800499c       0x48 build/inc/CORTEX_M4F_STM32F4/Libraries/STM32F4xx_StdPeriph_Driver/src/stm32f4xx_spi.o
                0x000000000800499c                SPI_I2S_DMACmd
 .text.SPI_I2S_ITConfig
                0x00000000080049e4       0x60 build/inc/CORTEX_M4F_STM32F4/Libraries/STM32F4xx_StdPeriph_Driver/src/stm32f4xx_spi.o
                0x00000000080049e4                SPI_I2S_ITConfig
 .text.SPI_I2S_GetFlagStatus
                0x0000000008004a44       0x38 build/inc/CORTEX_M4F_STM32F4/Libraries/STM32F4xx_StdPeriph_Driver/src/stm32f4xx_spi.o
                0x0000000008004a44                SPI_I2S_GetFlagStatus
 .text.SPI_I2S_ClearFlag
                0x0000000008004a7c       0x20 build/inc/CORTEX_M4F_STM32F4/Libraries/STM32F4xx_StdPeriph_Driver/src/stm32f4xx_spi.o
                0x0000000008004a7c                SPI_I2S_ClearFlag
 .text.SPI_I2S_GetITStatus
                0x0000000008004a9c       0x78 build/inc/CORTEX_M4F_STM32F4/Libraries/STM32F4xx_StdPeriph_Driver/src/stm32f4xx_spi.o
                0x0000000008004a9c                SPI_I2S_GetITStatus
 .text.SPI_I2S_ClearITPendingBit
                0x0000000008004b14       0x34 build/inc/CORTEX_M4F_STM32F4/Libraries/STM32F4xx_StdPeriph_Driver/src/stm32f4xx_spi.o
                0x0000000008004b14                SPI_I2S_ClearITPendingBit
 .text.EXTI_DeInit
                0x0000000008004b48       0x34 build/inc/CORTEX_M4F_STM32F4/Libraries/STM32F4xx_StdPeriph_Driver/src/stm32f4xx_exti.o
                0x0000000008004b48                EXTI_DeInit
 .text.EXTI_Init
                0x0000000008004b7c       0xdc build/inc/CORTEX_M4F_STM32F4/Libraries/STM32F4xx_StdPeriph_Driver/src/stm32f4xx_exti.o
                0x0000000008004b7c                EXTI_Init
 .text.EXTI_StructInit
                0x0000000008004c58       0x2c build/inc/CORTEX_M4F_STM32F4/Libraries/STM32F4xx_StdPeriph_Driver/src/stm32f4xx_exti.o
                0x0000000008004c58                EXTI_StructInit
 .text.EXTI_GenerateSWInterrupt
                0x0000000008004c84       0x24 build/inc/CORTEX_M4F_STM32F4/Libraries/STM32F4xx_StdPeriph_Driver/src/stm32f4xx_exti.o
                0x0000000008004c84                EXTI_GenerateSWInterrupt
 .text.EXTI_GetFlagStatus
                0x0000000008004ca8       0x34 build/inc/CORTEX_M4F_STM32F4/Libraries/STM32F4xx_StdPeriph_Driver/src/stm32f4xx_exti.o
                0x0000000008004ca8                EXTI_GetFlagStatus
 .text.EXTI_ClearFlag
                0x0000000008004cdc       0x1c build/inc/CORTEX_M4F_STM32F4/Libraries/STM32F4xx_StdPeriph_Driver/src/stm32f4xx_exti.o
                0x0000000008004cdc                EXTI_ClearFlag
 .text.EXTI_GetITStatus
                0x0000000008004cf8       0x34 build/inc/CORTEX_M4F_STM32F4/Libraries/STM32F4xx_StdPeriph_Driver/src/stm32f4xx_exti.o
                0x0000000008004cf8                EXTI_GetITStatus
 .text.EXTI_ClearITPendingBit
                0x0000000008004d2c       0x1c build/inc/CORTEX_M4F_STM32F4/Libraries/STM32F4xx_StdPeriph_Driver/src/stm32f4xx_exti.o
                0x0000000008004d2c                EXTI_ClearITPendingBit
 .text.DMA2D_DeInit
                0x0000000008004d48       0x1c build/inc/CORTEX_M4F_STM32F4/Libraries/STM32F4xx_StdPeriph_Driver/src/stm32f4xx_dma2d.o
                0x0000000008004d48                DMA2D_DeInit
 .text.DMA2D_Init
                0x0000000008004d64      0x15c build/inc/CORTEX_M4F_STM32F4/Libraries/STM32F4xx_StdPeriph_Driver/src/stm32f4xx_dma2d.o
                0x0000000008004d64                DMA2D_Init
 .text.DMA2D_StructInit
                0x0000000008004ec0       0x50 build/inc/CORTEX_M4F_STM32F4/Libraries/STM32F4xx_StdPeriph_Driver/src/stm32f4xx_dma2d.o
                0x0000000008004ec0                DMA2D_StructInit
 .text.DMA2D_StartTransfer
                0x0000000008004f10       0x1c build/inc/CORTEX_M4F_STM32F4/Libraries/STM32F4xx_StdPeriph_Driver/src/stm32f4xx_dma2d.o
                0x0000000008004f10                DMA2D_StartTransfer
 .text.DMA2D_AbortTransfer
                0x0000000008004f2c       0x1c build/inc/CORTEX_M4F_STM32F4/Libraries/STM32F4xx_StdPeriph_Driver/src/stm32f4xx_dma2d.o
                0x0000000008004f2c                DMA2D_AbortTransfer
 .text.DMA2D_Suspend
                0x0000000008004f48       0x38 build/inc/CORTEX_M4F_STM32F4/Libraries/STM32F4xx_StdPeriph_Driver/src/stm32f4xx_dma2d.o
                0x0000000008004f48                DMA2D_Suspend
 .text.DMA2D_FGConfig
                0x0000000008004f80       0xdc build/inc/CORTEX_M4F_STM32F4/Libraries/STM32F4xx_StdPeriph_Driver/src/stm32f4xx_dma2d.o
                0x0000000008004f80                DMA2D_FGConfig
 .text.DMA2D_FG_StructInit
                0x000000000800505c       0x54 build/inc/CORTEX_M4F_STM32F4/Libraries/STM32F4xx_StdPeriph_Driver/src/stm32f4xx_dma2d.o
                0x000000000800505c                DMA2D_FG_StructInit
 .text.DMA2D_BGConfig
                0x00000000080050b0       0xdc build/inc/CORTEX_M4F_STM32F4/Libraries/STM32F4xx_StdPeriph_Driver/src/stm32f4xx_dma2d.o
                0x00000000080050b0                DMA2D_BGConfig
 .text.DMA2D_BG_StructInit
                0x000000000800518c       0x54 build/inc/CORTEX_M4F_STM32F4/Libraries/STM32F4xx_StdPeriph_Driver/src/stm32f4xx_dma2d.o
                0x000000000800518c                DMA2D_BG_StructInit
 .text.DMA2D_FGStart
                0x00000000080051e0       0x38 build/inc/CORTEX_M4F_STM32F4/Libraries/STM32F4xx_StdPeriph_Driver/src/stm32f4xx_dma2d.o
                0x00000000080051e0                DMA2D_FGStart
 .text.DMA2D_BGStart
                0x0000000008005218       0x38 build/inc/CORTEX_M4F_STM32F4/Libraries/STM32F4xx_StdPeriph_Driver/src/stm32f4xx_dma2d.o
                0x0000000008005218                DMA2D_BGStart
 .text.DMA2D_DeadTimeConfig
                0x0000000008005250       0x54 build/inc/CORTEX_M4F_STM32F4/Libraries/STM32F4xx_StdPeriph_Driver/src/stm32f4xx_dma2d.o
                0x0000000008005250                DMA2D_DeadTimeConfig
 .text.DMA2D_LineWatermarkConfig
                0x00000000080052a4       0x1c build/inc/CORTEX_M4F_STM32F4/Libraries/STM32F4xx_StdPeriph_Driver/src/stm32f4xx_dma2d.o
                0x00000000080052a4                DMA2D_LineWatermarkConfig
 .text.DMA2D_ITConfig
                0x00000000080052c0       0x3c build/inc/CORTEX_M4F_STM32F4/Libraries/STM32F4xx_StdPeriph_Driver/src/stm32f4xx_dma2d.o
                0x00000000080052c0                DMA2D_ITConfig
 .text.DMA2D_GetFlagStatus
                0x00000000080052fc       0x34 build/inc/CORTEX_M4F_STM32F4/Libraries/STM32F4xx_StdPeriph_Driver/src/stm32f4xx_dma2d.o
                0x00000000080052fc                DMA2D_GetFlagStatus
 .text.DMA2D_ClearFlag
                0x0000000008005330       0x1c build/inc/CORTEX_M4F_STM32F4/Libraries/STM32F4xx_StdPeriph_Driver/src/stm32f4xx_dma2d.o
                0x0000000008005330                DMA2D_ClearFlag
 .text.DMA2D_GetITStatus
                0x000000000800534c       0x58 build/inc/CORTEX_M4F_STM32F4/Libraries/STM32F4xx_StdPeriph_Driver/src/stm32f4xx_dma2d.o
                0x000000000800534c                DMA2D_GetITStatus
 .text.DMA2D_ClearITPendingBit
                0x00000000080053a4       0x24 build/inc/CORTEX_M4F_STM32F4/Libraries/STM32F4xx_StdPeriph_Driver/src/stm32f4xx_dma2d.o
                0x00000000080053a4                DMA2D_ClearITPendingBit
 .text.LTDC_DeInit
                0x00000000080053c8       0x1c build/inc/CORTEX_M4F_STM32F4/Libraries/STM32F4xx_StdPeriph_Driver/src/stm32f4xx_ltdc.o
                0x00000000080053c8                LTDC_DeInit
 .text.LTDC_Init
                0x00000000080053e4      0x12c build/inc/CORTEX_M4F_STM32F4/Libraries/STM32F4xx_StdPeriph_Driver/src/stm32f4xx_ltdc.o
                0x00000000080053e4                LTDC_Init
 .text.LTDC_StructInit
                0x0000000008005510       0x6c build/inc/CORTEX_M4F_STM32F4/Libraries/STM32F4xx_StdPeriph_Driver/src/stm32f4xx_ltdc.o
                0x0000000008005510                LTDC_StructInit
 .text.LTDC_Cmd
                0x000000000800557c       0x38 build/inc/CORTEX_M4F_STM32F4/Libraries/STM32F4xx_StdPeriph_Driver/src/stm32f4xx_ltdc.o
                0x000000000800557c                LTDC_Cmd
 .text.LTDC_DitherCmd
                0x00000000080055b4       0x38 build/inc/CORTEX_M4F_STM32F4/Libraries/STM32F4xx_StdPeriph_Driver/src/stm32f4xx_ltdc.o
                0x00000000080055b4                LTDC_DitherCmd
 .text.LTDC_GetRGBWidth
                0x00000000080055ec       0x58 build/inc/CORTEX_M4F_STM32F4/Libraries/STM32F4xx_StdPeriph_Driver/src/stm32f4xx_ltdc.o
                0x00000000080055ec                LTDC_GetRGBWidth
 .text.LTDC_RGBStructInit
                0x0000000008005644       0x24 build/inc/CORTEX_M4F_STM32F4/Libraries/STM32F4xx_StdPeriph_Driver/src/stm32f4xx_ltdc.o
                0x0000000008005644                LTDC_RGBStructInit
 .text.LTDC_LIPConfig
                0x0000000008005668       0x1c build/inc/CORTEX_M4F_STM32F4/Libraries/STM32F4xx_StdPeriph_Driver/src/stm32f4xx_ltdc.o
                0x0000000008005668                LTDC_LIPConfig
 .text.LTDC_ReloadConfig
                0x0000000008005684       0x1c build/inc/CORTEX_M4F_STM32F4/Libraries/STM32F4xx_StdPeriph_Driver/src/stm32f4xx_ltdc.o
                0x0000000008005684                LTDC_ReloadConfig
 .text.LTDC_LayerInit
                0x00000000080056a0      0x134 build/inc/CORTEX_M4F_STM32F4/Libraries/STM32F4xx_StdPeriph_Driver/src/stm32f4xx_ltdc.o
                0x00000000080056a0                LTDC_LayerInit
 .text.LTDC_LayerStructInit
                0x00000000080057d4       0x74 build/inc/CORTEX_M4F_STM32F4/Libraries/STM32F4xx_StdPeriph_Driver/src/stm32f4xx_ltdc.o
                0x00000000080057d4                LTDC_LayerStructInit
 .text.LTDC_LayerCmd
                0x0000000008005848       0x38 build/inc/CORTEX_M4F_STM32F4/Libraries/STM32F4xx_StdPeriph_Driver/src/stm32f4xx_ltdc.o
                0x0000000008005848                LTDC_LayerCmd
 .text.LTDC_GetPosStatus
                0x0000000008005880       0x40 build/inc/CORTEX_M4F_STM32F4/Libraries/STM32F4xx_StdPeriph_Driver/src/stm32f4xx_ltdc.o
                0x0000000008005880                LTDC_GetPosStatus
 .text.LTDC_PosStructInit
                0x00000000080058c0       0x20 build/inc/CORTEX_M4F_STM32F4/Libraries/STM32F4xx_StdPeriph_Driver/src/stm32f4xx_ltdc.o
                0x00000000080058c0                LTDC_PosStructInit
 .text.LTDC_GetCDStatus
                0x00000000080058e0       0x30 build/inc/CORTEX_M4F_STM32F4/Libraries/STM32F4xx_StdPeriph_Driver/src/stm32f4xx_ltdc.o
                0x00000000080058e0                LTDC_GetCDStatus
 .text.LTDC_ColorKeyingConfig
                0x0000000008005910       0x7c build/inc/CORTEX_M4F_STM32F4/Libraries/STM32F4xx_StdPeriph_Driver/src/stm32f4xx_ltdc.o
                0x0000000008005910                LTDC_ColorKeyingConfig
 .text.LTDC_ColorKeyingStructInit
                0x000000000800598c       0x24 build/inc/CORTEX_M4F_STM32F4/Libraries/STM32F4xx_StdPeriph_Driver/src/stm32f4xx_ltdc.o
                0x000000000800598c                LTDC_ColorKeyingStructInit
 .text.LTDC_CLUTCmd
                0x00000000080059b0       0x40 build/inc/CORTEX_M4F_STM32F4/Libraries/STM32F4xx_StdPeriph_Driver/src/stm32f4xx_ltdc.o
                0x00000000080059b0                LTDC_CLUTCmd
 .text.LTDC_CLUTInit
                0x00000000080059f0       0x4c build/inc/CORTEX_M4F_STM32F4/Libraries/STM32F4xx_StdPeriph_Driver/src/stm32f4xx_ltdc.o
                0x00000000080059f0                LTDC_CLUTInit
 .text.LTDC_CLUTStructInit
                0x0000000008005a3c       0x2c build/inc/CORTEX_M4F_STM32F4/Libraries/STM32F4xx_StdPeriph_Driver/src/stm32f4xx_ltdc.o
                0x0000000008005a3c                LTDC_CLUTStructInit
 .text.LTDC_LayerPosition
                0x0000000008005a68       0xdc build/inc/CORTEX_M4F_STM32F4/Libraries/STM32F4xx_StdPeriph_Driver/src/stm32f4xx_ltdc.o
                0x0000000008005a68                LTDC_LayerPosition
 .text.LTDC_LayerAlpha
                0x0000000008005b44       0x1c build/inc/CORTEX_M4F_STM32F4/Libraries/STM32F4xx_StdPeriph_Driver/src/stm32f4xx_ltdc.o
                0x0000000008005b44                LTDC_LayerAlpha
 .text.LTDC_LayerAddress
                0x0000000008005b60       0x1c build/inc/CORTEX_M4F_STM32F4/Libraries/STM32F4xx_StdPeriph_Driver/src/stm32f4xx_ltdc.o
                0x0000000008005b60                LTDC_LayerAddress
 .text.LTDC_LayerSize
                0x0000000008005b7c       0xcc build/inc/CORTEX_M4F_STM32F4/Libraries/STM32F4xx_StdPeriph_Driver/src/stm32f4xx_ltdc.o
                0x0000000008005b7c                LTDC_LayerSize
 .text.LTDC_LayerPixelFormat
                0x0000000008005c48       0xc0 build/inc/CORTEX_M4F_STM32F4/Libraries/STM32F4xx_StdPeriph_Driver/src/stm32f4xx_ltdc.o
                0x0000000008005c48                LTDC_LayerPixelFormat
 .text.LTDC_ITConfig
                0x0000000008005d08       0x3c build/inc/CORTEX_M4F_STM32F4/Libraries/STM32F4xx_StdPeriph_Driver/src/stm32f4xx_ltdc.o
                0x0000000008005d08                LTDC_ITConfig
 .text.LTDC_GetFlagStatus
                0x0000000008005d44       0x34 build/inc/CORTEX_M4F_STM32F4/Libraries/STM32F4xx_StdPeriph_Driver/src/stm32f4xx_ltdc.o
                0x0000000008005d44                LTDC_GetFlagStatus
 .text.LTDC_ClearFlag
                0x0000000008005d78       0x1c build/inc/CORTEX_M4F_STM32F4/Libraries/STM32F4xx_StdPeriph_Driver/src/stm32f4xx_ltdc.o
                0x0000000008005d78                LTDC_ClearFlag
 .text.LTDC_GetITStatus
                0x0000000008005d94       0x50 build/inc/CORTEX_M4F_STM32F4/Libraries/STM32F4xx_StdPeriph_Driver/src/stm32f4xx_ltdc.o
                0x0000000008005d94                LTDC_GetITStatus
 .text.LTDC_ClearITPendingBit
                0x0000000008005de4       0x1c build/inc/CORTEX_M4F_STM32F4/Libraries/STM32F4xx_StdPeriph_Driver/src/stm32f4xx_ltdc.o
                0x0000000008005de4                LTDC_ClearITPendingBit
 .text.FMC_NORSRAMDeInit
                0x0000000008005e00       0x58 build/inc/CORTEX_M4F_STM32F4/Libraries/STM32F4xx_StdPeriph_Driver/src/stm32f4xx_fmc.o
                0x0000000008005e00                FMC_NORSRAMDeInit
 .text.FMC_NORSRAMInit
                0x0000000008005e58      0x194 build/inc/CORTEX_M4F_STM32F4/Libraries/STM32F4xx_StdPeriph_Driver/src/stm32f4xx_fmc.o
                0x0000000008005e58                FMC_NORSRAMInit
 .text.FMC_NORSRAMStructInit
                0x0000000008005fec       0xdc build/inc/CORTEX_M4F_STM32F4/Libraries/STM32F4xx_StdPeriph_Driver/src/stm32f4xx_fmc.o
                0x0000000008005fec                FMC_NORSRAMStructInit
 .text.FMC_NORSRAMCmd
                0x00000000080060c8       0x54 build/inc/CORTEX_M4F_STM32F4/Libraries/STM32F4xx_StdPeriph_Driver/src/stm32f4xx_fmc.o
                0x00000000080060c8                FMC_NORSRAMCmd
 .text.FMC_NANDDeInit
                0x000000000800611c       0x5c build/inc/CORTEX_M4F_STM32F4/Libraries/STM32F4xx_StdPeriph_Driver/src/stm32f4xx_fmc.o
                0x000000000800611c                FMC_NANDDeInit
 .text.FMC_NANDInit
                0x0000000008006178       0xcc build/inc/CORTEX_M4F_STM32F4/Libraries/STM32F4xx_StdPeriph_Driver/src/stm32f4xx_fmc.o
                0x0000000008006178                FMC_NANDInit
 .text.FMC_NANDStructInit
                0x0000000008006244       0x7c build/inc/CORTEX_M4F_STM32F4/Libraries/STM32F4xx_StdPeriph_Driver/src/stm32f4xx_fmc.o
                0x0000000008006244                FMC_NANDStructInit
 .text.FMC_NANDCmd
                0x00000000080062c0       0x6c build/inc/CORTEX_M4F_STM32F4/Libraries/STM32F4xx_StdPeriph_Driver/src/stm32f4xx_fmc.o
                0x00000000080062c0                FMC_NANDCmd
 .text.FMC_NANDECCCmd
                0x000000000800632c       0x6c build/inc/CORTEX_M4F_STM32F4/Libraries/STM32F4xx_StdPeriph_Driver/src/stm32f4xx_fmc.o
                0x000000000800632c                FMC_NANDECCCmd
 .text.FMC_GetECC
                0x0000000008006398       0x38 build/inc/CORTEX_M4F_STM32F4/Libraries/STM32F4xx_StdPeriph_Driver/src/stm32f4xx_fmc.o
                0x0000000008006398                FMC_GetECC
 .text.FMC_PCCARDDeInit
                0x00000000080063d0       0x34 build/inc/CORTEX_M4F_STM32F4/Libraries/STM32F4xx_StdPeriph_Driver/src/stm32f4xx_fmc.o
                0x00000000080063d0                FMC_PCCARDDeInit
 .text.FMC_PCCARDInit
                0x0000000008006404       0xac build/inc/CORTEX_M4F_STM32F4/Libraries/STM32F4xx_StdPeriph_Driver/src/stm32f4xx_fmc.o
                0x0000000008006404                FMC_PCCARDInit
 .text.FMC_PCCARDStructInit
                0x00000000080064b0       0x84 build/inc/CORTEX_M4F_STM32F4/Libraries/STM32F4xx_StdPeriph_Driver/src/stm32f4xx_fmc.o
                0x00000000080064b0                FMC_PCCARDStructInit
 .text.FMC_PCCARDCmd
                0x0000000008006534       0x3c build/inc/CORTEX_M4F_STM32F4/Libraries/STM32F4xx_StdPeriph_Driver/src/stm32f4xx_fmc.o
                0x0000000008006534                FMC_PCCARDCmd
 .text.FMC_SDRAMDeInit
                0x0000000008006570       0x44 build/inc/CORTEX_M4F_STM32F4/Libraries/STM32F4xx_StdPeriph_Driver/src/stm32f4xx_fmc.o
                0x0000000008006570                FMC_SDRAMDeInit
 .text.FMC_SDRAMInit
                0x00000000080065b4      0x15c build/inc/CORTEX_M4F_STM32F4/Libraries/STM32F4xx_StdPeriph_Driver/src/stm32f4xx_fmc.o
                0x00000000080065b4                FMC_SDRAMInit
 .text.FMC_SDRAMStructInit
                0x0000000008006710       0x88 build/inc/CORTEX_M4F_STM32F4/Libraries/STM32F4xx_StdPeriph_Driver/src/stm32f4xx_fmc.o
                0x0000000008006710                FMC_SDRAMStructInit
 .text.FMC_SDRAMCmdConfig
                0x0000000008006798       0x40 build/inc/CORTEX_M4F_STM32F4/Libraries/STM32F4xx_StdPeriph_Driver/src/stm32f4xx_fmc.o
                0x0000000008006798                FMC_SDRAMCmdConfig
 .text.FMC_GetModeStatus
                0x00000000080067d8       0x3c build/inc/CORTEX_M4F_STM32F4/Libraries/STM32F4xx_StdPeriph_Driver/src/stm32f4xx_fmc.o
                0x00000000080067d8                FMC_GetModeStatus
 .text.FMC_SetRefreshCount
                0x0000000008006814       0x24 build/inc/CORTEX_M4F_STM32F4/Libraries/STM32F4xx_StdPeriph_Driver/src/stm32f4xx_fmc.o
                0x0000000008006814                FMC_SetRefreshCount
 .text.FMC_SetAutoRefresh_Number
                0x0000000008006838       0x24 build/inc/CORTEX_M4F_STM32F4/Libraries/STM32F4xx_StdPeriph_Driver/src/stm32f4xx_fmc.o
                0x0000000008006838                FMC_SetAutoRefresh_Number
 .text.FMC_SDRAMWriteProtectionConfig
                0x000000000800685c       0x4c build/inc/CORTEX_M4F_STM32F4/Libraries/STM32F4xx_StdPeriph_Driver/src/stm32f4xx_fmc.o
                0x000000000800685c                FMC_SDRAMWriteProtectionConfig
 .text.FMC_ITConfig
                0x00000000080068a8       0xd0 build/inc/CORTEX_M4F_STM32F4/Libraries/STM32F4xx_StdPeriph_Driver/src/stm32f4xx_fmc.o
                0x00000000080068a8                FMC_ITConfig
 .text.FMC_GetFlagStatus
                0x0000000008006978       0x7c build/inc/CORTEX_M4F_STM32F4/Libraries/STM32F4xx_StdPeriph_Driver/src/stm32f4xx_fmc.o
                0x0000000008006978                FMC_GetFlagStatus
 .text.FMC_ClearFlag
                0x00000000080069f4       0x78 build/inc/CORTEX_M4F_STM32F4/Libraries/STM32F4xx_StdPeriph_Driver/src/stm32f4xx_fmc.o
                0x00000000080069f4                FMC_ClearFlag
 .text.FMC_GetITStatus
                0x0000000008006a6c       0xb4 build/inc/CORTEX_M4F_STM32F4/Libraries/STM32F4xx_StdPeriph_Driver/src/stm32f4xx_fmc.o
                0x0000000008006a6c                FMC_GetITStatus
 .text.FMC_ClearITPendingBit
                0x0000000008006b20       0x7c build/inc/CORTEX_M4F_STM32F4/Libraries/STM32F4xx_StdPeriph_Driver/src/stm32f4xx_fmc.o
                0x0000000008006b20                FMC_ClearITPendingBit
 .text.RNG_DeInit
                0x0000000008006b9c       0x18 build/inc/CORTEX_M4F_STM32F4/Libraries/STM32F4xx_StdPeriph_Driver/src/stm32f4xx_rng.o
                0x0000000008006b9c                RNG_DeInit
 .text.RNG_Cmd  0x0000000008006bb4       0x38 build/inc/CORTEX_M4F_STM32F4/Libraries/STM32F4xx_StdPeriph_Driver/src/stm32f4xx_rng.o
                0x0000000008006bb4                RNG_Cmd
 .text.RNG_GetRandomNumber
                0x0000000008006bec       0x18 build/inc/CORTEX_M4F_STM32F4/Libraries/STM32F4xx_StdPeriph_Driver/src/stm32f4xx_rng.o
                0x0000000008006bec                RNG_GetRandomNumber
 .text.RNG_ITConfig
                0x0000000008006c04       0x38 build/inc/CORTEX_M4F_STM32F4/Libraries/STM32F4xx_StdPeriph_Driver/src/stm32f4xx_rng.o
                0x0000000008006c04                RNG_ITConfig
 .text.RNG_GetFlagStatus
                0x0000000008006c3c       0x38 build/inc/CORTEX_M4F_STM32F4/Libraries/STM32F4xx_StdPeriph_Driver/src/stm32f4xx_rng.o
                0x0000000008006c3c                RNG_GetFlagStatus
 .text.RNG_ClearFlag
                0x0000000008006c74       0x24 build/inc/CORTEX_M4F_STM32F4/Libraries/STM32F4xx_StdPeriph_Driver/src/stm32f4xx_rng.o
                0x0000000008006c74                RNG_ClearFlag
 .text.RNG_GetITStatus
                0x0000000008006c98       0x38 build/inc/CORTEX_M4F_STM32F4/Libraries/STM32F4xx_StdPeriph_Driver/src/stm32f4xx_rng.o
                0x0000000008006c98                RNG_GetITStatus
 .text.RNG_ClearITPendingBit
                0x0000000008006cd0       0x24 build/inc/CORTEX_M4F_STM32F4/Libraries/STM32F4xx_StdPeriph_Driver/src/stm32f4xx_rng.o
                0x0000000008006cd0                RNG_ClearITPendingBit
 .text.STM_EVAL_LEDInit
                0x0000000008006cf4       0x5c build/inc/Utilities/STM32F429I-Discovery/stm32f429i_discovery.o
                0x0000000008006cf4                STM_EVAL_LEDInit
 .text.STM_EVAL_LEDOn
                0x0000000008006d50       0x30 build/inc/Utilities/STM32F429I-Discovery/stm32f429i_discovery.o
                0x0000000008006d50                STM_EVAL_LEDOn
 .text.STM_EVAL_LEDOff
                0x0000000008006d80       0x30 build/inc/Utilities/STM32F429I-Discovery/stm32f429i_discovery.o
                0x0000000008006d80                STM_EVAL_LEDOff
 .text.STM_EVAL_LEDToggle
                0x0000000008006db0       0x3c build/inc/Utilities/STM32F429I-Discovery/stm32f429i_discovery.o
                0x0000000008006db0                STM_EVAL_LEDToggle
 .text.STM_EVAL_PBInit
                0x0000000008006dec       0x94 build/inc/Utilities/STM32F429I-Discovery/stm32f429i_discovery.o
                0x0000000008006dec                STM_EVAL_PBInit
 .text.STM_EVAL_PBGetState
                0x0000000008006e80       0x2c build/inc/Utilities/STM32F429I-Discovery/stm32f429i_discovery.o
                0x0000000008006e80                STM_EVAL_PBGetState
 .text.sEE_LowLevel_DeInit
                0x0000000008006eac       0xb8 build/inc/Utilities/STM32F429I-Discovery/stm32f429i_discovery.o
                0x0000000008006eac                sEE_LowLevel_DeInit
 .text.sEE_LowLevel_Init
                0x0000000008006f64      0x198 build/inc/Utilities/STM32F429I-Discovery/stm32f429i_discovery.o
                0x0000000008006f64                sEE_LowLevel_Init
 .text.sEE_LowLevel_DMAConfig
                0x00000000080070fc       0x5c build/inc/Utilities/STM32F429I-Discovery/stm32f429i_discovery.o
                0x00000000080070fc                sEE_LowLevel_DMAConfig
 .text.SDRAM_Init
                0x0000000008007158       0x74 build/inc/Utilities/STM32F429I-Discovery/stm32f429i_discovery_sdram.o
                0x0000000008007158                SDRAM_Init
 .text.SDRAM_GPIOConfig
                0x00000000080071cc      0x214 build/inc/Utilities/STM32F429I-Discovery/stm32f429i_discovery_sdram.o
                0x00000000080071cc                SDRAM_GPIOConfig
 .text.SDRAM_InitSequence
                0x00000000080073e0       0xec build/inc/Utilities/STM32F429I-Discovery/stm32f429i_discovery_sdram.o
                0x00000000080073e0                SDRAM_InitSequence
 .text.SDRAM_WriteBuffer
                0x00000000080074cc       0x54 build/inc/Utilities/STM32F429I-Discovery/stm32f429i_discovery_sdram.o
                0x00000000080074cc                SDRAM_WriteBuffer
 .text.SDRAM_ReadBuffer
                0x0000000008007520       0x4c build/inc/Utilities/STM32F429I-Discovery/stm32f429i_discovery_sdram.o
                0x0000000008007520                SDRAM_ReadBuffer
 .text.delay    0x000000000800756c       0x34 build/inc/Utilities/STM32F429I-Discovery/stm32f429i_discovery_sdram.o
 .text.L3GD20_Init
                0x00000000080075a0       0x78 build/inc/Utilities/STM32F429I-Discovery/stm32f429i_discovery_l3gd20.o
                0x00000000080075a0                L3GD20_Init
 .text.L3GD20_RebootCmd
                0x0000000008007618       0x30 build/inc/Utilities/STM32F429I-Discovery/stm32f429i_discovery_l3gd20.o
                0x0000000008007618                L3GD20_RebootCmd
 .text.L3GD20_INT1InterruptConfig
                0x0000000008007648       0x84 build/inc/Utilities/STM32F429I-Discovery/stm32f429i_discovery_l3gd20.o
                0x0000000008007648                L3GD20_INT1InterruptConfig
 .text.L3GD20_INT1InterruptCmd
                0x00000000080076cc       0x40 build/inc/Utilities/STM32F429I-Discovery/stm32f429i_discovery_l3gd20.o
                0x00000000080076cc                L3GD20_INT1InterruptCmd
 .text.L3GD20_INT2InterruptCmd
                0x000000000800770c       0x40 build/inc/Utilities/STM32F429I-Discovery/stm32f429i_discovery_l3gd20.o
                0x000000000800770c                L3GD20_INT2InterruptCmd
 .text.L3GD20_FilterConfig
                0x000000000800774c       0x48 build/inc/Utilities/STM32F429I-Discovery/stm32f429i_discovery_l3gd20.o
                0x000000000800774c                L3GD20_FilterConfig
 .text.L3GD20_FilterCmd
                0x0000000008007794       0x40 build/inc/Utilities/STM32F429I-Discovery/stm32f429i_discovery_l3gd20.o
                0x0000000008007794                L3GD20_FilterCmd
 .text.L3GD20_GetDataStatus
                0x00000000080077d4       0x1c build/inc/Utilities/STM32F429I-Discovery/stm32f429i_discovery_l3gd20.o
                0x00000000080077d4                L3GD20_GetDataStatus
 .text.L3GD20_Write
                0x00000000080077f0       0x60 build/inc/Utilities/STM32F429I-Discovery/stm32f429i_discovery_l3gd20.o
                0x00000000080077f0                L3GD20_Write
 .text.L3GD20_Read
                0x0000000008007850       0x6c build/inc/Utilities/STM32F429I-Discovery/stm32f429i_discovery_l3gd20.o
                0x0000000008007850                L3GD20_Read
 .text.L3GD20_LowLevel_Init
                0x00000000080078bc      0x138 build/inc/Utilities/STM32F429I-Discovery/stm32f429i_discovery_l3gd20.o
 .text.L3GD20_SendByte
                0x00000000080079f4       0x90 build/inc/Utilities/STM32F429I-Discovery/stm32f429i_discovery_l3gd20.o
 .text.L3GD20_TIMEOUT_UserCallback
                0x0000000008007a84        0x8 build/inc/Utilities/STM32F429I-Discovery/stm32f429i_discovery_l3gd20.o
                0x0000000008007a84                L3GD20_TIMEOUT_UserCallback
 .text.LCD_DeInit
                0x0000000008007a8c      0x224 build/inc/Utilities/STM32F429I-Discovery/stm32f429i_discovery_lcd.o
                0x0000000008007a8c                LCD_DeInit
 .text.LCD_Init
                0x0000000008007cb0       0xb4 build/inc/Utilities/STM32F429I-Discovery/stm32f429i_discovery_lcd.o
                0x0000000008007cb0                LCD_Init
 .text.LCD_LayerInit
                0x0000000008007d64       0xb4 build/inc/Utilities/STM32F429I-Discovery/stm32f429i_discovery_lcd.o
                0x0000000008007d64                LCD_LayerInit
 .text.LCD_ChipSelect
                0x0000000008007e18       0x2c build/inc/Utilities/STM32F429I-Discovery/stm32f429i_discovery_lcd.o
                0x0000000008007e18                LCD_ChipSelect
 .text.LCD_SetLayer
                0x0000000008007e44       0x40 build/inc/Utilities/STM32F429I-Discovery/stm32f429i_discovery_lcd.o
                0x0000000008007e44                LCD_SetLayer
 .text.LCD_SetColors
                0x0000000008007e84       0x2c build/inc/Utilities/STM32F429I-Discovery/stm32f429i_discovery_lcd.o
                0x0000000008007e84                LCD_SetColors
 .text.LCD_GetColors
                0x0000000008007eb0       0x2c build/inc/Utilities/STM32F429I-Discovery/stm32f429i_discovery_lcd.o
                0x0000000008007eb0                LCD_GetColors
 .text.LCD_SetTextColor
                0x0000000008007edc       0x20 build/inc/Utilities/STM32F429I-Discovery/stm32f429i_discovery_lcd.o
                0x0000000008007edc                LCD_SetTextColor
 .text.LCD_SetBackColor
                0x0000000008007efc       0x20 build/inc/Utilities/STM32F429I-Discovery/stm32f429i_discovery_lcd.o
                0x0000000008007efc                LCD_SetBackColor
 .text.LCD_SetFont
                0x0000000008007f1c       0x1c build/inc/Utilities/STM32F429I-Discovery/stm32f429i_discovery_lcd.o
                0x0000000008007f1c                LCD_SetFont
 .text.LCD_SetTransparency
                0x0000000008007f38       0x40 build/inc/Utilities/STM32F429I-Discovery/stm32f429i_discovery_lcd.o
                0x0000000008007f38                LCD_SetTransparency
 .text.LCD_GetFont
                0x0000000008007f78       0x18 build/inc/Utilities/STM32F429I-Discovery/stm32f429i_discovery_lcd.o
                0x0000000008007f78                LCD_GetFont
 .text.LCD_ClearLine
                0x0000000008007f90       0x50 build/inc/Utilities/STM32F429I-Discovery/stm32f429i_discovery_lcd.o
                0x0000000008007f90                LCD_ClearLine
 .text.LCD_Clear
                0x0000000008007fe0       0x40 build/inc/Utilities/STM32F429I-Discovery/stm32f429i_discovery_lcd.o
                0x0000000008007fe0                LCD_Clear
 .text.LCD_SetCursor
                0x0000000008008020       0x38 build/inc/Utilities/STM32F429I-Discovery/stm32f429i_discovery_lcd.o
                0x0000000008008020                LCD_SetCursor
 .text.LCD_SetColorKeying
                0x0000000008008058       0x68 build/inc/Utilities/STM32F429I-Discovery/stm32f429i_discovery_lcd.o
                0x0000000008008058                LCD_SetColorKeying
 .text.LCD_ReSetColorKeying
                0x00000000080080c0       0x48 build/inc/Utilities/STM32F429I-Discovery/stm32f429i_discovery_lcd.o
                0x00000000080080c0                LCD_ReSetColorKeying
 .text.LCD_DrawChar
                0x0000000008008108      0x120 build/inc/Utilities/STM32F429I-Discovery/stm32f429i_discovery_lcd.o
                0x0000000008008108                LCD_DrawChar
 .text.LCD_DisplayChar
                0x0000000008008228       0x48 build/inc/Utilities/STM32F429I-Discovery/stm32f429i_discovery_lcd.o
                0x0000000008008228                LCD_DisplayChar
 .text.LCD_DisplayStringLine
                0x0000000008008270       0x78 build/inc/Utilities/STM32F429I-Discovery/stm32f429i_discovery_lcd.o
                0x0000000008008270                LCD_DisplayStringLine
 .text.LCD_SetDisplayWindow
                0x00000000080082e8       0x7c build/inc/Utilities/STM32F429I-Discovery/stm32f429i_discovery_lcd.o
                0x00000000080082e8                LCD_SetDisplayWindow
 .text.LCD_WindowModeDisable
                0x0000000008008364       0x14 build/inc/Utilities/STM32F429I-Discovery/stm32f429i_discovery_lcd.o
                0x0000000008008364                LCD_WindowModeDisable
 .text.LCD_DrawLine
                0x0000000008008378       0xc8 build/inc/Utilities/STM32F429I-Discovery/stm32f429i_discovery_lcd.o
                0x0000000008008378                LCD_DrawLine
 .text.LCD_DrawRect
                0x0000000008008440       0x68 build/inc/Utilities/STM32F429I-Discovery/stm32f429i_discovery_lcd.o
                0x0000000008008440                LCD_DrawRect
 .text.LCD_DrawCircle
                0x00000000080084a8      0x128 build/inc/Utilities/STM32F429I-Discovery/stm32f429i_discovery_lcd.o
                0x00000000080084a8                LCD_DrawCircle
 .text.LCD_DrawFullEllipse
                0x00000000080085d0      0x2bc build/inc/Utilities/STM32F429I-Discovery/stm32f429i_discovery_lcd.o
                0x00000000080085d0                LCD_DrawFullEllipse
 .text.LCD_DrawEllipse
                0x000000000800888c      0x350 build/inc/Utilities/STM32F429I-Discovery/stm32f429i_discovery_lcd.o
                0x000000000800888c                LCD_DrawEllipse
 .text.LCD_DrawMonoPict
                0x0000000008008bdc       0x7c build/inc/Utilities/STM32F429I-Discovery/stm32f429i_discovery_lcd.o
                0x0000000008008bdc                LCD_DrawMonoPict
 .text.LCD_WriteBMP
                0x0000000008008c58      0x1dc build/inc/Utilities/STM32F429I-Discovery/stm32f429i_discovery_lcd.o
                0x0000000008008c58                LCD_WriteBMP
 .text.LCD_DrawFullRect
                0x0000000008008e34       0xc0 build/inc/Utilities/STM32F429I-Discovery/stm32f429i_discovery_lcd.o
                0x0000000008008e34                LCD_DrawFullRect
 .text.LCD_DrawFullCircle
                0x0000000008008ef4      0x120 build/inc/Utilities/STM32F429I-Discovery/stm32f429i_discovery_lcd.o
                0x0000000008008ef4                LCD_DrawFullCircle
 .text.LCD_DrawUniLine
                0x0000000008009014      0x168 build/inc/Utilities/STM32F429I-Discovery/stm32f429i_discovery_lcd.o
                0x0000000008009014                LCD_DrawUniLine
 .text.LCD_Triangle
                0x000000000800917c       0x78 build/inc/Utilities/STM32F429I-Discovery/stm32f429i_discovery_lcd.o
                0x000000000800917c                LCD_Triangle
 .text.LCD_FillTriangle